<html>
<body>
<pre>
<h1>µVision Build Log</h1>
<h2>Tool Versions:</h2>
IDE-Version: ¦ÌVision V5.34.0.0
Copyright (C) 2021 ARM Ltd and ARM Germany GmbH. All rights reserved.
License Information: 1 1, 1, LIC=CZLZX-HZKUD-IIU5V-PL5MR-N70G4-V1RSK
 
Tool Versions:
Toolchain:       MDK-ARM Plus  Version: 5.34.0.0
Toolchain Path:  C:\Keil_v5\ARM\ARMCC\Bin
C Compiler:      Armcc.exe V5.06 update 7 (build 960)
Assembler:       Armasm.exe V5.06 update 7 (build 960)
Linker/Locator:  ArmLink.exe V5.06 update 7 (build 960)
Library Manager: ArmAr.exe V5.06 update 7 (build 960)
Hex Converter:   FromElf.exe V5.06 update 7 (build 960)
CPU DLL:         SARMCM3.DLL V5.34.0.0
Dialog DLL:      DCM.DLL V1.17.3.0
Target DLL:      CMSIS_AGDI.dll V1.32.13.0
Dialog DLL:      TCM.DLL V1.48.0.0
 
<h2>Project:</h2>
D:\cvf24\MDK-ARM\standard_robot.uvprojx
Project File Date:  07/06/2024

<h2>Output:</h2>
*** Using Compiler 'V5.06 update 7 (build 960)', folder: 'C:\Keil_v5\ARM\ARMCC\Bin'
Build target 'standard_robot'
compiling user_lib.c...
compiling gimbal_behaviour.c...
compiling chassis_behaviour.c...
compiling AHRS_middleware.c...
compiling vt_math.c...
compiling control.c...
compiling chassis_power_control.c...
compiling chassis_task.c...
..\application\chassis_task.c(195): warning:  #1035-D: single-precision operand implicitly converted to double-precision
  	if(*input > 500.0){
..\application\chassis_task.c(266): warning:  #1035-D: single-precision operand implicitly converted to double-precision
  	if(sum > 2000.0){
..\application\chassis_task.c(300): warning:  #1035-D: single-precision operand implicitly converted to double-precision
  	if(sum > 2000.0){
..\application\chassis_task.c(334): warning:  #1035-D: single-precision operand implicitly converted to double-precision
  	if(sum > 2000.0){
..\application\chassis_task.c(606): warning:  #1-D: last line of file ends without a newline
  }
..\application\chassis_task.c(61): warning:  #177-D: function "chassis_init"  was declared but never referenced
  static void chassis_init(chassis_move_t *chassis_move_init);
..\application\chassis_task.c(74): warning:  #177-D: function "chassis_set_mode"  was declared but never referenced
  static void chassis_set_mode(chassis_move_t *chassis_move_mode);
..\application\chassis_task.c(97): warning:  #177-D: function "chassis_feedback_update"  was declared but never referenced
  static void chassis_feedback_update(chassis_move_t *chassis_move_update);
..\application\chassis_task.c(109): warning:  #177-D: function "chassis_set_contorl"  was declared but never referenced
  static void chassis_set_contorl(chassis_move_t *chassis_move_control);
..\application\chassis_task.c(121): warning:  #177-D: function "chassis_control_loop"  was declared but never referenced
  static void chassis_control_loop(chassis_move_t *chassis_move_control_loop);
..\application\chassis_task.c: 10 warnings, 0 errors
compiling shoot.c...
compiling gimbal_task.c...
..\application\gimbal_task.c(584): warning:  #177-D: function "gimbal_init"  was declared but never referenced
  static void gimbal_init(gimbal_control_t *init)
..\application\gimbal_task.c(636): warning:  #177-D: function "gimbal_set_mode"  was declared but never referenced
  static void gimbal_set_mode(gimbal_control_t *set_mode)
..\application\gimbal_task.c(725): warning:  #177-D: function "gimbal_mode_change_control_transit"  was declared but never referenced
  static void gimbal_mode_change_control_transit(gimbal_control_t *gimbal_mode_change)
..\application\gimbal_task.c(772): warning:  #177-D: function "gimbal_set_control"  was declared but never referenced
  static void gimbal_set_control(gimbal_control_t *set_control)
..\application\gimbal_task.c(900): warning:  #177-D: function "gimbal_control_loop"  was declared but never referenced
  static void gimbal_control_loop(gimbal_control_t *control_loop)
..\application\gimbal_task.c(303): warning:  #177-D: variable "yaw_can_set_current"  was declared but never referenced
  static int16_t yaw_can_set_current = 0, pitch_can_set_current = 0, shoot_can_set_current = 0;
..\application\gimbal_task.c(303): warning:  #177-D: variable "pitch_can_set_current"  was declared but never referenced
  static int16_t yaw_can_set_current = 0, pitch_can_set_current = 0, shoot_can_set_current = 0;
..\application\gimbal_task.c(303): warning:  #177-D: variable "shoot_can_set_current"  was declared but never referenced
  static int16_t yaw_can_set_current = 0, pitch_can_set_current = 0, shoot_can_set_current = 0;
..\application\gimbal_task.c: 8 warnings, 0 errors
linking...
Program Size: Code=99696 RO-data=12940 RW-data=1640 ZI-data=58624  
FromELF: creating hex file...
"standard_tpye_c\standard_tpye_c.axf" - 0 Error(s), 18 Warning(s).

<h2>Software Packages used:</h2>

Package Vendor: ARM
                http://www.keil.com/pack/ARM.CMSIS.5.9.0.pack
                ARM.CMSIS.5.9.0
                CMSIS (Common Microcontroller Software Interface Standard)
   * Component: CORE Version: 5.6.0

Package Vendor: Keil
                http://www.keil.com/pack/Keil.STM32F4xx_DFP.2.11.0.pack
                Keil.STM32F4xx_DFP.2.11.0
                STMicroelectronics STM32F4 Series Device Support, Drivers and Examples

<h2>Collection of Component include folders:</h2>
  .\RTE\_standard_robot
  C:\Keil_v5\ARM\PACK\ARM\CMSIS\5.9.0\CMSIS\Core\Include
  C:\Keil_v5\ARM\PACK\Keil\STM32F4xx_DFP\2.11.0\Drivers\CMSIS\Device\ST\STM32F4xx\Include

<h2>Collection of Component Files used:</h2>

   * Component: ARM::CMSIS:CORE:5.6.0
Build Time Elapsed:  00:00:13
</pre>
</body>
</html>
