Component: ARM Compiler 5.06 update 4 (build 422) Tool: armlink [4d35d2]

==============================================================================

Section Cross References

    startup_stm32f407xx.o(STACK) refers (Special) to heapauxi.o(.text) for __use_two_region_memory
    startup_stm32f407xx.o(HEAP) refers (Special) to heapauxi.o(.text) for __use_two_region_memory
    startup_stm32f407xx.o(RESET) refers (Special) to heapauxi.o(.text) for __use_two_region_memory
    startup_stm32f407xx.o(RESET) refers to startup_stm32f407xx.o(STACK) for __initial_sp
    startup_stm32f407xx.o(RESET) refers to startup_stm32f407xx.o(.text) for Reset_Handler
    startup_stm32f407xx.o(RESET) refers to stm32f4xx_it.o(i.NMI_Handler) for NMI_Handler
    startup_stm32f407xx.o(RESET) refers to stm32f4xx_it.o(i.HardFault_Handler) for HardFault_Handler
    startup_stm32f407xx.o(RESET) refers to stm32f4xx_it.o(i.MemManage_Handler) for MemManage_Handler
    startup_stm32f407xx.o(RESET) refers to stm32f4xx_it.o(i.BusFault_Handler) for BusFault_Handler
    startup_stm32f407xx.o(RESET) refers to stm32f4xx_it.o(i.UsageFault_Handler) for UsageFault_Handler
    startup_stm32f407xx.o(RESET) refers to port.o(.emb_text) for SVC_Handler
    startup_stm32f407xx.o(RESET) refers to stm32f4xx_it.o(i.DebugMon_Handler) for DebugMon_Handler
    startup_stm32f407xx.o(RESET) refers to stm32f4xx_it.o(i.SysTick_Handler) for SysTick_Handler
    startup_stm32f407xx.o(RESET) refers to stm32f4xx_it.o(i.EXTI0_IRQHandler) for EXTI0_IRQHandler
    startup_stm32f407xx.o(RESET) refers to stm32f4xx_it.o(i.EXTI3_IRQHandler) for EXTI3_IRQHandler
    startup_stm32f407xx.o(RESET) refers to stm32f4xx_it.o(i.EXTI4_IRQHandler) for EXTI4_IRQHandler
    startup_stm32f407xx.o(RESET) refers to stm32f4xx_it.o(i.DMA1_Stream0_IRQHandler) for DMA1_Stream0_IRQHandler
    startup_stm32f407xx.o(RESET) refers to stm32f4xx_it.o(i.DMA1_Stream2_IRQHandler) for DMA1_Stream2_IRQHandler
    startup_stm32f407xx.o(RESET) refers to stm32f4xx_it.o(i.EXTI9_5_IRQHandler) for EXTI9_5_IRQHandler
    startup_stm32f407xx.o(RESET) refers to stm32f4xx_it.o(i.I2C1_EV_IRQHandler) for I2C1_EV_IRQHandler
    startup_stm32f407xx.o(RESET) refers to stm32f4xx_it.o(i.I2C1_ER_IRQHandler) for I2C1_ER_IRQHandler
    startup_stm32f407xx.o(RESET) refers to stm32f4xx_it.o(i.I2C2_EV_IRQHandler) for I2C2_EV_IRQHandler
    startup_stm32f407xx.o(RESET) refers to stm32f4xx_it.o(i.I2C2_ER_IRQHandler) for I2C2_ER_IRQHandler
    startup_stm32f407xx.o(RESET) refers to remote_control.o(i.USART3_IRQHandler) for USART3_IRQHandler
    startup_stm32f407xx.o(RESET) refers to bsp_i2c.o(i.DMA1_Stream7_IRQHandler) for DMA1_Stream7_IRQHandler
    startup_stm32f407xx.o(RESET) refers to stm32f4xx_it.o(i.DMA2_Stream1_IRQHandler) for DMA2_Stream1_IRQHandler
    startup_stm32f407xx.o(RESET) refers to ins_task.o(i.DMA2_Stream2_IRQHandler) for DMA2_Stream2_IRQHandler
    startup_stm32f407xx.o(RESET) refers to stm32f4xx_it.o(i.OTG_FS_IRQHandler) for OTG_FS_IRQHandler
    startup_stm32f407xx.o(RESET) refers to stm32f4xx_it.o(i.DMA2_Stream6_IRQHandler) for DMA2_Stream6_IRQHandler
    startup_stm32f407xx.o(RESET) refers to stm32f4xx_it.o(i.DMA2_Stream7_IRQHandler) for DMA2_Stream7_IRQHandler
    startup_stm32f407xx.o(RESET) refers to referee_usart_task.o(i.USART6_IRQHandler) for USART6_IRQHandler
    startup_stm32f407xx.o(RESET) refers to stm32f4xx_it.o(i.I2C3_EV_IRQHandler) for I2C3_EV_IRQHandler
    startup_stm32f407xx.o(RESET) refers to stm32f4xx_it.o(i.I2C3_ER_IRQHandler) for I2C3_ER_IRQHandler
    startup_stm32f407xx.o(.text) refers (Special) to heapauxi.o(.text) for __use_two_region_memory
    startup_stm32f407xx.o(.text) refers to system_stm32f4xx.o(i.SystemInit) for SystemInit
    startup_stm32f407xx.o(.text) refers to __main.o(!!!main) for __main
    startup_stm32f407xx.o(.text) refers to startup_stm32f407xx.o(HEAP) for Heap_Mem
    startup_stm32f407xx.o(.text) refers to startup_stm32f407xx.o(STACK) for Stack_Mem
    main.o(i.SystemClock_Config) refers to rt_memclr_w.o(.text) for __aeabi_memclr4
    main.o(i.SystemClock_Config) refers to stm32f4xx_hal_rcc.o(i.HAL_RCC_OscConfig) for HAL_RCC_OscConfig
    main.o(i.SystemClock_Config) refers to main.o(i.Error_Handler) for Error_Handler
    main.o(i.SystemClock_Config) refers to stm32f4xx_hal_rcc.o(i.HAL_RCC_ClockConfig) for HAL_RCC_ClockConfig
    main.o(i.main) refers to stm32f4xx_hal.o(i.HAL_Init) for HAL_Init
    main.o(i.main) refers to main.o(i.SystemClock_Config) for SystemClock_Config
    main.o(i.main) refers to gpio.o(i.MX_GPIO_Init) for MX_GPIO_Init
    main.o(i.main) refers to dma.o(i.MX_DMA_Init) for MX_DMA_Init
    main.o(i.main) refers to adc.o(i.MX_ADC1_Init) for MX_ADC1_Init
    main.o(i.main) refers to adc.o(i.MX_ADC3_Init) for MX_ADC3_Init
    main.o(i.main) refers to spi.o(i.MX_SPI1_Init) for MX_SPI1_Init
    main.o(i.main) refers to tim.o(i.MX_TIM4_Init) for MX_TIM4_Init
    main.o(i.main) refers to tim.o(i.MX_TIM5_Init) for MX_TIM5_Init
[...]
    0x08000940   0x00000010   Code   RO        12484    .text               c_w.l(aeabi_memset.o)
    0x08000950   0x00000044   Code   RO        12486    .text               c_w.l(rt_memclr.o)
    0x08000994   0x0000004e   Code   RO        12488    .text               c_w.l(rt_memclr_w.o)
    0x080009e2   0x00000006   Code   RO        12490    .text               c_w.l(heapauxi.o)
    0x080009e8   0x00000016   Code   RO        12656    .text               c_w.l(_rserrno.o)
    0x080009fe   0x0000004e   Code   RO        12658    .text               c_w.l(_printf_pad.o)
    0x08000a4c   0x00000024   Code   RO        12660    .text               c_w.l(_printf_truncate.o)
    0x08000a70   0x00000052   Code   RO        12662    .text               c_w.l(_printf_str.o)
    0x08000ac2   0x000000b2   Code   RO        12664    .text               c_w.l(_printf_intcommon.o)
    0x08000b74   0x00000028   Code   RO        12666    .text               c_w.l(_printf_charcount.o)
    0x08000b9c   0x00000030   Code   RO        12668    .text               c_w.l(_printf_char_common.o)
    0x08000bcc   0x0000000a   Code   RO        12670    .text               c_w.l(_sputc.o)
    0x08000bd6   0x00000002   PAD
    0x08000bd8   0x000000bc   Code   RO        12674    .text               c_w.l(_printf_wctomb.o)
    0x08000c94   0x0000007c   Code   RO        12677    .text               c_w.l(_printf_longlong_dec.o)
    0x08000d10   0x00000070   Code   RO        12683    .text               c_w.l(_printf_oct_int_ll.o)
    0x08000d80   0x00000094   Code   RO        12703    .text               c_w.l(_printf_hex_int_ll_ptr.o)
    0x08000e14   0x00000008   Code   RO        12861    .text               c_w.l(libspace.o)
    0x08000e1c   0x00000008   Code   RO        12884    .text               c_w.l(rt_errno_addr_intlibspace.o)
    0x08000e24   0x0000008a   Code   RO        12894    .text               c_w.l(lludiv10.o)
    0x08000eae   0x00000002   PAD
    0x08000eb0   0x00000030   Code   RO        12896    .text               c_w.l(_fptrap.o)
    0x08000ee0   0x0000041a   Code   RO        12898    .text               c_w.l(_printf_fp_dec.o)
    0x080012fa   0x00000002   PAD
    0x080012fc   0x000002fc   Code   RO        12900    .text               c_w.l(_printf_fp_hex.o)
    0x080015f8   0x0000002c   Code   RO        12905    .text               c_w.l(_printf_char.o)
    0x08001624   0x0000002c   Code   RO        12907    .text               c_w.l(_printf_wchar.o)
    0x08001650   0x00000040   Code   RO        12923    .text               c_w.l(_wcrtomb.o)
    0x08001690   0x00000002   Code   RO        12945    .text               c_w.l(use_no_semi.o)
    0x08001692   0x00000000   Code   RO        12947    .text               c_w.l(indicate_semi.o)
    0x08001692   0x0000004a   Code   RO        12948    .text               c_w.l(sys_stackheap_outer.o)
    0x080016dc   0x00000010   Code   RO        12950    .text               c_w.l(rt_ctype_table.o)
    0x080016ec   0x00000008   Code   RO        12957    .text               c_w.l(rt_locale_intlibspace.o)
    0x080016f4   0x00000080   Code   RO        12961    .text               c_w.l(_printf_fp_infnan.o)
    0x08001774   0x000000dc   Code   RO        12963    .text               c_w.l(bigflt0.o)
    0x08001850   0x00000012   Code   RO        13004    .text               c_w.l(exit.o)
    0x08001862   0x0000000a   Code   RO        13006    .text               c_w.l(defsig_exit.o)
    0x0800186c   0x0000000e   Code   RO        13008    .text               c_w.l(defsig_fpe_outer.o)
    0x0800187a   0x00000002   PAD
    0x0800187c   0x0000000c   Code   RO        13048    .text               c_w.l(sys_exit.o)
    0x08001888   0x00000032   Code   RO        13071    .text               c_w.l(defsig_general.o)
    0x080018ba   0x00000002   PAD
    0x080018bc   0x000000ac   Code   RO        13073    .text               c_w.l(defsig_fpe_inner.o)
    0x08001968   0x00000080   Code   RO        13079    .text               c_w.l(strcmpv7m.o)
    0x080019e8   0x0000000e   Code   RO        13081    .text               c_w.l(sys_wrch.o)
    0x080019f6   0x0000003e   Code   RO        12966    CL$$btod_d2e        c_w.l(btod.o)
    0x08001a34   0x00000046   Code   RO        12968    CL$$btod_d2e_denorm_low  c_w.l(btod.o)
    0x08001a7a   0x00000060   Code   RO        12967    CL$$btod_d2e_norm_op1  c_w.l(btod.o)
    0x08001ada   0x00000338   Code   RO        12976    CL$$btod_div_common  c_w.l(btod.o)
    0x08001e12   0x000000c6   Code   RO        12973    CL$$btod_e2e        c_w.l(btod.o)
    0x08001ed8   0x00000028   Code   RO        12970    CL$$btod_ediv       c_w.l(btod.o)
    0x08001f00   0x00000028   Code   RO        12969    CL$$btod_emul       c_w.l(btod.o)
    0x08001f28   0x00000244   Code   RO        12975    CL$$btod_mult_common  c_w.l(btod.o)
    0x0800216c   0x00000130   Code   RO         6951    i.ADC_Init          stm32f4xx_hal_adc.o
    0x0800229c   0x00000258   Code   RO         4898    i.ADRC_P            control.o
    0x080024f4   0x00000254   Code   RO         4899    i.ADRC_R            control.o
    0x08002748   0x0000023c   Code   RO         4900    i.ADRC_Y            control.o
    0x08002984   0x00000018   Code   RO         4238    i.AHRS_asinf        ahrs_middleware.o
    0x0800299c   0x00000020   Code   RO         4239    i.AHRS_atan2f       ahrs_middleware.o
    0x080029bc   0x00000018   Code   RO         4240    i.AHRS_cosf         ahrs_middleware.o
    0x080029d4   0x0000001a   Code   RO        12132    i.AHRS_fabs         AHRS.lib(ahrs.o)
    0x080029ee   0x00000002   PAD
    0x080029f0   0x00000010   Code   RO         4241    i.AHRS_get_height   ahrs_middleware.o
    0x08002a00   0x0000000c   Code   RO         4242    i.AHRS_get_latitude  ahrs_middleware.o
    0x08002a0c   0x0000029c   Code   RO        12133    i.AHRS_init         AHRS.lib(ahrs.o)
    0x08002ca8   0x00000024   Code   RO         4243    i.AHRS_invSqrt      ahrs_middleware.o
    0x08002ccc   0x00000018   Code   RO         4244    i.AHRS_sinf         ahrs_middleware.o
    0x08002ce4   0x0000013a   Code   RO        12134    i.AHRS_update       AHRS.lib(ahrs.o)
    0x08002e1e   0x00000002   PAD
    0x08002e20   0x00000014   Code   RO         3901    i.BMI088_ACCEL_NS_H  bmi088middleware.o
    0x08002e34   0x00000014   Code   RO         3902    i.BMI088_ACCEL_NS_L  bmi088middleware.o
    0x08002e48   0x00000002   Code   RO         3903    i.BMI088_GPIO_init  bmi088middleware.o
    0x08002e4a   0x00000002   PAD
    0x08002e4c   0x00000014   Code   RO         3904    i.BMI088_GYRO_NS_H  bmi088middleware.o
    0x08002e60   0x00000014   Code   RO         3905    i.BMI088_GYRO_NS_L  bmi088middleware.o
    0x08002e74   0x00000090   Code   RO         3765    i.BMI088_accel_read_over  bmi088driver.o
    0x08002f04   0x00000002   Code   RO         3906    i.BMI088_com_init   bmi088middleware.o
    0x08002f06   0x0000000c   Code   RO         3907    i.BMI088_delay_ms   bmi088middleware.o
    0x08002f12   0x0000000c   Code   RO         3908    i.BMI088_delay_us   bmi088middleware.o
    0x08002f1e   0x00000002   PAD
    0x08002f20   0x00000068   Code   RO         3766    i.BMI088_gyro_read_over  bmi088driver.o
    0x08002f88   0x00000034   Code   RO         3767    i.BMI088_init       bmi088driver.o
    0x08002fbc   0x0000017c   Code   RO         3768    i.BMI088_read       bmi088driver.o
    0x08003138   0x00000026   Code   RO         3771    i.BMI088_read_muli_reg  bmi088driver.o
    0x0800315e   0x00000018   Code   RO         3772    i.BMI088_read_single_reg  bmi088driver.o
    0x08003176   0x00000002   PAD
    0x08003178   0x00000020   Code   RO         3909    i.BMI088_read_write_byte  bmi088middleware.o
    0x08003198   0x00000034   Code   RO         3773    i.BMI088_temperature_read_over  bmi088driver.o
    0x080031cc   0x00000014   Code   RO         3774    i.BMI088_write_single_reg  bmi088driver.o
    0x080031e0   0x00000004   Code   RO         1308    i.BusFault_Handler  stm32f4xx_it.o
    0x080031e4   0x00000044   Code   RO         1251    i.CDC_Control_FS    usbd_cdc_if.o
    0x08003228   0x00000004   Code   RO         1252    i.CDC_DeInit_FS     usbd_cdc_if.o
    0x0800322c   0x00000024   Code   RO         1253    i.CDC_Init_FS       usbd_cdc_if.o
    0x08003250   0x0000001c   Code   RO         1254    i.CDC_Receive_FS    usbd_cdc_if.o
    0x0800326c   0x0000000c   Code   RO         1255    i.CDC_TransmitCplt_FS  usbd_cdc_if.o
    0x08003278   0x00000010   Code   RO         1309    i.DMA1_Stream0_IRQHandler  stm32f4xx_it.o
    0x08003288   0x00000010   Code   RO         1310    i.DMA1_Stream2_IRQHandler  stm32f4xx_it.o
    0x08003298   0x0000007c   Code   RO         1952    i.DMA1_Stream7_IRQHandler  bsp_i2c.o
    0x08003314   0x00000010   Code   RO         1311    i.DMA2_Stream1_IRQHandler  stm32f4xx_it.o
    0x08003324   0x00000898   Code   RO         2995    i.DMA2_Stream2_IRQHandler  ins_task.o
    0x08003bbc   0x00000010   Code   RO         1312    i.DMA2_Stream6_IRQHandler  stm32f4xx_it.o
    0x08003bcc   0x00000010   Code   RO         1313    i.DMA2_Stream7_IRQHandler  stm32f4xx_it.o
    0x08003bdc   0x00000034   Code   RO         6280    i.DMA_CalcBaseAndBitshift  stm32f4xx_hal_dma.o
    0x08003c10   0x0000007e   Code   RO         6281    i.DMA_CheckFifoParam  stm32f4xx_hal_dma.o
    0x08003c8e   0x00000002   Code   RO         1314    i.DebugMon_Handler  stm32f4xx_it.o
    0x08003c90   0x0000000a   Code   RO         1315    i.EXTI0_IRQHandler  stm32f4xx_it.o
    0x08003c9a   0x0000000a   Code   RO         1316    i.EXTI3_IRQHandler  stm32f4xx_it.o
    0x08003ca4   0x0000000a   Code   RO         1317    i.EXTI4_IRQHandler  stm32f4xx_it.o
    0x08003cae   0x0000000a   Code   RO         1318    i.EXTI9_5_IRQHandler  stm32f4xx_it.o
    0x08003cb8   0x000001ec   Code   RO         5031    i.E_to_V            vt_math.o
    0x08003ea4   0x00000002   Code   RO           13    i.Error_Handler     main.o
    0x08003ea6   0x00000002   PAD
    0x08003ea8   0x00000050   Code   RO         6050    i.FLASH_Erase_Sector  stm32f4xx_hal_flash_ex.o
    0x08003ef8   0x00000058   Code   RO         6051    i.FLASH_FlushCaches  stm32f4xx_hal_flash_ex.o
    0x08003f50   0x00000028   Code   RO         6052    i.FLASH_MassErase   stm32f4xx_hal_flash_ex.o
    0x08003f78   0x00000020   Code   RO         5932    i.FLASH_Program_Byte  stm32f4xx_hal_flash.o
    0x08003f98   0x00000034   Code   RO         5933    i.FLASH_Program_DoubleWord  stm32f4xx_hal_flash.o
    0x08003fcc   0x00000024   Code   RO         5934    i.FLASH_Program_HalfWord  stm32f4xx_hal_flash.o
    0x08003ff0   0x00000024   Code   RO         5935    i.FLASH_Program_Word  stm32f4xx_hal_flash.o
    0x08004014   0x00000074   Code   RO         5936    i.FLASH_SetErrorCode  stm32f4xx_hal_flash.o
    0x08004088   0x00000060   Code   RO         5937    i.FLASH_WaitForLastOperation  stm32f4xx_hal_flash.o
    0x080040e8   0x00000034   Code   RO         1161    i.Get_SerialNum     usbd_desc.o
    0x0800411c   0x00000174   Code   RO         6953    i.HAL_ADC_ConfigChannel  stm32f4xx_hal_adc.o
    0x08004290   0x00000006   Code   RO         6960    i.HAL_ADC_GetValue  stm32f4xx_hal_adc.o
    0x08004296   0x00000056   Code   RO         6962    i.HAL_ADC_Init      stm32f4xx_hal_adc.o
    0x080042ec   0x000000ac   Code   RO          432    i.HAL_ADC_MspInit   adc.o
    0x08004398   0x000000c6   Code   RO         6966    i.HAL_ADC_PollForConversion  stm32f4xx_hal_adc.o
    0x0800445e   0x00000002   PAD
    0x08004460   0x00000128   Code   RO         6968    i.HAL_ADC_Start     stm32f4xx_hal_adc.o
    0x08004588   0x00000024   Code   RO         7227    i.HAL_CAN_ActivateNotification  stm32f4xx_hal_can.o
    0x080045ac   0x00000128   Code   RO         7229    i.HAL_CAN_ConfigFilter  stm32f4xx_hal_can.o
    0x080046d4   0x00000168   Code   RO         7240    i.HAL_CAN_Init      stm32f4xx_hal_can.o
    0x0800483c   0x00000140   Code   RO          480    i.HAL_CAN_MspInit   can.o
    0x0800497c   0x00000064   Code   RO         7252    i.HAL_CAN_Start     stm32f4xx_hal_can.o
    0x080049e0   0x00000024   Code   RO         7464    i.HAL_CRC_Init      stm32f4xx_hal_crc.o
    0x08004a04   0x00000034   Code   RO          529    i.HAL_CRC_MspInit   crc.o
    0x08004a38   0x00000024   Code   RO         6284    i.HAL_DMA_Abort_IT  stm32f4xx_hal_dma.o
    0x08004a5c   0x00000006   Code   RO         6287    i.HAL_DMA_GetState  stm32f4xx_hal_dma.o
    0x08004a62   0x00000002   PAD
    0x08004a64   0x000001ec   Code   RO         6288    i.HAL_DMA_IRQHandler  stm32f4xx_hal_dma.o
    0x08004c50   0x000000ec   Code   RO         6289    i.HAL_DMA_Init      stm32f4xx_hal_dma.o
    0x08004d3c   0x00000028   Code   RO         6697    i.HAL_Delay         stm32f4xx_hal.o
    0x08004d64   0x000000ac   Code   RO         6062    i.HAL_FLASHEx_Erase  stm32f4xx_hal_flash_ex.o
    0x08004e10   0x00000014   Code   RO         5941    i.HAL_FLASH_Lock    stm32f4xx_hal_flash.o
    0x08004e24   0x00000080   Code   RO         5946    i.HAL_FLASH_Program  stm32f4xx_hal_flash.o
    0x08004ea4   0x00000034   Code   RO         5948    i.HAL_FLASH_Unlock  stm32f4xx_hal_flash.o
    0x08004ed8   0x000000b8   Code   RO         2996    i.HAL_GPIO_EXTI_Callback  ins_task.o
    0x08004f90   0x00000018   Code   RO         6175    i.HAL_GPIO_EXTI_IRQHandler  stm32f4xx_hal_gpio.o
    0x08004fa8   0x0000022c   Code   RO         6176    i.HAL_GPIO_Init     stm32f4xx_hal_gpio.o
    0x080051d4   0x0000000e   Code   RO         6180    i.HAL_GPIO_WritePin  stm32f4xx_hal_gpio.o
    0x080051e2   0x00000002   PAD
    0x080051e4   0x0000000c   Code   RO         6703    i.HAL_GetTick       stm32f4xx_hal.o
    0x080051f0   0x00000002   Code   RO         7520    i.HAL_I2C_AbortCpltCallback  stm32f4xx_hal_i2c.o
    0x080051f2   0x00000002   Code   RO         7521    i.HAL_I2C_AddrCallback  stm32f4xx_hal_i2c.o
    0x080051f4   0x000000c0   Code   RO         7524    i.HAL_I2C_ER_IRQHandler  stm32f4xx_hal_i2c.o
    0x080052b4   0x000001d0   Code   RO         7525    i.HAL_I2C_EV_IRQHandler  stm32f4xx_hal_i2c.o
    0x08005484   0x00000002   Code   RO         7527    i.HAL_I2C_ErrorCallback  stm32f4xx_hal_i2c.o
    0x08005486   0x00000002   PAD
    0x08005488   0x000001ac   Code   RO         7531    i.HAL_I2C_Init      stm32f4xx_hal_i2c.o
    0x08005634   0x00000002   Code   RO         7533    i.HAL_I2C_ListenCpltCallback  stm32f4xx_hal_i2c.o
    0x08005636   0x00000002   Code   RO         7534    i.HAL_I2C_MasterRxCpltCallback  stm32f4xx_hal_i2c.o
    0x08005638   0x00000002   Code   RO         7535    i.HAL_I2C_MasterTxCpltCallback  stm32f4xx_hal_i2c.o
    0x0800563a   0x00000002   PAD
    0x0800563c   0x00000108   Code   RO         7539    i.HAL_I2C_Master_Receive_IT  stm32f4xx_hal_i2c.o
    0x08005744   0x00000160   Code   RO         7544    i.HAL_I2C_Master_Transmit  stm32f4xx_hal_i2c.o
    0x080058a4   0x00000002   Code   RO         7547    i.HAL_I2C_MemRxCpltCallback  stm32f4xx_hal_i2c.o
    0x080058a6   0x00000002   Code   RO         7548    i.HAL_I2C_MemTxCpltCallback  stm32f4xx_hal_i2c.o
    0x080058a8   0x000002c0   Code   RO         7549    i.HAL_I2C_Mem_Read  stm32f4xx_hal_i2c.o
    0x08005b68   0x00000174   Code   RO         7552    i.HAL_I2C_Mem_Write  stm32f4xx_hal_i2c.o
    0x08005cdc   0x000002c4   Code   RO          595    i.HAL_I2C_MspInit   i2c.o
    0x08005fa0   0x00000002   Code   RO         7557    i.HAL_I2C_SlaveRxCpltCallback  stm32f4xx_hal_i2c.o
    0x08005fa2   0x00000002   Code   RO         7558    i.HAL_I2C_SlaveTxCpltCallback  stm32f4xx_hal_i2c.o
    0x08005fa4   0x00000010   Code   RO         6709    i.HAL_IncTick       stm32f4xx_hal.o
    0x08005fb4   0x00000034   Code   RO         6710    i.HAL_Init          stm32f4xx_hal.o
    0x08005fe8   0x00000044   Code   RO         6711    i.HAL_InitTick      stm32f4xx_hal.o
    0x0800602c   0x00000054   Code   RO         1468    i.HAL_MspInit       stm32f4xx_hal_msp.o
    0x08006080   0x0000001c   Code   RO         6565    i.HAL_NVIC_EnableIRQ  stm32f4xx_hal_cortex.o
    0x0800609c   0x00000068   Code   RO         6571    i.HAL_NVIC_SetPriority  stm32f4xx_hal_cortex.o
    0x08006104   0x00000024   Code   RO         6572    i.HAL_NVIC_SetPriorityGrouping  stm32f4xx_hal_cortex.o
    0x08006128   0x00000002   Code   RO         5424    i.HAL_PCDEx_LPM_Callback  stm32f4xx_hal_pcd_ex.o
    0x0800612a   0x00000008   Code   RO         5425    i.HAL_PCDEx_SetRxFiFo  stm32f4xx_hal_pcd_ex.o
    0x08006132   0x0000004a   Code   RO         5426    i.HAL_PCDEx_SetTxFiFo  stm32f4xx_hal_pcd_ex.o
    0x0800617c   0x0000000e   Code   RO          954    i.HAL_PCD_ConnectCallback  usbd_conf.o
    0x0800618a   0x00000020   Code   RO          955    i.HAL_PCD_DataInStageCallback  usbd_conf.o
    0x080061aa   0x00000020   Code   RO          956    i.HAL_PCD_DataOutStageCallback  usbd_conf.o
    0x080061ca   0x0000000e   Code   RO          957    i.HAL_PCD_DisconnectCallback  usbd_conf.o
    0x080061d8   0x00000020   Code   RO         5189    i.HAL_PCD_EP_Abort  stm32f4xx_hal_pcd.o
    0x080061f8   0x0000004a   Code   RO         5190    i.HAL_PCD_EP_Close  stm32f4xx_hal_pcd.o
    0x08006242   0x0000005c   Code   RO         5191    i.HAL_PCD_EP_ClrStall  stm32f4xx_hal_pcd.o
    0x0800629e   0x00000012   Code   RO         5193    i.HAL_PCD_EP_GetRxCount  stm32f4xx_hal_pcd.o
    0x080062b0   0x0000005c   Code   RO         5194    i.HAL_PCD_EP_Open   stm32f4xx_hal_pcd.o
    0x0800630c   0x00000046   Code   RO         5195    i.HAL_PCD_EP_Receive  stm32f4xx_hal_pcd.o
    0x08006352   0x00000074   Code   RO         5196    i.HAL_PCD_EP_SetStall  stm32f4xx_hal_pcd.o
    0x080063c6   0x00000046   Code   RO         5197    i.HAL_PCD_EP_Transmit  stm32f4xx_hal_pcd.o
    0x0800640c   0x00000564   Code   RO         5199    i.HAL_PCD_IRQHandler  stm32f4xx_hal_pcd.o
    0x08006970   0x00000012   Code   RO          958    i.HAL_PCD_ISOINIncompleteCallback  usbd_conf.o
    0x08006982   0x00000012   Code   RO          959    i.HAL_PCD_ISOOUTIncompleteCallback  usbd_conf.o
    0x08006994   0x00000140   Code   RO         5202    i.HAL_PCD_Init      stm32f4xx_hal_pcd.o
    0x08006ad4   0x000000a8   Code   RO          961    i.HAL_PCD_MspInit   usbd_conf.o
    0x08006b7c   0x00000030   Code   RO          962    i.HAL_PCD_ResetCallback  usbd_conf.o
    0x08006bac   0x0000000e   Code   RO          963    i.HAL_PCD_ResumeCallback  usbd_conf.o
    0x08006bba   0x0000000e   Code   RO          964    i.HAL_PCD_SOFCallback  usbd_conf.o
    0x08006bc8   0x00000028   Code   RO         5208    i.HAL_PCD_SetAddress  stm32f4xx_hal_pcd.o
    0x08006bf0   0x00000012   Code   RO          965    i.HAL_PCD_SetupStageCallback  usbd_conf.o
    0x08006c02   0x00000042   Code   RO         5211    i.HAL_PCD_Start     stm32f4xx_hal_pcd.o
    0x08006c44   0x00000034   Code   RO          966    i.HAL_PCD_SuspendCallback  usbd_conf.o
    0x08006c78   0x0000017c   Code   RO         5882    i.HAL_RCCEx_PeriphCLKConfig  stm32f4xx_hal_rcc_ex.o
    0x08006df4   0x0000017c   Code   RO         5777    i.HAL_RCC_ClockConfig  stm32f4xx_hal_rcc.o
    0x08006f70   0x0000000c   Code   RO         5782    i.HAL_RCC_GetHCLKFreq  stm32f4xx_hal_rcc.o
    0x08006f7c   0x00000020   Code   RO         5784    i.HAL_RCC_GetPCLK1Freq  stm32f4xx_hal_rcc.o
    0x08006f9c   0x00000020   Code   RO         5785    i.HAL_RCC_GetPCLK2Freq  stm32f4xx_hal_rcc.o
    0x08006fbc   0x00000070   Code   RO         5786    i.HAL_RCC_GetSysClockFreq  stm32f4xx_hal_rcc.o
    0x0800702c   0x00000482   Code   RO         5789    i.HAL_RCC_OscConfig  stm32f4xx_hal_rcc.o
    0x080074ae   0x00000034   Code   RO         8019    i.HAL_RNG_Init      stm32f4xx_hal_rng.o
    0x080074e2   0x00000002   PAD
    0x080074e4   0x00000034   Code   RO          649    i.HAL_RNG_MspInit   rng.o
    0x08007518   0x00000094   Code   RO         8125    i.HAL_RTC_Init      stm32f4xx_hal_rtc.o
    0x080075ac   0x00000040   Code   RO          691    i.HAL_RTC_MspInit   rtc.o
    0x080075ec   0x0000003c   Code   RO         8133    i.HAL_RTC_WaitForSynchro  stm32f4xx_hal_rtc.o
    0x08007628   0x000000be   Code   RO         8525    i.HAL_SPI_Init      stm32f4xx_hal_spi.o
    0x080076e6   0x00000002   PAD
    0x080076e8   0x00000158   Code   RO          733    i.HAL_SPI_MspInit   spi.o
    0x08007840   0x000001f8   Code   RO         8534    i.HAL_SPI_TransmitReceive  stm32f4xx_hal_spi.o
    0x08007a38   0x00000028   Code   RO         6576    i.HAL_SYSTICK_Config  stm32f4xx_hal_cortex.o
    0x08007a60   0x00000066   Code   RO         9556    i.HAL_TIMEx_ConfigBreakDeadTime  stm32f4xx_hal_tim_ex.o
    0x08007ac6   0x0000009a   Code   RO         9572    i.HAL_TIMEx_MasterConfigSynchronization  stm32f4xx_hal_tim_ex.o
    0x08007b60   0x0000005c   Code   RO         8838    i.HAL_TIM_Base_Init  stm32f4xx_hal_tim.o
    0x08007bbc   0x0000011c   Code   RO          775    i.HAL_TIM_Base_MspInit  tim.o
    0x08007cd8   0x00000080   Code   RO         8841    i.HAL_TIM_Base_Start  stm32f4xx_hal_tim.o
    0x08007d58   0x000000ea   Code   RO         8847    i.HAL_TIM_ConfigClockSource  stm32f4xx_hal_tim.o
    0x08007e42   0x00000002   PAD
    0x08007e44   0x000002c0   Code   RO          776    i.HAL_TIM_MspPostInit  tim.o
    0x08008104   0x000000d8   Code   RO         8910    i.HAL_TIM_PWM_ConfigChannel  stm32f4xx_hal_tim.o
    0x080081dc   0x0000005c   Code   RO         8913    i.HAL_TIM_PWM_Init  stm32f4xx_hal_tim.o
    0x08008238   0x00000002   Code   RO         8915    i.HAL_TIM_PWM_MspInit  stm32f4xx_hal_tim.o
    0x0800823a   0x00000002   PAD
    0x0800823c   0x000000dc   Code   RO         8918    i.HAL_TIM_PWM_Start  stm32f4xx_hal_tim.o
    0x08008318   0x00000064   Code   RO         9849    i.HAL_UART_Init     stm32f4xx_hal_uart.o
    0x0800837c   0x000002f0   Code   RO          853    i.HAL_UART_MspInit  usart.o
    0x0800866c   0x00000004   Code   RO         1319    i.HardFault_Handler  stm32f4xx_it.o
    0x08008670   0x00000010   Code   RO         1320    i.I2C1_ER_IRQHandler  stm32f4xx_it.o
    0x08008680   0x00000010   Code   RO         1321    i.I2C1_EV_IRQHandler  stm32f4xx_it.o
    0x08008690   0x00000020   Code   RO         1953    i.I2C2_DMA_transmit  bsp_i2c.o
    0x080086b0   0x00000010   Code   RO         1322    i.I2C2_ER_IRQHandler  stm32f4xx_it.o
    0x080086c0   0x00000010   Code   RO         1323    i.I2C2_EV_IRQHandler  stm32f4xx_it.o
    0x080086d0   0x000000c0   Code   RO         1954    i.I2C2_tx_DMA_enable  bsp_i2c.o
    0x08008790   0x000000c0   Code   RO         1955    i.I2C2_tx_DMA_init  bsp_i2c.o
    0x08008850   0x00000010   Code   RO         1324    i.I2C3_ER_IRQHandler  stm32f4xx_it.o
    0x08008860   0x00000010   Code   RO         1325    i.I2C3_EV_IRQHandler  stm32f4xx_it.o
    0x08008870   0x0000001c   Code   RO         7569    i.I2C_ConvertOtherXferOptions  stm32f4xx_hal_i2c.o
    0x0800888c   0x000000cc   Code   RO         7570    i.I2C_DMAAbort      stm32f4xx_hal_i2c.o
    0x08008958   0x0000016c   Code   RO         7573    i.I2C_ITError       stm32f4xx_hal_i2c.o
    0x08008ac4   0x00000032   Code   RO         7574    i.I2C_IsAcknowledgeFailed  stm32f4xx_hal_i2c.o
    0x08008af6   0x00000100   Code   RO         7575    i.I2C_MasterReceive_BTF  stm32f4xx_hal_i2c.o
    0x08008bf6   0x000000dc   Code   RO         7576    i.I2C_MasterReceive_RXNE  stm32f4xx_hal_i2c.o
    0x08008cd2   0x00000002   PAD
    0x08008cd4   0x000000b4   Code   RO         7578    i.I2C_MasterRequestWrite  stm32f4xx_hal_i2c.o
    0x08008d88   0x00000096   Code   RO         7579    i.I2C_MasterTransmit_BTF  stm32f4xx_hal_i2c.o
    0x08008e1e   0x000000c4   Code   RO         7580    i.I2C_MasterTransmit_TXE  stm32f4xx_hal_i2c.o
    0x08008ee2   0x0000002a   Code   RO         7581    i.I2C_Master_ADD10  stm32f4xx_hal_i2c.o
    0x08008f0c   0x000001d2   Code   RO         7582    i.I2C_Master_ADDR   stm32f4xx_hal_i2c.o
    0x080090de   0x000000a0   Code   RO         7583    i.I2C_Master_SB     stm32f4xx_hal_i2c.o
    0x0800917e   0x000000b6   Code   RO         7584    i.I2C_MemoryTransmit_TXE_BTF  stm32f4xx_hal_i2c.o
    0x08009234   0x00000154   Code   RO         7585    i.I2C_RequestMemoryRead  stm32f4xx_hal_i2c.o
    0x08009388   0x000000d0   Code   RO         7586    i.I2C_RequestMemoryWrite  stm32f4xx_hal_i2c.o
    0x08009458   0x0000001c   Code   RO         7587    i.I2C_SlaveReceive_BTF  stm32f4xx_hal_i2c.o
    0x08009474   0x00000044   Code   RO         7588    i.I2C_SlaveReceive_RXNE  stm32f4xx_hal_i2c.o
    0x080094b8   0x0000001c   Code   RO         7589    i.I2C_SlaveTransmit_BTF  stm32f4xx_hal_i2c.o
    0x080094d4   0x00000044   Code   RO         7590    i.I2C_SlaveTransmit_TXE  stm32f4xx_hal_i2c.o
    0x08009518   0x0000004e   Code   RO         7591    i.I2C_Slave_ADDR    stm32f4xx_hal_i2c.o
    0x08009566   0x00000002   PAD
    0x08009568   0x00000084   Code   RO         7592    i.I2C_Slave_AF      stm32f4xx_hal_i2c.o
    0x080095ec   0x00000160   Code   RO         7593    i.I2C_Slave_STOPF   stm32f4xx_hal_i2c.o
    0x0800974c   0x000000fc   Code   RO         1956    i.I2C_TX_DMA_START  bsp_i2c.o
    0x08009848   0x0000005c   Code   RO         7594    i.I2C_WaitOnBTFFlagUntilTimeout  stm32f4xx_hal_i2c.o
    0x080098a4   0x000000b4   Code   RO         7595    i.I2C_WaitOnFlagUntilTimeout  stm32f4xx_hal_i2c.o
    0x08009958   0x000000ce   Code   RO         7596    i.I2C_WaitOnMasterAddressFlagUntilTimeout  stm32f4xx_hal_i2c.o
    0x08009a26   0x0000007c   Code   RO         7597    i.I2C_WaitOnRXNEFlagUntilTimeout  stm32f4xx_hal_i2c.o
    0x08009aa2   0x00000002   PAD
    0x08009aa4   0x00000040   Code   RO         7599    i.I2C_WaitOnSTOPRequestThroughIT  stm32f4xx_hal_i2c.o
    0x08009ae4   0x0000005c   Code   RO         7600    i.I2C_WaitOnTXEFlagUntilTimeout  stm32f4xx_hal_i2c.o
    0x08009b40   0x0000007c   Code   RO         2997    i.INS_cali_gyro     ins_task.o
    0x08009bbc   0x00000048   Code   RO         2998    i.INS_set_cali_gyro  ins_task.o
    0x08009c04   0x00000304   Code   RO         2999    i.INS_task          ins_task.o
    0x08009f08   0x0000003e   Code   RO         1162    i.IntToUnicode      usbd_desc.o
    0x08009f46   0x00000002   PAD
    0x08009f48   0x00000070   Code   RO          433    i.MX_ADC1_Init      adc.o
    0x08009fb8   0x00000070   Code   RO          434    i.MX_ADC3_Init      adc.o
    0x0800a028   0x00000038   Code   RO          481    i.MX_CAN1_Init      can.o
    0x0800a060   0x00000038   Code   RO          482    i.MX_CAN2_Init      can.o
    0x0800a098   0x00000020   Code   RO          530    i.MX_CRC_Init       crc.o
    0x0800a0b8   0x000000c8   Code   RO          570    i.MX_DMA_Init       dma.o
    0x0800a180   0x0000015c   Code   RO          372    i.MX_FREERTOS_Init  freertos.o
    0x0800a2dc   0x00000260   Code   RO          348    i.MX_GPIO_Init      gpio.o
    0x0800a53c   0x0000003c   Code   RO          596    i.MX_I2C1_Init      i2c.o
    0x0800a578   0x0000003c   Code   RO          597    i.MX_I2C2_Init      i2c.o
    0x0800a5b4   0x0000003c   Code   RO          598    i.MX_I2C3_Init      i2c.o
    0x0800a5f0   0x00000020   Code   RO          650    i.MX_RNG_Init       rng.o
    0x0800a610   0x00000034   Code   RO          692    i.MX_RTC_Init       rtc.o
    0x0800a644   0x00000048   Code   RO          734    i.MX_SPI1_Init      spi.o
    0x0800a68c   0x0000006c   Code   RO          777    i.MX_TIM10_Init     tim.o
    0x0800a6f8   0x0000010c   Code   RO          778    i.MX_TIM1_Init      tim.o
    0x0800a804   0x000000a4   Code   RO          779    i.MX_TIM3_Init      tim.o
    0x0800a8a8   0x000000a4   Code   RO          780    i.MX_TIM4_Init      tim.o
    0x0800a94c   0x000000c4   Code   RO          781    i.MX_TIM5_Init      tim.o
    0x0800aa10   0x000000ec   Code   RO          782    i.MX_TIM8_Init      tim.o
    0x0800aafc   0x00000038   Code   RO          854    i.MX_USART1_UART_Init  usart.o
    0x0800ab34   0x0000003c   Code   RO          855    i.MX_USART3_UART_Init  usart.o
    0x0800ab70   0x00000038   Code   RO          856    i.MX_USART6_UART_Init  usart.o
    0x0800aba8   0x0000004c   Code   RO          906    i.MX_USB_DEVICE_Init  usb_device.o
    0x0800abf4   0x00000004   Code   RO         1326    i.MemManage_Handler  stm32f4xx_it.o
    0x0800abf8   0x00000002   Code   RO         1327    i.NMI_Handler       stm32f4xx_it.o
    0x0800abfa   0x00000002   PAD
    0x0800abfc   0x0000001c   Code   RO         3637    i.OLED_LOGO         oled.o
    0x0800ac18   0x00000010   Code   RO         3638    i.OLED_check_ack    oled.o
    0x0800ac28   0x0000002c   Code   RO         3639    i.OLED_com_reset    oled.o
    0x0800ac54   0x00000088   Code   RO         3643    i.OLED_draw_point   oled.o
    0x0800acdc   0x000000f8   Code   RO         3644    i.OLED_init         oled.o
    0x0800add4   0x00000054   Code   RO         3645    i.OLED_operate_gram  oled.o
    0x0800ae28   0x00000040   Code   RO         3646    i.OLED_printf       oled.o
    0x0800ae68   0x00000020   Code   RO         3647    i.OLED_refresh_gram  oled.o
    0x0800ae88   0x00000040   Code   RO         3648    i.OLED_set_pos      oled.o
    0x0800aec8   0x0000008c   Code   RO         3649    i.OLED_show_char    oled.o
    0x0800af54   0x0000008a   Code   RO         3650    i.OLED_show_graphic  oled.o
    0x0800afde   0x00000032   Code   RO         3651    i.OLED_show_string  oled.o
    0x0800b010   0x00000010   Code   RO         1328    i.OTG_FS_IRQHandler  stm32f4xx_it.o
    0x0800b020   0x00000048   Code   RO         5215    i.PCD_EP_OutSetupPacket_int  stm32f4xx_hal_pcd.o
    0x0800b068   0x000000e8   Code   RO         5216    i.PCD_EP_OutXfrComplete_int  stm32f4xx_hal_pcd.o
    0x0800b150   0x000000a2   Code   RO         5217    i.PCD_WriteEmptyTxFifo  stm32f4xx_hal_pcd.o
    0x0800b1f2   0x00000002   PAD
    0x0800b1f4   0x000001f0   Code   RO         4859    i.PID_calc          pid.o
    0x0800b3e4   0x00000060   Code   RO         4861    i.PID_init          pid.o
    0x0800b444   0x0000009c   Code   RO         2085    i.RC_Init           bsp_rc.o
    0x0800b4e0   0x00000002   Code   RO         2278    i.RC_cmd_to_calibrate  calibrate_task.o
    0x0800b4e2   0x00000002   PAD
    0x0800b4e4   0x00000050   Code   RO         2086    i.RC_restart        bsp_rc.o
    0x0800b534   0x00000018   Code   RO         2087    i.RC_unable         bsp_rc.o
    0x0800b54c   0x00000048   Code   RO         8136    i.RTC_EnterInitMode  stm32f4xx_hal_rtc.o
    0x0800b594   0x0000002c   Code   RO         8137    i.RTC_ExitInitMode  stm32f4xx_hal_rtc.o
    0x0800b5c0   0x0000273c   Code   RO         2160    i.SPI1_DMA_enable   bsp_spi.o
    0x0800dcfc   0x00000180   Code   RO         2161    i.SPI1_DMA_init     bsp_spi.o
    0x0800de7c   0x00000064   Code   RO         8563    i.SPI_EndRxTxTransaction  stm32f4xx_hal_spi.o
    0x0800dee0   0x000000d8   Code   RO         8568    i.SPI_WaitFlagStateUntilTimeout  stm32f4xx_hal_spi.o
    0x0800dfb8   0x00000014   Code   RO         1329    i.SysTick_Handler   stm32f4xx_it.o
    0x0800dfcc   0x000000b4   Code   RO           14    i.SystemClock_Config  main.o
    0x0800e080   0x00000064   Code   RO         1493    i.SystemInit        system_stm32f4xx.o
    0x0800e0e4   0x000000cc   Code   RO         8931    i.TIM_Base_SetConfig  stm32f4xx_hal_tim.o
    0x0800e1b0   0x0000001e   Code   RO         8932    i.TIM_CCxChannelCmd  stm32f4xx_hal_tim.o
    0x0800e1ce   0x00000016   Code   RO         8942    i.TIM_ETR_SetConfig  stm32f4xx_hal_tim.o
    0x0800e1e4   0x00000010   Code   RO         8943    i.TIM_ITRx_SetConfig  stm32f4xx_hal_tim.o
    0x0800e1f4   0x00000070   Code   RO         8944    i.TIM_OC1_SetConfig  stm32f4xx_hal_tim.o
    0x0800e264   0x00000078   Code   RO         8945    i.TIM_OC2_SetConfig  stm32f4xx_hal_tim.o
    0x0800e2dc   0x00000078   Code   RO         8946    i.TIM_OC3_SetConfig  stm32f4xx_hal_tim.o
    0x0800e354   0x00000058   Code   RO         8947    i.TIM_OC4_SetConfig  stm32f4xx_hal_tim.o
    0x0800e3ac   0x00000026   Code   RO         8949    i.TIM_TI1_ConfigInputStage  stm32f4xx_hal_tim.o
    0x0800e3d2   0x00000024   Code   RO         8951    i.TIM_TI2_ConfigInputStage  stm32f4xx_hal_tim.o
    0x0800e3f6   0x00000002   PAD
    0x0800e3f8   0x000000fc   Code   RO         9876    i.UART_SetConfig    stm32f4xx_hal_uart.o
    0x0800e4f4   0x00000130   Code   RO         3292    i.USART3_IRQHandler  remote_control.o
    0x0800e624   0x00000128   Code   RO         3243    i.USART6_IRQHandler  referee_usart_task.o
    0x0800e74c   0x00000078   Code   RO        12029    i.USBD_CDC_DataIn   usbd_cdc.o
    0x0800e7c4   0x0000003e   Code   RO        12030    i.USBD_CDC_DataOut  usbd_cdc.o
    0x0800e802   0x00000002   PAD
    0x0800e804   0x00000094   Code   RO        12031    i.USBD_CDC_DeInit   usbd_cdc.o
    0x0800e898   0x00000038   Code   RO        12032    i.USBD_CDC_EP0_RxReady  usbd_cdc.o
    0x0800e8d0   0x0000000c   Code   RO        12033    i.USBD_CDC_GetDeviceQualifierDescriptor  usbd_cdc.o
    0x0800e8dc   0x0000003c   Code   RO        12034    i.USBD_CDC_GetFSCfgDesc  usbd_cdc.o
    0x0800e918   0x00000040   Code   RO        12035    i.USBD_CDC_GetHSCfgDesc  usbd_cdc.o
    0x0800e958   0x0000003c   Code   RO        12036    i.USBD_CDC_GetOtherSpeedCfgDesc  usbd_cdc.o
    0x0800e994   0x00000160   Code   RO        12037    i.USBD_CDC_Init     usbd_cdc.o
    0x0800eaf4   0x00000048   Code   RO        12038    i.USBD_CDC_ReceivePacket  usbd_cdc.o
    0x0800eb3c   0x00000018   Code   RO        12039    i.USBD_CDC_RegisterInterface  usbd_cdc.o
    0x0800eb54   0x0000001c   Code   RO        12040    i.USBD_CDC_SetRxBuffer  usbd_cdc.o
    0x0800eb70   0x00000020   Code   RO        12041    i.USBD_CDC_SetTxBuffer  usbd_cdc.o
    0x0800eb90   0x00000110   Code   RO        12042    i.USBD_CDC_Setup    usbd_cdc.o
    0x0800eca0   0x00000014   Code   RO        11709    i.USBD_ClrClassConfig  usbd_core.o
    0x0800ecb4   0x00000026   Code   RO        11871    i.USBD_ClrFeature   usbd_ctlreq.o
    0x0800ecda   0x00000004   Code   RO        11710    i.USBD_CoreFindEP   usbd_core.o
    0x0800ecde   0x00000004   Code   RO        11711    i.USBD_CoreFindIF   usbd_core.o
    0x0800ece2   0x00000010   Code   RO        11969    i.USBD_CtlContinueRx  usbd_ioreq.o
    0x0800ecf2   0x00000010   Code   RO        11970    i.USBD_CtlContinueSendData  usbd_ioreq.o
    0x0800ed02   0x00000018   Code   RO        11872    i.USBD_CtlError     usbd_ctlreq.o
    0x0800ed1a   0x0000001e   Code   RO        11971    i.USBD_CtlPrepareRx  usbd_ioreq.o
    0x0800ed38   0x00000016   Code   RO        11972    i.USBD_CtlReceiveStatus  usbd_ioreq.o
    0x0800ed4e   0x0000001a   Code   RO        11973    i.USBD_CtlSendData  usbd_ioreq.o
    0x0800ed68   0x00000016   Code   RO        11974    i.USBD_CtlSendStatus  usbd_ioreq.o
    0x0800ed7e   0x00000002   PAD
    0x0800ed80   0x00000034   Code   RO         1163    i.USBD_FS_ConfigStrDescriptor  usbd_desc.o
    0x0800edb4   0x00000010   Code   RO         1164    i.USBD_FS_DeviceDescriptor  usbd_desc.o
    0x0800edc4   0x00000038   Code   RO         1165    i.USBD_FS_InterfaceStrDescriptor  usbd_desc.o
    0x0800edfc   0x00000010   Code   RO         1166    i.USBD_FS_LangIDStrDescriptor  usbd_desc.o
    0x0800ee0c   0x0000002c   Code   RO         1167    i.USBD_FS_ManufacturerStrDescriptor  usbd_desc.o
    0x0800ee38   0x00000040   Code   RO         1168    i.USBD_FS_ProductStrDescriptor  usbd_desc.o
    0x0800ee78   0x00000018   Code   RO         1169    i.USBD_FS_SerialStrDescriptor  usbd_desc.o
    0x0800ee90   0x00000034   Code   RO        11873    i.USBD_GetConfig    usbd_ctlreq.o
    0x0800eec4   0x000001b4   Code   RO        11874    i.USBD_GetDescriptor  usbd_ctlreq.o
    0x0800f078   0x0000003c   Code   RO        11713    i.USBD_GetEpDesc    usbd_core.o
    0x0800f0b4   0x00000018   Code   RO        11875    i.USBD_GetLen       usbd_ctlreq.o
    0x0800f0cc   0x0000000e   Code   RO        11714    i.USBD_GetNextDesc  usbd_core.o
    0x0800f0da   0x00000036   Code   RO        11876    i.USBD_GetStatus    usbd_ctlreq.o
    0x0800f110   0x00000044   Code   RO        11877    i.USBD_GetString    usbd_ctlreq.o
    0x0800f154   0x0000002c   Code   RO          967    i.USBD_Get_USB_Status  usbd_conf.o
    0x0800f180   0x00000028   Code   RO        11715    i.USBD_Init         usbd_core.o
    0x0800f1a8   0x00000026   Code   RO          968    i.USBD_LL_ClearStallEP  usbd_conf.o
    0x0800f1ce   0x00000026   Code   RO          969    i.USBD_LL_CloseEP   usbd_conf.o
    0x0800f1f4   0x000000dc   Code   RO        11716    i.USBD_LL_DataInStage  usbd_core.o
    0x0800f2d0   0x000000d0   Code   RO        11717    i.USBD_LL_DataOutStage  usbd_core.o
    0x0800f3a0   0x00000004   Code   RO        11718    i.USBD_LL_DevConnected  usbd_core.o
    0x0800f3a4   0x00000020   Code   RO        11719    i.USBD_LL_DevDisconnected  usbd_core.o
    0x0800f3c4   0x00000012   Code   RO          973    i.USBD_LL_GetRxDataSize  usbd_conf.o
    0x0800f3d6   0x00000002   PAD
    0x0800f3d8   0x00000068   Code   RO          974    i.USBD_LL_Init      usbd_conf.o
    0x0800f440   0x00000038   Code   RO          975    i.USBD_LL_IsStallEP  usbd_conf.o
    0x0800f478   0x0000002a   Code   RO        11720    i.USBD_LL_IsoINIncomplete  usbd_core.o
    0x0800f4a2   0x0000002a   Code   RO        11721    i.USBD_LL_IsoOUTIncomplete  usbd_core.o
    0x0800f4cc   0x00000030   Code   RO          976    i.USBD_LL_OpenEP    usbd_conf.o
    0x0800f4fc   0x00000030   Code   RO          977    i.USBD_LL_PrepareReceive  usbd_conf.o
    0x0800f52c   0x00000060   Code   RO        11722    i.USBD_LL_Reset     usbd_core.o
    0x0800f58c   0x00000014   Code   RO        11723    i.USBD_LL_Resume    usbd_core.o
    0x0800f5a0   0x0000001a   Code   RO        11724    i.USBD_LL_SOF       usbd_core.o
    0x0800f5ba   0x00000006   Code   RO        11725    i.USBD_LL_SetSpeed  usbd_core.o
    0x0800f5c0   0x00000026   Code   RO          978    i.USBD_LL_SetUSBAddress  usbd_conf.o
    0x0800f5e6   0x00000064   Code   RO        11726    i.USBD_LL_SetupStage  usbd_core.o
    0x0800f64a   0x00000026   Code   RO          979    i.USBD_LL_StallEP   usbd_conf.o
    0x0800f670   0x0000001e   Code   RO          980    i.USBD_LL_Start     usbd_conf.o
    0x0800f68e   0x00000012   Code   RO        11727    i.USBD_LL_Suspend   usbd_core.o
    0x0800f6a0   0x00000030   Code   RO          982    i.USBD_LL_Transmit  usbd_conf.o
    0x0800f6d0   0x00000032   Code   RO        11878    i.USBD_ParseSetupRequest  usbd_ctlreq.o
    0x0800f702   0x0000003a   Code   RO        11728    i.USBD_RegisterClass  usbd_core.o
    0x0800f73c   0x00000004   Code   RO        11729    i.USBD_RunTestMode  usbd_core.o
    0x0800f740   0x00000058   Code   RO        11879    i.USBD_SetAddress   usbd_ctlreq.o
    0x0800f798   0x00000014   Code   RO        11730    i.USBD_SetClassConfig  usbd_core.o
    0x0800f7ac   0x000000dc   Code   RO        11880    i.USBD_SetConfig    usbd_ctlreq.o
    0x0800f888   0x00000024   Code   RO        11881    i.USBD_SetFeature   usbd_ctlreq.o
    0x0800f8ac   0x00000004   Code   RO        11731    i.USBD_Start        usbd_core.o
    0x0800f8b0   0x00000076   Code   RO        11882    i.USBD_StdDevReq    usbd_ctlreq.o
    0x0800f926   0x0000022e   Code   RO        11883    i.USBD_StdEPReq     usbd_ctlreq.o
    0x0800fb54   0x0000008e   Code   RO        11884    i.USBD_StdItfReq    usbd_ctlreq.o
    0x0800fbe2   0x00000002   Code   RO          983    i.USBD_static_free  usbd_conf.o
    0x0800fbe4   0x0000000c   Code   RO          984    i.USBD_static_malloc  usbd_conf.o
    0x0800fbf0   0x0000009c   Code   RO         5466    i.USB_ActivateEndpoint  stm32f4xx_ll_usb.o
    0x0800fc8c   0x0000001c   Code   RO         5468    i.USB_ActivateSetup  stm32f4xx_ll_usb.o
    0x0800fca8   0x0000007e   Code   RO         5470    i.USB_CoreInit      stm32f4xx_ll_usb.o
    0x0800fd26   0x00000002   PAD
    0x0800fd28   0x00000050   Code   RO         5471    i.USB_CoreReset     stm32f4xx_ll_usb.o
    0x0800fd78   0x000000dc   Code   RO         5474    i.USB_DeactivateEndpoint  stm32f4xx_ll_usb.o
    0x0800fe54   0x0000001c   Code   RO         5475    i.USB_DevConnect    stm32f4xx_ll_usb.o
    0x0800fe70   0x0000001c   Code   RO         5476    i.USB_DevDisconnect  stm32f4xx_ll_usb.o
    0x0800fe8c   0x00000178   Code   RO         5477    i.USB_DevInit       stm32f4xx_ll_usb.o
    0x08010004   0x0000000c   Code   RO         5478    i.USB_DisableGlobalInt  stm32f4xx_ll_usb.o
    0x08010010   0x0000012e   Code   RO         5481    i.USB_EP0StartXfer  stm32f4xx_ll_usb.o
    0x0801013e   0x00000002   PAD
    0x08010140   0x00000060   Code   RO         5482    i.USB_EP0_OutStart  stm32f4xx_ll_usb.o
    0x080101a0   0x00000058   Code   RO         5483    i.USB_EPClearStall  stm32f4xx_ll_usb.o
    0x080101f8   0x0000005e   Code   RO         5484    i.USB_EPSetStall    stm32f4xx_ll_usb.o
    0x08010256   0x0000022c   Code   RO         5485    i.USB_EPStartXfer   stm32f4xx_ll_usb.o
    0x08010482   0x000000b4   Code   RO         5486    i.USB_EPStopXfer    stm32f4xx_ll_usb.o
    0x08010536   0x0000000c   Code   RO         5487    i.USB_EnableGlobalInt  stm32f4xx_ll_usb.o
    0x08010542   0x00000002   PAD
    0x08010544   0x0000004c   Code   RO         5488    i.USB_FlushRxFifo   stm32f4xx_ll_usb.o
    0x08010590   0x00000058   Code   RO         5489    i.USB_FlushTxFifo   stm32f4xx_ll_usb.o
    0x080105e8   0x00000020   Code   RO         5491    i.USB_GetDevSpeed   stm32f4xx_ll_usb.o
    0x08010608   0x00000008   Code   RO         5493    i.USB_GetMode       stm32f4xx_ll_usb.o
    0x08010610   0x0000000e   Code   RO         5500    i.USB_ReadDevAllInEpInterrupt  stm32f4xx_ll_usb.o
    0x0801061e   0x0000000e   Code   RO         5501    i.USB_ReadDevAllOutEpInterrupt  stm32f4xx_ll_usb.o
    0x0801062c   0x00000024   Code   RO         5502    i.USB_ReadDevInEPInterrupt  stm32f4xx_ll_usb.o
    0x08010650   0x00000010   Code   RO         5503    i.USB_ReadDevOutEPInterrupt  stm32f4xx_ll_usb.o
    0x08010660   0x00000008   Code   RO         5504    i.USB_ReadInterrupts  stm32f4xx_ll_usb.o
    0x08010668   0x00000048   Code   RO         5505    i.USB_ReadPacket    stm32f4xx_ll_usb.o
    0x080106b0   0x00000060   Code   RO         5507    i.USB_SetCurrentMode  stm32f4xx_ll_usb.o
    0x08010710   0x00000022   Code   RO         5508    i.USB_SetDevAddress  stm32f4xx_ll_usb.o
    0x08010732   0x0000000e   Code   RO         5509    i.USB_SetDevSpeed   stm32f4xx_ll_usb.o
    0x08010740   0x000000f4   Code   RO         5510    i.USB_SetTurnaroundTime  stm32f4xx_ll_usb.o
    0x08010834   0x00000034   Code   RO         5513    i.USB_WritePacket   stm32f4xx_ll_usb.o
    0x08010868   0x00000004   Code   RO         1330    i.UsageFault_Handler  stm32f4xx_it.o
    0x0801086c   0x00000040   Code   RO         5034    i._Q_check          vt_math.o
    0x080108ac   0x00000030   Code   RO        13046    i.__ARM_fpclassify  m_wm.l(fpclassify.o)
    0x080108dc   0x00000026   Code   RO        12826    i.__ARM_fpclassifyf  m_wm.l(fpclassifyf.o)
    0x08010902   0x00000006   Code   RO         4577    i.__get_PRIMASK     fifo.o
    0x08010908   0x00000358   Code   RO        12530    i.__hardfp_acos     m_wm.l(acos.o)
    0x08010c60   0x0000012c   Code   RO        12556    i.__hardfp_asinf    m_wm.l(asinf.o)
    0x08010d8c   0x00000250   Code   RO        12568    i.__hardfp_atan2f   m_wm.l(atan2f.o)
    0x08010fdc   0x00000664   Code   RO        12586    i.__hardfp_powf     m_wm.l(powf.o)
    0x08011640   0x0000003a   Code   RO        12612    i.__hardfp_sqrtf    m_wm.l(sqrtf_full.o)
    0x0801167a   0x000000f8   Code   RO        12842    i.__kernel_poly     m_wm.l(poly.o)
    0x08011772   0x00000014   Code   RO        12813    i.__mathlib_dbl_infnan  m_wm.l(dunder.o)
    0x08011786   0x00000002   PAD
    0x08011788   0x00000020   Code   RO        12815    i.__mathlib_dbl_invalid  m_wm.l(dunder.o)
    0x080117a8   0x00000014   Code   RO        12828    i.__mathlib_flt_divzero  m_wm.l(funder.o)
    0x080117bc   0x00000006   Code   RO        12829    i.__mathlib_flt_infnan  m_wm.l(funder.o)
    0x080117c2   0x00000006   Code   RO        12830    i.__mathlib_flt_infnan2  m_wm.l(funder.o)
    0x080117c8   0x00000010   Code   RO        12831    i.__mathlib_flt_invalid  m_wm.l(funder.o)
    0x080117d8   0x00000010   Code   RO        12832    i.__mathlib_flt_overflow  m_wm.l(funder.o)
    0x080117e8   0x00000010   Code   RO        12834    i.__mathlib_flt_underflow  m_wm.l(funder.o)
    0x080117f8   0x00000006   Code   RO         4578    i.__set_PRIMASK     fifo.o
    0x080117fe   0x0000000e   Code   RO        12464    i._is_digit         c_w.l(__printf_wp.o)
    0x0801180c   0x00000068   Code   RO         2056    i.aRGB_led_show     bsp_led.o
    0x08011874   0x0000001a   Code   RO         5035    i.abs               vt_math.o
    0x0801188e   0x00000002   PAD
    0x08011890   0x000001d0   Code   RO        12135    i.accel_comple_filter  AHRS.lib(ahrs.o)
    0x08011a60   0x0000018c   Code   RO        12136    i.accel_update_kp_ki  AHRS.lib(ahrs.o)
    0x08011bec   0x0000003c   Code   RO         1529    i.adcx_get_chx_value  bsp_adc.o
    0x08011c28   0x0000016c   Code   RO        12137    i.angle_to_quat     AHRS.lib(ahrs.o)
    0x08011d94   0x000002ec   Code   RO         4901    i.angular_rate_ctrl  control.o
    0x08012080   0x00000044   Code   RO         3528    i.battery_voltage_task  voltage_task.o
    0x080120c4   0x00000134   Code   RO         3775    i.bmi088_accel_init  bmi088driver.o
    0x080121f8   0x000002fc   Code   RO         3776    i.bmi088_accel_self_test  bmi088driver.o
    0x080124f4   0x000000f4   Code   RO         3777    i.bmi088_gyro_init  bmi088driver.o
    0x080125e8   0x000000d0   Code   RO         3778    i.bmi088_gyro_self_test  bmi088driver.o
    0x080126b8   0x0000013c   Code   RO         1957    i.bsp_I2C_check_ack  bsp_i2c.o
    0x080127f4   0x0000004c   Code   RO         1958    i.bsp_I2C_master_transmit  bsp_i2c.o
    0x08012840   0x0000004c   Code   RO         1959    i.bsp_I2C_reset     bsp_i2c.o
    0x0801288c   0x00000010   Code   RO         1683    i.buzzer_off        bsp_buzzer.o
    0x0801289c   0x00000014   Code   RO         1684    i.buzzer_on         bsp_buzzer.o
    0x080128b0   0x000000e8   Code   RO         3529    i.calc_battery_percentage  voltage_task.o
    0x08012998   0x00000194   Code   RO         2859    i.calc_gimbal_cali  gimbal_task.o
    0x08012b2c   0x000000ec   Code   RO         2279    i.cali_data_read    calibrate_task.o
    0x08012c18   0x0000008c   Code   RO         2280    i.cali_data_write   calibrate_task.o
    0x08012ca4   0x0000006c   Code   RO         2281    i.cali_gimbal_hook  calibrate_task.o
    0x08012d10   0x00000064   Code   RO         2282    i.cali_gyro_hook    calibrate_task.o
    0x08012d74   0x00000046   Code   RO         2283    i.cali_head_hook    calibrate_task.o
    0x08012dba   0x00000002   PAD
    0x08012dbc   0x000000c0   Code   RO         2284    i.cali_param_init   calibrate_task.o
    0x08012e7c   0x00000148   Code   RO         2285    i.calibrate_task    calibrate_task.o
    0x08012fc4   0x0000005c   Code   RO         1717    i.can_filter_init   bsp_can.o
    0x08013020   0x0000001c   Code   RO         4902    i.ch                control.o
    0x0801303c   0x0000053c   Code   RO         2668    i.chassis_task      chassis_task.o
    0x08013578   0x00000118   Code   RO         2860    i.cmd_cali_gimbal_hook  gimbal_task.o
    0x08013690   0x0000019c   Code   RO         4903    i.ctrl_init         control.o
    0x0801382c   0x00000030   Code   RO         2669    i.d_ch              chassis_task.o
    0x0801385c   0x00000030   Code   RO         1786    i.delay_init        bsp_delay.o
    0x0801388c   0x00000050   Code   RO         1788    i.delay_us          bsp_delay.o
    0x080138dc   0x00000028   Code   RO         4904    i.delta_ch          control.o
    0x08013904   0x00000124   Code   RO         2736    i.detect_hook       detect_task.o
    0x08013a28   0x00000184   Code   RO         2737    i.detect_init       detect_task.o
    0x08013bac   0x00000288   Code   RO         2738    i.detect_task       detect_task.o
    0x08013e34   0x000000f2   Code   RO         5036    i.fal               vt_math.o
    0x08013f26   0x00000090   Code   RO         5037    i.fal_0_75          vt_math.o
    0x08013fb6   0x00000050   Code   RO         5038    i.fdb0              vt_math.o
    0x08014006   0x00000118   Code   RO         5039    i.fhan              vt_math.o
    0x0801411e   0x000000a0   Code   RO         4605    i.fifo_s_puts       fifo.o
    0x080141be   0x0000002e   Code   RO         1827    i.flash_erase_address  bsp_flash.o
    0x080141ec   0x00000014   Code   RO         1828    i.flash_read        bsp_flash.o
    0x08014200   0x00000098   Code   RO         1830    i.flash_write_single_address  bsp_flash.o
    0x08014298   0x00000050   Code   RO         5041    i.fsg0              vt_math.o
    0x080142e8   0x000000f4   Code   RO         1831    i.ger_sector        bsp_flash.o
    0x080143dc   0x00000008   Code   RO         3000    i.get_INS_angle_point  ins_task.o
    0x080143e4   0x000000e8   Code   RO        12138    i.get_angle         AHRS.lib(ahrs.o)
    0x080144cc   0x00000024   Code   RO         3530    i.get_battery_percentage  voltage_task.o
    0x080144f0   0x00000048   Code   RO         1530    i.get_battery_voltage  bsp_adc.o
    0x08014538   0x0000000c   Code   RO         2286    i.get_control_temperature  calibrate_task.o
    0x08014544   0x000000ea   Code   RO         5042    i.get_dQ            vt_math.o
    0x0801462e   0x00000002   PAD
    0x08014630   0x00000008   Code   RO         2739    i.get_error_list_point  detect_task.o
    0x08014638   0x00000008   Code   RO         3003    i.get_gyro_data_point  ins_task.o
    0x08014640   0x000000e8   Code   RO         1832    i.get_next_flash_address  bsp_flash.o
    0x08014728   0x00000008   Code   RO         3293    i.get_remote_control_point  remote_control.o
    0x08014730   0x00000458   Code   RO         4905    i.get_target_angular_velocity  control.o
    0x08014b88   0x0000005c   Code   RO         1532    i.get_temprate      bsp_adc.o
    0x08014be4   0x0000000a   Code   RO         2877    i.gimbal_task       gimbal_task.o
    0x08014bee   0x00000002   PAD
    0x08014bf0   0x00000054   Code   RO         3005    i.gyro_offset_calc  ins_task.o
    0x08014c44   0x0000012c   Code   RO         3006    i.imu_cali_slove    ins_task.o
    0x08014d70   0x000001a8   Code   RO         3007    i.imu_cmd_spi_dma   ins_task.o
    0x08014f18   0x0000000c   Code   RO         1924    i.imu_pwm_set       bsp_imu_pwm.o
    0x08014f24   0x000000b8   Code   RO         3008    i.imu_temp_control  ins_task.o
    0x08014fdc   0x000000b8   Code   RO         3180    i.init_referee_struct_data  referee.o
    0x08015094   0x00000040   Code   RO         1533    i.init_vrefint_reciprocal  bsp_adc.o
    0x080150d4   0x00000002   Code   RO         4030    i.ist8310_GPIO_init  ist8310driver_middleware.o
    0x080150d6   0x00000002   PAD
    0x080150d8   0x00000028   Code   RO         4032    i.ist8310_IIC_read_single_reg  ist8310driver_middleware.o
    0x08015100   0x00000028   Code   RO         4034    i.ist8310_IIC_write_single_reg  ist8310driver_middleware.o
    0x08015128   0x00000014   Code   RO         4035    i.ist8310_RST_H     ist8310driver_middleware.o
    0x0801513c   0x00000014   Code   RO         4036    i.ist8310_RST_L     ist8310driver_middleware.o
    0x08015150   0x00000002   Code   RO         4037    i.ist8310_com_init  ist8310driver_middleware.o
    0x08015152   0x0000000c   Code   RO         4038    i.ist8310_delay_ms  ist8310driver_middleware.o
    0x0801515e   0x00000002   PAD
    0x08015160   0x00000094   Code   RO         3995    i.ist8310_init      ist8310driver.o
    0x080151f4   0x000001b0   Code   RO         3566    i.led_RGB_flow_task  led_flow_task.o
    0x080153a4   0x0000002a   Code   RO         5044    i.limit_f           vt_math.o
    0x080153ce   0x00000002   PAD
    0x080153d0   0x00000078   Code   RO         2670    i.limit_out         chassis_task.o
    0x08015448   0x00000080   Code   RO           15    i.main              main.o
    0x080154c8   0x0000000c   Code   RO        11195    i.makeFreeRtosPriority  cmsis_os.o
    0x080154d4   0x00000164   Code   RO         4908    i.model_data_pretreatment  control.o
    0x08015638   0x00000034   Code   RO         2878    i.motor_ecd_to_angle_change  gimbal_task.o
    0x0801566c   0x00000214   Code   RO         3136    i.oled_task         oled_task.o
    0x08015880   0x00000030   Code   RO         3652    i.oled_write_byte   oled.o
    0x080158b0   0x00000010   Code   RO        11197    i.osDelay           cmsis_os.o
    0x080158c0   0x0000000a   Code   RO        11200    i.osKernelStart     cmsis_os.o
    0x080158ca   0x0000005c   Code   RO        11234    i.osThreadCreate    cmsis_os.o
    0x08015926   0x00000002   PAD
    0x08015928   0x00000024   Code   RO        10662    i.pcTaskGetName     tasks.o
    0x0801594c   0x0000006c   Code   RO         2671    i.pid_init          chassis_task.o
    0x080159b8   0x0000011c   Code   RO         2672    i.pid_pitch         chassis_task.o
    0x08015ad4   0x0000011c   Code   RO         2673    i.pid_roll          chassis_task.o
    0x08015bf0   0x0000011c   Code   RO         2674    i.pid_yaw           chassis_task.o
    0x08015d0c   0x00000080   Code   RO        10663    i.prvAddCurrentTaskToDelayedList  tasks.o
    0x08015d8c   0x00000088   Code   RO        10664    i.prvAddNewTaskToReadyList  tasks.o
    0x08015e14   0x0000005c   Code   RO        11027    i.prvCheckForValidListAndQueue  timers.o
    0x08015e70   0x00000040   Code   RO        10665    i.prvCheckTasksWaitingTermination  tasks.o
    0x08015eb0   0x00000024   Code   RO        10316    i.prvCopyDataFromQueue  queue.o
    0x08015ed4   0x0000006e   Code   RO        10317    i.prvCopyDataToQueue  queue.o
    0x08015f42   0x00000040   Code   RO        10666    i.prvDeleteTCB      tasks.o
    0x08015f82   0x00000002   PAD
    0x08015f84   0x00000024   Code   RO        11028    i.prvGetNextExpireTime  timers.o
    0x08015fa8   0x00000050   Code   RO        11574    i.prvHeapInit       heap_4.o
    0x08015ff8   0x00000028   Code   RO        10667    i.prvIdleTask       tasks.o
    0x08016020   0x00000018   Code   RO        10320    i.prvInitialiseNewQueue  queue.o
    0x08016038   0x00000098   Code   RO        10668    i.prvInitialiseNewTask  tasks.o
    0x080160d0   0x00000060   Code   RO        10669    i.prvInitialiseTaskLists  tasks.o
    0x08016130   0x0000005c   Code   RO        11575    i.prvInsertBlockIntoFreeList  heap_4.o
    0x0801618c   0x00000048   Code   RO        11030    i.prvInsertTimerInActiveList  timers.o
    0x080161d4   0x0000001a   Code   RO        10321    i.prvIsQueueEmpty   queue.o
    0x080161ee   0x0000001e   Code   RO        10322    i.prvIsQueueFull    queue.o
    0x0801620c   0x00000068   Code   RO        11031    i.prvProcessExpiredTimer  timers.o
    0x08016274   0x00000110   Code   RO        11032    i.prvProcessReceivedCommands  timers.o
    0x08016384   0x0000006c   Code   RO        11033    i.prvProcessTimerOrBlockTask  timers.o
    0x080163f0   0x00000024   Code   RO        10670    i.prvResetNextTaskUnblockTime  tasks.o
    0x08016414   0x0000002c   Code   RO        11034    i.prvSampleTimeNow  timers.o
    0x08016440   0x0000006e   Code   RO        10671    i.prvSearchForNameWithinSingleList  tasks.o
    0x080164ae   0x00000002   PAD
    0x080164b0   0x00000078   Code   RO        11035    i.prvSwitchTimerLists  timers.o
    0x08016528   0x00000018   Code   RO        10672    i.prvTaskCheckFreeStackSpace  tasks.o
    0x08016540   0x00000030   Code   RO        11630    i.prvTaskExitError  port.o
    0x08016570   0x00000014   Code   RO        11036    i.prvTimerTask      timers.o
    0x08016584   0x00000068   Code   RO        10323    i.prvUnlockQueue    queue.o
    0x080165ec   0x000000e8   Code   RO        11576    i.pvPortMalloc      heap_4.o
    0x080166d4   0x0000002c   Code   RO        11631    i.pxPortInitialiseStack  port.o
    0x08016700   0x00000084   Code   RO        12143    i.quat_normalization  AHRS.lib(ahrs.o)
    0x08016784   0x00000036   Code   RO         5047    i.quaternion_dot_product  vt_math.o
    0x080167ba   0x000000e8   Code   RO         5048    i.quaternion_multiply  vt_math.o
    0x080168a2   0x00000002   PAD
    0x080168a4   0x00000028   Code   RO         3244    i.referee_usart_task  referee_usart_task.o
    0x080168cc   0x00000014   Code   RO         3294    i.remote_control_init  remote_control.o
    0x080168e0   0x00000126   Code   RO         3295    i.sbus_data_resolve  remote_control.o
    0x08016a06   0x00000002   PAD
    0x08016a08   0x0000004c   Code   RO         2240    i.servo_pwm_set     bsp_servo_pwm.o
    0x08016a54   0x00000060   Code   RO         3599    i.servo_task        servo_task.o
    0x08016ab4   0x00000020   Code   RO         2879    i.set_cali_gimbal_hook  gimbal_task.o
    0x08016ad4   0x00000014   Code   RO         3600    i.set_pwm           servo_task.o
    0x08016ae8   0x0000001a   Code   RO         4425    i.sign              user_lib.o
    0x08016b02   0x0000006e   Code   RO        12849    i.sqrt              m_wm.l(sqrt_full.o)
    0x08016b70   0x0000003e   Code   RO        12614    i.sqrtf             m_wm.l(sqrtf_full.o)
    0x08016bae   0x00000002   PAD
    0x08016bb0   0x00000114   Code   RO         3432    i.test_task         test_task.o
    0x08016cc4   0x00000018   Code   RO         2740    i.toe_is_error      detect_task.o
    0x08016cdc   0x00000068   Code   RO        10675    i.ulTaskNotifyTake  tasks.o
    0x08016d44   0x0000007a   Code   RO        12144    i.update_w          AHRS.lib(ahrs.o)
    0x08016dbe   0x00000002   PAD
    0x08016dc0   0x000002a8   Code   RO         4913    i.upload_data       control.o
    0x08017068   0x000000a8   Code   RO         2194    i.usart1_tx_dma_enable  bsp_usart.o
    0x08017110   0x00000074   Code   RO         2195    i.usart1_tx_dma_init  bsp_usart.o
    0x08017184   0x00000138   Code   RO         2196    i.usart6_init       bsp_usart.o
    0x080172bc   0x0000001c   Code   RO         3474    i.usb_task          usb_task.o
    0x080172d8   0x00000026   Code   RO        10279    i.uxListRemove      list.o
    0x080172fe   0x00000002   PAD
    0x08017300   0x00000014   Code   RO        10678    i.uxTaskGetStackHighWaterMark  tasks.o
    0x08017314   0x00000018   Code   RO          374    i.vApplicationGetIdleTaskMemory  freertos.o
    0x0801732c   0x00000018   Code   RO          375    i.vApplicationGetTimerTaskMemory  freertos.o
    0x08017344   0x00000016   Code   RO        10280    i.vListInitialise   list.o
    0x0801735a   0x00000006   Code   RO        10281    i.vListInitialiseItem  list.o
    0x08017360   0x00000036   Code   RO        10282    i.vListInsert       list.o
    0x08017396   0x00000018   Code   RO        10283    i.vListInsertEnd    list.o
    0x080173ae   0x00000002   PAD
    0x080173b0   0x00000040   Code   RO        11633    i.vPortEnterCritical  port.o
    0x080173f0   0x0000002c   Code   RO        11634    i.vPortExitCritical  port.o
    0x0801741c   0x00000064   Code   RO        11577    i.vPortFree         heap_4.o
    0x08017480   0x00000024   Code   RO        11635    i.vPortSetupTimerInterrupt  port.o
    0x080174a4   0x00000054   Code   RO        11636    i.vPortValidateInterruptPriority  port.o
    0x080174f8   0x00000028   Code   RO        10327    i.vQueueAddToRegistry  queue.o
    0x08017520   0x0000004a   Code   RO        10330    i.vQueueWaitForMessageRestricted  queue.o
    0x0801756a   0x00000002   PAD
    0x0801756c   0x00000050   Code   RO        10682    i.vTaskDelay        tasks.o
    0x080175bc   0x00000010   Code   RO        10686    i.vTaskInternalSetTimeOutState  tasks.o
    0x080175cc   0x0000000c   Code   RO        10687    i.vTaskMissedYield  tasks.o
    0x080175d8   0x000000bc   Code   RO        10688    i.vTaskNotifyGiveFromISR  tasks.o
    0x08017694   0x00000034   Code   RO        10689    i.vTaskPlaceOnEventList  tasks.o
    0x080176c8   0x0000003c   Code   RO        10690    i.vTaskPlaceOnEventListRestricted  tasks.o
    0x08017704   0x00000090   Code   RO        10697    i.vTaskStartScheduler  tasks.o
    0x08017794   0x00000010   Code   RO        10699    i.vTaskSuspendAll   tasks.o
    0x080177a4   0x00000060   Code   RO        10700    i.vTaskSwitchContext  tasks.o
    0x08017804   0x0000002a   Code   RO         5049    i.vector_dot_product  vt_math.o
    0x0801782e   0x00000002   PAD
    0x08017830   0x00000034   Code   RO         5050    i.vt_sqrt           vt_math.o
    0x08017864   0x00000104   Code   RO        11637    i.xPortStartScheduler  port.o
    0x08017968   0x0000002c   Code   RO        11638    i.xPortSysTickHandler  port.o
    0x08017994   0x00000070   Code   RO        10334    i.xQueueGenericCreateStatic  queue.o
    0x08017a04   0x00000090   Code   RO        10335    i.xQueueGenericReset  queue.o
    0x08017a94   0x00000170   Code   RO        10336    i.xQueueGenericSend  queue.o
    0x08017c04   0x000000be   Code   RO        10337    i.xQueueGenericSendFromISR  queue.o
    0x08017cc2   0x00000002   PAD
    0x08017cc4   0x00000148   Code   RO        10345    i.xQueueReceive     queue.o
    0x08017e0c   0x00000098   Code   RO        10703    i.xTaskCheckForTimeOut  tasks.o
    0x08017ea4   0x0000006c   Code   RO        10704    i.xTaskCreate       tasks.o
    0x08017f10   0x00000060   Code   RO        10705    i.xTaskCreateStatic  tasks.o
    0x08017f70   0x0000008c   Code   RO        10709    i.xTaskGetHandle    tasks.o
    0x08017ffc   0x0000001c   Code   RO        10710    i.xTaskGetSchedulerState  tasks.o
    0x08018018   0x0000000c   Code   RO        10711    i.xTaskGetTickCount  tasks.o
    0x08018024   0x000000d4   Code   RO        10713    i.xTaskIncrementTick  tasks.o
    0x080180f8   0x0000009c   Code   RO        10716    i.xTaskPriorityDisinherit  tasks.o
    0x08018194   0x00000078   Code   RO        10718    i.xTaskRemoveFromEventList  tasks.o
    0x0801820c   0x000000cc   Code   RO        10719    i.xTaskResumeAll    tasks.o
    0x080182d8   0x00000068   Code   RO        11043    i.xTimerCreateTimerTask  timers.o
    0x08018340   0x00000074   Code   RO        11044    i.xTimerGenericCommand  timers.o
    0x080183b4   0x0000002c   Code   RO        13002    locale$$code        c_w.l(lc_numeric_c.o)
    0x080183e0   0x0000002c   Code   RO        13067    locale$$code        c_w.l(lc_ctype_c.o)
    0x0801840c   0x000002c4   Code   RO        12494    x$fpl$d2f           g_wm.l(d2f_clz.o)
    0x080186d0   0x0000024c   Code   RO        12496    x$fpl$dadd          g_wm.l(daddsub_clz.o)
    0x0801891c   0x00000018   Code   RO        12781    x$fpl$dcmpinf       g_wm.l(dcmpi.o)
    0x08018934   0x0000037c   Code   RO        12503    x$fpl$ddiv          g_wm.l(ddiv_clz.o)
    0x08018cb0   0x0000001a   Code   RO        12518    x$fpl$dfltn         g_wm.l(dflt_clz.o)
    0x08018cca   0x00000002   PAD
    0x08018ccc   0x00000078   Code   RO        12522    x$fpl$dleqf         g_wm.l(dleqf.o)
    0x08018d44   0x000001c0   Code   RO        12524    x$fpl$dmul          g_wm.l(dmul_clz.o)
    0x08018f04   0x00000102   Code   RO        12783    x$fpl$dnaninf       g_wm.l(dnaninf.o)
    0x08019006   0x00000070   Code   RO        12785    x$fpl$drenorm       g_wm.l(drenorm_clz.o)
    0x08019076   0x0000000c   Code   RO        12787    x$fpl$dretinf       g_wm.l(dretinf.o)
    0x08019082   0x00000062   Code   RO        12526    x$fpl$drleqf        g_wm.l(drleqf.o)
    0x080190e4   0x00000050   Code   RO        12497    x$fpl$drsb          g_wm.l(daddsub_clz.o)
    0x08019134   0x00000208   Code   RO        12934    x$fpl$dsqrt         g_wm.l(dsqrt_umaalclz.o)
    0x0801933c   0x0000029c   Code   RO        12498    x$fpl$dsub          g_wm.l(daddsub_clz.o)
    0x080195d8   0x0000017a   Code   RO        12789    x$fpl$dunder        g_wm.l(dunder_clz.o)
    0x08019752   0x00000002   PAD
    0x08019754   0x000001ec   Code   RO        12791    x$fpl$exception     g_wm.l(except.o)
    0x08019940   0x0000007a   Code   RO        12528    x$fpl$f2d           g_wm.l(f2d.o)
    0x080199ba   0x000000f2   Code   RO        12793    x$fpl$fnaninf       g_wm.l(fnaninf.o)
    0x08019aac   0x0000000a   Code   RO        12936    x$fpl$fpinit        g_wm.l(fpinit.o)
    0x08019ab6   0x0000000a   Code   RO        12795    x$fpl$fretinf       g_wm.l(fretinf.o)
    0x08019ac0   0x0000013c   Code   RO        12797    x$fpl$funder        g_wm.l(funder_clz.o)
    0x08019bfc   0x00000020   Code   RO        12799    x$fpl$ieeestatus    g_wm.l(istatus.o)
    0x08019c1c   0x00000004   Code   RO        12801    x$fpl$printf1       g_wm.l(printf1.o)
    0x08019c20   0x00000004   Code   RO        12803    x$fpl$printf2       g_wm.l(printf2.o)
    0x08019c24   0x000000b2   Code   RO        12938    x$fpl$retnan        g_wm.l(retnan.o)
    0x08019cd6   0x0000007e   Code   RO        12809    x$fpl$trapveneer    g_wm.l(trapv.o)
    0x08019d54   0x00000000   Code   RO        12811    x$fpl$usenofp       g_wm.l(usenofp.o)
    0x08019d54   0x00000150   Data   RO          377    .constdata          freertos.o
    0x08019ea4   0x00000018   Data   RO         1494    .constdata          system_stm32f4xx.o
    0x08019ebc   0x0000000f   Data   RO         2289    .constdata          calibrate_task.o
    0x08019ecb   0x00000001   PAD
    0x08019ecc   0x00000054   Data   RO         2742    .constdata          detect_task.o
    0x08019f20   0x00000018   Data   RO         3010    .constdata          ins_task.o
    0x08019f38   0x00001164   Data   RO         3137    .constdata          oled_task.o
    0x0801b09c   0x0000115c   Data   RO         3654    .constdata          oled.o
    0x0801c1f8   0x00000012   Data   RO         3783    .constdata          bmi088driver.o
    0x0801c20a   0x0000000c   Data   RO         3998    .constdata          ist8310driver.o
    0x0801c216   0x00000008   Data   RO         6295    .constdata          stm32f4xx_hal_dma.o
    0x0801c21e   0x00000002   PAD
    0x0801c220   0x0000000c   Data   RO        12145    .constdata          AHRS.lib(ahrs.o)
    0x0801c22c   0x00000804   Data   RO        12355    .constdata          arm_cortexM4lf_math.lib(arm_common_tables.o)
    0x0801ca30   0x00000011   Data   RO        12472    .constdata          c_w.l(__printf_flags_ss_wp.o)
    0x0801ca41   0x00000007   PAD
    0x0801ca48   0x00000050   Data   RO        12533    .constdata          m_wm.l(acos.o)
    0x0801ca98   0x00000140   Data   RO        12589    .constdata          m_wm.l(powf.o)
    0x0801cbd8   0x00000008   Data   RO        12675    .constdata          c_w.l(_printf_wctomb.o)
    0x0801cbe0   0x00000028   Data   RO        12704    .constdata          c_w.l(_printf_hex_int_ll_ptr.o)
    0x0801cc08   0x00000026   Data   RO        12901    .constdata          c_w.l(_printf_fp_hex.o)
    0x0801cc2e   0x00000002   PAD
    0x0801cc30   0x00000094   Data   RO        12964    .constdata          c_w.l(bigflt0.o)
    0x0801ccc4   0x00000069   Data   RO          378    .conststring        freertos.o
    0x0801cd2d   0x00000003   PAD
    0x0801cd30   0x00000020   Data   RO        13117    Region$$Table       anon$$obj.o
    0x0801cd50   0x0000001c   Data   RO        13001    locale$$data        c_w.l(lc_numeric_c.o)
    0x0801cd6c   0x00000110   Data   RO        13066    locale$$data        c_w.l(lc_ctype_c.o)


    Execution Region RW_IRAM1 (Base: 0x20000000, Size: 0x0000ec68, Max: 0x00020000, ABSOLUTE, COMPRESSED[0x000001b8])

    Base Addr    Size         Type   Attr      Idx    E Section Name        Object

    0x20000000   0x00000030   Data   RW          379    .data               freertos.o
    0x20000030   0x00000004   Data   RW          484    .data               can.o
    0x20000034   0x00000008   Data   RW          531    .data               crc.o
    0x2000003c   0x0000004e   Data   RW         1171    .data               usbd_desc.o
    0x2000008a   0x00000002   PAD
    0x2000008c   0x00000014   Data   RW         1258    .data               usbd_cdc_if.o
    0x200000a0   0x00000004   Data   RW         1495    .data               system_stm32f4xx.o
    0x200000a4   0x00000004   Data   RW         1535    .data               bsp_adc.o
    0x200000a8   0x00000008   Data   RW         1789    .data               bsp_delay.o
    0x200000b0   0x00000010   Data   RW         1833    .data               bsp_flash.o
    0x200000c0   0x00000008   Data   RW         2057    .data               bsp_led.o
    0x200000c8   0x00000054   Data   RW         2290    .data               calibrate_task.o
    0x2000011c   0x000000fc   Data   RW         2676    .data               chassis_task.o
    0x20000218   0x00000015   Data   RW         2743    .data               detect_task.o
    0x2000022d   0x00000003   PAD
    0x20000230   0x000000a0   Data   RW         3011    .data               ins_task.o
    0x200002d0   0x00000017   Data   RW         3138    .data               oled_task.o
    0x200002e7   0x00000026   Data   RW         3183    .data               referee.o
    0x2000030d   0x00000001   PAD
    0x2000030e   0x00000002   Data   RW         3246    .data               referee_usart_task.o
    0x20000310   0x00000005   Data   RW         3301    .data               remote_control.o
    0x20000315   0x00000003   PAD
    0x20000318   0x0000004b   Data   RW         3433    .data               test_task.o
    0x20000363   0x00000001   PAD
    0x20000364   0x00000008   Data   RW         3477    .data               usb_task.o
    0x2000036c   0x00000008   Data   RW         3531    .data               voltage_task.o
    0x20000374   0x0000001c   Data   RW         3567    .data               led_flow_task.o
    0x20000390   0x00000010   Data   RW         3602    .data               servo_task.o
    0x200003a0   0x00000008   Data   RW         3655    .data               oled.o
    0x200003a8   0x0000002c   Data   RW         3784    .data               bmi088driver.o
    0x200003d4   0x00000118   Data   RW         4916    .data               control.o
    0x200004ec   0x0000000c   Data   RW         6717    .data               stm32f4xx_hal.o
    0x200004f8   0x0000003c   Data   RW        10722    .data               tasks.o
    0x20000534   0x00000014   Data   RW        11052    .data               timers.o
    0x20000548   0x00000020   Data   RW        11583    .data               heap_4.o
    0x20000568   0x0000000c   Data   RW        11639    .data               port.o
    0x20000574   0x00000001   Data   RW        11885    .data               usbd_ctlreq.o
    0x20000575   0x00000003   PAD
    0x20000578   0x00000053   Data   RW        12044    .data               usbd_cdc.o
    0x200005cb   0x00000001   PAD
    0x200005cc   0x00000038   Data   RW        12045    .data               usbd_cdc.o
    0x20000604   0x00000010   Data   RW        12146    .data               AHRS.lib(ahrs.o)
    0x20000614   0x000006a8   Zero   RW          376    .bss                freertos.o
    0x20000cbc   0x00000090   Zero   RW          435    .bss                adc.o
    0x20000d4c   0x00000050   Zero   RW          483    .bss                can.o
    0x20000d9c   0x000001bc   Zero   RW          599    .bss                i2c.o
    0x20000f58   0x00000010   Zero   RW          651    .bss                rng.o
    0x20000f68   0x00000020   Zero   RW          693    .bss                rtc.o
    0x20000f88   0x00000118   Zero   RW          735    .bss                spi.o
    0x200010a0   0x000001b0   Zero   RW          783    .bss                tim.o
    0x20001250   0x0000024c   Zero   RW          857    .bss                usart.o
    0x2000149c   0x000002dc   Zero   RW          907    .bss                usb_device.o
    0x20001778   0x0000072c   Zero   RW          985    .bss                usbd_conf.o
    0x20001ea4   0x00000200   Zero   RW         1170    .bss                usbd_desc.o
    0x200020a4   0x00001000   Zero   RW         1257    .bss                usbd_cdc_if.o
    0x200030a4   0x00000010   Zero   RW         1534    .bss                bsp_adc.o
    0x200030b4   0x00000115   Zero   RW         2288    .bss                calibrate_task.o
    0x200031c9   0x00000003   PAD
    0x200031cc   0x00000444   Zero   RW         2675    .bss                chassis_task.o
    0x20003610   0x0000021c   Zero   RW         2741    .bss                detect_task.o
    0x2000382c   0x000001e8   Zero   RW         2880    .bss                gimbal_task.o
    0x20003a14   0x00000134   Zero   RW         3009    .bss                ins_task.o
    0x20003b48   0x00000055   Zero   RW         3182    .bss                referee.o
    0x20003b9d   0x00000003   PAD
    0x20003ba0   0x000008e1   Zero   RW         3245    .bss                referee_usart_task.o
    0x20004481   0x00000093   Zero   RW         3300    .bss                remote_control.o
    0x20004514   0x00000417   Zero   RW         3653    .bss                oled.o
    0x2000492b   0x00000001   PAD
    0x2000492c   0x00000078   Zero   RW         4914    .bss                control.o
    0x200049a4   0x00000020   Zero   RW         5949    .bss                stm32f4xx_hal_flash.o
    0x200049c4   0x00000040   Zero   RW        10348    .bss                queue.o
    0x20004a04   0x000000f0   Zero   RW        10721    .bss                tasks.o
    0x20004af4   0x00000110   Zero   RW        11051    .bss                timers.o
    0x20004c04   0x00006000   Zero   RW        11582    .bss                heap_4.o
    0x2000ac04   0x00000060   Zero   RW        12862    .bss                c_w.l(libspace.o)
    0x2000ac64   0x00000004   PAD
    0x2000ac68   0x00002000   Zero   RW            2    HEAP                startup_stm32f407xx.o
    0x2000cc68   0x00002000   Zero   RW            1    STACK               startup_stm32f407xx.o


==============================================================================

Image component sizes


      Code (inc. data)   RO Data    RW Data    ZI Data      Debug   Object Name

       396         42          0          0        144       2238   adc.o
       168          4          0          0          0       5280   ahrs_middleware.o
      2338         40         18         44          0      10363   bmi088driver.o
       140         28          0          0          0       4672   bmi088middleware.o
         0          0          0          0          0       2432   bmp280.o
       288         44          0          4         16     622984   bsp_adc.o
        36         12          0          0          0        953   bsp_buzzer.o
        92          8          0          0          0        570   bsp_can.o
       128         20          0          8          0       1280   bsp_delay.o
       694        108          0         16          0       3961   bsp_flash.o
      1260        100          0          0          0       5693   bsp_i2c.o
        12          4          0          0          0        482   bsp_imu_pwm.o
       104         22          0          8          0        572   bsp_led.o
       260         28          0          0          0       1903   bsp_rc.o
        76         16          0          0          0        580   bsp_servo_pwm.o
     10428        170          0          0          0       5622   bsp_spi.o
       596         50          0          0          0       2255   bsp_usart.o
      1188         72         15         84        277      12666   calibrate_task.o
       432         40          0          4         80       2282   can.o
         0          0          0          0          0     598268   can_receive.o
         0          0          0          0          0       7252   chassis_behaviour.o
      2468        282          0        252       1092       8411   chassis_task.o
       130          0          0          0          0      22755   cmsis_os.o
      5144        758          0        280        120      15947   control.o
        84         18          0          8          0       1395   crc.o
      1360         50         84         21        540       4105   detect_task.o
       200          6          0          0          0        806   dma.o
         0          0          0          0          0      17164   event_groups.o
       172          0          0          0          0       8210   fifo.o
       396         74        441         48       1704       3865   freertos.o
       778         24          0          0        488       5591   gimbal_task.o
       608         26          0          0          0       1291   gpio.o
       504         32          0         32      24576       4935   heap_4.o
       888         84          0          0        444       3129   i2c.o
      4360        330         24        160        308      19128   ins_task.o
       148          6         12          0          0       1883   ist8310driver.o
       136         22          0          0          0       3871   ist8310driver_middleware.o
       432         10          0         28          0       1609   led_flow_task.o
       144          0          0          0          0       3490   list.o
       310         10          0          0          0     801904   main.o
      1092         56       4444          8       1047      10627   oled.o
       532         42       4452         23          0       2898   oled_task.o
       592          8          0          0          0       2810   pid.o
       814         92          0         12          0      11809   port.o
      1586         24          0          0         64      17396   queue.o
       184         72          0         38         85       6186   referee.o
       336         28          0          2       2273       5007   referee_usart_task.o
       626         36          0          5        147       3682   remote_control.o
        84         18          0          0         16       1395   rng.o
       116         22          0          0         32       1435   rtc.o
       116         14          0         16          0       2346   servo_task.o
       416         38          0          0        280       1835   spi.o
        64         26        392          0      16384        828   startup_stm32f407xx.o
       188         30          0         12          0       9289   stm32f4xx_hal.o
      1262         42          0          0          0       5210   stm32f4xx_hal_adc.o
       792          6          0          0          0       3877   stm32f4xx_hal_can.o
       208         16          0          0          0      33591   stm32f4xx_hal_cortex.o
        36          0          0          0          0       1027   stm32f4xx_hal_crc.o
       948         18          8          0          0       5438   stm32f4xx_hal_dma.o
       568         74          0          0         32       5922   stm32f4xx_hal_flash.o
       380         24          0          0          0       3282   stm32f4xx_hal_flash_ex.o
       594         24          0          0          0       2923   stm32f4xx_hal_gpio.o
      7354        104          0          0          0      40462   stm32f4xx_hal_i2c.o
        84          6          0          0          0        802   stm32f4xx_hal_msp.o
      2836         12          0          0          0      14260   stm32f4xx_hal_pcd.o
        84          0          0          0          0       2497   stm32f4xx_hal_pcd_ex.o
      1722        104          0          0          0       6420   stm32f4xx_hal_rcc.o
       380         34          0          0          0       1492   stm32f4xx_hal_rcc_ex.o
        52          0          0          0          0       1059   stm32f4xx_hal_rng.o
       324          0          0          0          0       3291   stm32f4xx_hal_rtc.o
      1010         14          0          0          0       4761   stm32f4xx_hal_spi.o
      1770         56          0          0          0      13319   stm32f4xx_hal_tim.o
       256          0          0          0          0       2240   stm32f4xx_hal_tim_ex.o
       352          4          0          0          0       1856   stm32f4xx_hal_uart.o
       272         72          0          0          0      10725   stm32f4xx_it.o
      3186        100          0          0          0      24319   stm32f4xx_ll_usb.o
       100         18         24          4          0       1107   system_stm32f4xx.o
      2902        244          0         60        240      33693   tasks.o
       276         56          0         75          0       5210   test_task.o
      2124        162          0          0        432       6627   tim.o
      1088         94          0         20        272      30571   timers.o
       924         90          0          0        588       3336   usart.o
        76         16          0          0        732       2507   usb_device.o
        28          4          0          8          0       2306   usb_task.o
      1362         36          0        139          0      13603   usbd_cdc.o
       148         16          0         20       4096       3298   usbd_cdc_if.o
      1004         24          0          0       1836      16400   usbd_conf.o
      1042          0          0          0          0      16045   usbd_core.o
      1908         28          0          1          0      17752   usbd_ctlreq.o
       386        122          0         78        512       6445   usbd_desc.o
       132          0          0          0          0       4416   usbd_ioreq.o
        26          0          0          0          0        575   user_lib.o
       336         72          0          8          0       1989   voltage_task.o
      2064          6          0          0          0      22061   vt_math.o

    ----------------------------------------------------------------------
     84130       4744       9952       1540      58864    2676054   Object Totals
         0          0         32          0          0          0   (incl. Generated)
        90          0          6         14          7          0   (incl. Padding)

    ----------------------------------------------------------------------

      Code (inc. data)   RO Data    RW Data    ZI Data      Debug   Library Member Name

      2718         84         12         16          0       9922   ahrs.o
         0          0       2052          0          0       4636   arm_common_tables.o
       120         12          0          0          0      16970   arm_cos_f32.o
       116         12          0          0          0        658   arm_sin_f32.o
        90          0          0          0          0          0   __dczerorl2.o
         8          0          0          0          0         68   __main.o
       392          4         17          0          0         92   __printf_flags_ss_wp.o
        14          0          0          0          0         68   __printf_wp.o
         0          0          0          0          0          0   __rtentry.o
        12          0          0          0          0          0   __rtentry2.o
         6          0          0          0          0          0   __rtentry4.o
        52          8          0          0          0          0   __scatter.o
        28          0          0          0          0          0   __scatter_zi.o
        48          4          0          0          0         84   _fptrap.o
         6          0          0          0          0          0   _printf_a.o
         6          0          0          0          0          0   _printf_c.o
        44          0          0          0          0        108   _printf_char.o
        48          6          0          0          0         96   _printf_char_common.o
        40          0          0          0          0         68   _printf_charcount.o
         6          0          0          0          0          0   _printf_d.o
       120         16          0          0          0         92   _printf_dec.o
         6          0          0          0          0          0   _printf_e.o
         6          0          0          0          0          0   _printf_f.o
      1050          0          0          0          0        216   _printf_fp_dec.o
       764          8         38          0          0        100   _printf_fp_hex.o
       128         16          0          0          0         84   _printf_fp_infnan.o
         6          0          0          0          0          0   _printf_g.o
       148          4         40          0          0        160   _printf_hex_int_ll_ptr.o
         6          0          0          0          0          0   _printf_i.o
       178          0          0          0          0         88   _printf_intcommon.o
        10          0          0          0          0          0   _printf_l.o
         6          0          0          0          0          0   _printf_lc.o
        10          0          0          0          0          0   _printf_ll.o
         6          0          0          0          0          0   _printf_lld.o
         6          0          0          0          0          0   _printf_lli.o
         6          0          0          0          0          0   _printf_llo.o
         6          0          0          0          0          0   _printf_llu.o
         6          0          0          0          0          0   _printf_llx.o
       124         16          0          0          0         92   _printf_longlong_dec.o
         6          0          0          0          0          0   _printf_ls.o
         6          0          0          0          0          0   _printf_n.o
         6          0          0          0          0          0   _printf_o.o
       112         10          0          0          0        124   _printf_oct_int_ll.o
         6          0          0          0          0          0   _printf_p.o
        78          0          0          0          0        108   _printf_pad.o
         0          0          0          0          0          0   _printf_percent.o
         4          0          0          0          0          0   _printf_percent_end.o
         6          0          0          0          0          0   _printf_s.o
        82          0          0          0          0         80   _printf_str.o
        36          0          0          0          0         84   _printf_truncate.o
         6          0          0          0          0          0   _printf_u.o
        44          0          0          0          0        108   _printf_wchar.o
       188          6          8          0          0         92   _printf_wctomb.o
         6          0          0          0          0          0   _printf_x.o
        22          0          0          0          0        100   _rserrno.o
        10          0          0          0          0         68   _sputc.o
        64          0          0          0          0         92   _wcrtomb.o
        16          0          0          0          0         68   aeabi_memset.o
       220          4        148          0          0         96   bigflt0.o
      1910        128          0          0          0        672   btod.o
        10          0          0          0          0         68   defsig_exit.o
       172        110          0          0          0         76   defsig_fpe_inner.o
        14          0          0          0          0         80   defsig_fpe_outer.o
        50          0          0          0          0         88   defsig_general.o
        18          0          0          0          0         80   exit.o
         6          0          0          0          0        152   heapauxi.o
         0          0          0          0          0          0   indicate_semi.o
        44         10        272          0          0         76   lc_ctype_c.o
        44         10         28          0          0         76   lc_numeric_c.o
         2          0          0          0          0          0   libinit.o
        34          0          0          0          0          0   libinit2.o
         2          0          0          0          0          0   libshutdown.o
         2          0          0          0          0          0   libshutdown2.o
         8          4          0          0         96         68   libspace.o
       138          0          0          0          0         80   lludiv10.o
       238          0          0          0          0        100   lludivv7m.o
        16          4          0          0          0         76   rt_ctype_table.o
         8          4          0          0          0         68   rt_errno_addr_intlibspace.o
         8          4          0          0          0         68   rt_locale_intlibspace.o
        68          0          0          0          0         68   rt_memclr.o
        78          0          0          0          0         80   rt_memclr_w.o
       138          0          0          0          0         68   rt_memcpy_v6.o
       100          0          0          0          0         80   rt_memcpy_w.o
         2          0          0          0          0          0   rtexit.o
        10          0          0          0          0          0   rtexit2.o
       128          0          0          0          0         68   strcmpv7m.o
        62          0          0          0          0         76   strlen.o
        12          4          0          0          0         68   sys_exit.o
        74          0          0          0          0         80   sys_stackheap_outer.o
        14          0          0          0          0         76   sys_wrch.o
         2          0          0          0          0         68   use_no_semi.o
        36          4          0          0          0         76   vsprintf.o
       708         16          0          0          0        140   d2f_clz.o
      1336         32          0          0          0        532   daddsub_clz.o
        24          0          0          0          0        116   dcmpi.o
       892        152          0          0          0        292   ddiv_clz.o
        26          0          0          0          0        116   dflt_clz.o
       120          8          0          0          0        140   dleqf.o
       448         16          0          0          0        164   dmul_clz.o
       258          4          0          0          0        156   dnaninf.o
       112          0          0          0          0        160   drenorm_clz.o
        12          0          0          0          0        116   dretinf.o
        98          0          0          0          0        128   drleqf.o
       520         56          0          0          0        180   dsqrt_umaalclz.o
       378          0          0          0          0        168   dunder_clz.o
       492         36          0          0          0        148   except.o
       122          8          0          0          0        132   f2d.o
       242          4          0          0          0        144   fnaninf.o
        10          0          0          0          0        116   fpinit.o
        10          0          0          0          0        116   fretinf.o
       316          0          0          0          0        132   funder_clz.o
        32          4          0          0          0        116   istatus.o
         4          0          0          0          0        116   printf1.o
         4          0          0          0          0        116   printf2.o
       178          0          0          0          0        116   retnan.o
       126          0          0          0          0        148   trapv.o
         0          0          0          0          0          0   usenofp.o
       856        118         80          0          0        288   acos.o
       300         42          0          0          0        176   asinf.o
       592         90          0          0          0        184   atan2f.o
        52          8          0          0          0        248   dunder.o
        48          0          0          0          0        124   fpclassify.o
        38          0          0          0          0        116   fpclassifyf.o
        80         24          0          0          0        696   funder.o
       248          0          0          0          0        152   poly.o
      1636        110        320          0          0        372   powf.o
       110          0          0          0          0        148   sqrt_full.o
       120          0          0          0          0        272   sqrtf_full.o

    ----------------------------------------------------------------------
     21290       1220       3024         16        100      43842   Library Totals
        30          0          9          0          4          0   (incl. Padding)

    ----------------------------------------------------------------------

      Code (inc. data)   RO Data    RW Data    ZI Data      Debug   Library Name

      2718         84         12         16          0       9922   AHRS.lib
       236         24       2052          0          0      22264   arm_cortexM4lf_math.lib
      7758        384        551          0         96       5072   c_w.l
      6468        336          0          0          0       3808   g_wm.l
      4080        392        400          0          0       2776   m_wm.l

    ----------------------------------------------------------------------
     21290       1220       3024         16        100      43842   Library Totals

    ----------------------------------------------------------------------

==============================================================================


      Code (inc. data)   RO Data    RW Data    ZI Data      Debug   

    105420       5964      12976       1556      58964    2655936   Grand Totals
    105420       5964      12976        440      58964    2655936   ELF Image Totals (compressed)
    105420       5964      12976        440          0          0   ROM Totals

==============================================================================

    Total RO  Size (Code + RO Data)               118396 ( 115.62kB)
    Total RW  Size (RW Data + ZI Data)             60520 (  59.10kB)
    Total ROM Size (Code + RO Data + RW Data)     118836 ( 116.05kB)

==============================================================================

