Component: ARM Compiler 5.06 update 7 (build 960) Tool: armlink [4d3601]

==============================================================================

Section Cross References

    startup_stm32f407xx.o(STACK) refers (Special) to heapauxi.o(.text) for __use_two_region_memory
    startup_stm32f407xx.o(HEAP) refers (Special) to heapauxi.o(.text) for __use_two_region_memory
    startup_stm32f407xx.o(RESET) refers (Special) to heapauxi.o(.text) for __use_two_region_memory
    startup_stm32f407xx.o(RESET) refers to startup_stm32f407xx.o(STACK) for __initial_sp
    startup_stm32f407xx.o(RESET) refers to startup_stm32f407xx.o(.text) for Reset_Handler
    startup_stm32f407xx.o(RESET) refers to stm32f4xx_it.o(i.NMI_Handler) for NMI_Handler
    startup_stm32f407xx.o(RESET) refers to stm32f4xx_it.o(i.HardFault_Handler) for HardFault_Handler
    startup_stm32f407xx.o(RESET) refers to stm32f4xx_it.o(i.MemManage_Handler) for MemManage_Handler
    startup_stm32f407xx.o(RESET) refers to stm32f4xx_it.o(i.BusFault_Handler) for BusFault_Handler
    startup_stm32f407xx.o(RESET) refers to stm32f4xx_it.o(i.UsageFault_Handler) for UsageFault_Handler
    startup_stm32f407xx.o(RESET) refers to port.o(.emb_text) for SVC_Handler
    startup_stm32f407xx.o(RESET) refers to stm32f4xx_it.o(i.DebugMon_Handler) for DebugMon_Handler
    startup_stm32f407xx.o(RESET) refers to stm32f4xx_it.o(i.SysTick_Handler) for SysTick_Handler
    startup_stm32f407xx.o(RESET) refers to stm32f4xx_it.o(i.EXTI0_IRQHandler) for EXTI0_IRQHandler
    startup_stm32f407xx.o(RESET) refers to stm32f4xx_it.o(i.EXTI3_IRQHandler) for EXTI3_IRQHandler
    startup_stm32f407xx.o(RESET) refers to stm32f4xx_it.o(i.EXTI4_IRQHandler) for EXTI4_IRQHandler
    startup_stm32f407xx.o(RESET) refers to stm32f4xx_it.o(i.DMA1_Stream0_IRQHandler) for DMA1_Stream0_IRQHandler
    startup_stm32f407xx.o(RESET) refers to stm32f4xx_it.o(i.DMA1_Stream2_IRQHandler) for DMA1_Stream2_IRQHandler
    startup_stm32f407xx.o(RESET) refers to stm32f4xx_it.o(i.EXTI9_5_IRQHandler) for EXTI9_5_IRQHandler
    startup_stm32f407xx.o(RESET) refers to stm32f4xx_it.o(i.I2C1_EV_IRQHandler) for I2C1_EV_IRQHandler
    startup_stm32f407xx.o(RESET) refers to stm32f4xx_it.o(i.I2C1_ER_IRQHandler) for I2C1_ER_IRQHandler
    startup_stm32f407xx.o(RESET) refers to stm32f4xx_it.o(i.I2C2_EV_IRQHandler) for I2C2_EV_IRQHandler
    startup_stm32f407xx.o(RESET) refers to stm32f4xx_it.o(i.I2C2_ER_IRQHandler) for I2C2_ER_IRQHandler
    startup_stm32f407xx.o(RESET) refers to stm32f4xx_it.o(i.USART1_IRQHandler) for USART1_IRQHandler
    startup_stm32f407xx.o(RESET) refers to remote_control.o(i.USART3_IRQHandler) for USART3_IRQHandler
    startup_stm32f407xx.o(RESET) refers to bsp_i2c.o(i.DMA1_Stream7_IRQHandler) for DMA1_Stream7_IRQHandler
    startup_stm32f407xx.o(RESET) refers to stm32f4xx_it.o(i.DMA2_Stream1_IRQHandler) for DMA2_Stream1_IRQHandler
    startup_stm32f407xx.o(RESET) refers to ins_task.o(i.DMA2_Stream2_IRQHandler) for DMA2_Stream2_IRQHandler
    startup_stm32f407xx.o(RESET) refers to stm32f4xx_it.o(i.OTG_FS_IRQHandler) for OTG_FS_IRQHandler
    startup_stm32f407xx.o(RESET) refers to stm32f4xx_it.o(i.DMA2_Stream5_IRQHandler) for DMA2_Stream5_IRQHandler
    startup_stm32f407xx.o(RESET) refers to stm32f4xx_it.o(i.DMA2_Stream6_IRQHandler) for DMA2_Stream6_IRQHandler
    startup_stm32f407xx.o(RESET) refers to stm32f4xx_it.o(i.DMA2_Stream7_IRQHandler) for DMA2_Stream7_IRQHandler
    startup_stm32f407xx.o(RESET) refers to referee_usart_task.o(i.USART6_IRQHandler) for USART6_IRQHandler
    startup_stm32f407xx.o(RESET) refers to stm32f4xx_it.o(i.I2C3_EV_IRQHandler) for I2C3_EV_IRQHandler
    startup_stm32f407xx.o(RESET) refers to stm32f4xx_it.o(i.I2C3_ER_IRQHandler) for I2C3_ER_IRQHandler
    startup_stm32f407xx.o(.text) refers (Special) to heapauxi.o(.text) for __use_two_region_memory
    startup_stm32f407xx.o(.text) refers to system_stm32f4xx.o(i.SystemInit) for SystemInit
    startup_stm32f407xx.o(.text) refers to __main.o(!!!main) for __main
    startup_stm32f407xx.o(.text) refers to startup_stm32f407xx.o(HEAP) for Heap_Mem
    startup_stm32f407xx.o(.text) refers to startup_stm32f407xx.o(STACK) for Stack_Mem
    main.o(i.SystemClock_Config) refers to rt_memclr_w.o(.text) for __aeabi_memclr4
    main.o(i.SystemClock_Config) refers to stm32f4xx_hal_rcc.o(i.HAL_RCC_OscConfig) for HAL_RCC_OscConfig
    main.o(i.SystemClock_Config) refers to main.o(i.Error_Handler) for Error_Handler
    main.o(i.SystemClock_Config) refers to stm32f4xx_hal_rcc.o(i.HAL_RCC_ClockConfig) for HAL_RCC_ClockConfig
    main.o(i.main) refers to stm32f4xx_hal.o(i.HAL_Init) for HAL_Init
    main.o(i.main) refers to main.o(i.SystemClock_Config) for SystemClock_Config
    main.o(i.main) refers to gpio.o(i.MX_GPIO_Init) for MX_GPIO_Init
    main.o(i.main) refers to dma.o(i.MX_DMA_Init) for MX_DMA_Init
    main.o(i.main) refers to adc.o(i.MX_ADC1_Init) for MX_ADC1_Init
    main.o(i.main) refers to adc.o(i.MX_ADC3_Init) for MX_ADC3_Init
[...]
    0x080046d0   0x080046d0   0x00000080   Code   RO         6155    i.HAL_FLASH_Program  stm32f4xx_hal_flash.o
    0x08004750   0x08004750   0x00000034   Code   RO         6157    i.HAL_FLASH_Unlock  stm32f4xx_hal_flash.o
    0x08004784   0x08004784   0x000000b8   Code   RO         3167    i.HAL_GPIO_EXTI_Callback  ins_task.o
    0x0800483c   0x0800483c   0x00000018   Code   RO         6384    i.HAL_GPIO_EXTI_IRQHandler  stm32f4xx_hal_gpio.o
    0x08004854   0x08004854   0x0000022c   Code   RO         6385    i.HAL_GPIO_Init     stm32f4xx_hal_gpio.o
    0x08004a80   0x08004a80   0x0000000e   Code   RO         6389    i.HAL_GPIO_WritePin  stm32f4xx_hal_gpio.o
    0x08004a8e   0x08004a8e   0x00000002   PAD
    0x08004a90   0x08004a90   0x0000000c   Code   RO         6912    i.HAL_GetTick       stm32f4xx_hal.o
    0x08004a9c   0x08004a9c   0x00000002   Code   RO         7729    i.HAL_I2C_AbortCpltCallback  stm32f4xx_hal_i2c.o
    0x08004a9e   0x08004a9e   0x00000002   Code   RO         7730    i.HAL_I2C_AddrCallback  stm32f4xx_hal_i2c.o
    0x08004aa0   0x08004aa0   0x000000c0   Code   RO         7733    i.HAL_I2C_ER_IRQHandler  stm32f4xx_hal_i2c.o
    0x08004b60   0x08004b60   0x000001d0   Code   RO         7734    i.HAL_I2C_EV_IRQHandler  stm32f4xx_hal_i2c.o
    0x08004d30   0x08004d30   0x00000002   Code   RO         7736    i.HAL_I2C_ErrorCallback  stm32f4xx_hal_i2c.o
    0x08004d32   0x08004d32   0x00000002   PAD
    0x08004d34   0x08004d34   0x000001ac   Code   RO         7740    i.HAL_I2C_Init      stm32f4xx_hal_i2c.o
    0x08004ee0   0x08004ee0   0x00000002   Code   RO         7742    i.HAL_I2C_ListenCpltCallback  stm32f4xx_hal_i2c.o
    0x08004ee2   0x08004ee2   0x00000002   Code   RO         7743    i.HAL_I2C_MasterRxCpltCallback  stm32f4xx_hal_i2c.o
    0x08004ee4   0x08004ee4   0x00000002   Code   RO         7744    i.HAL_I2C_MasterTxCpltCallback  stm32f4xx_hal_i2c.o
    0x08004ee6   0x08004ee6   0x00000002   PAD
    0x08004ee8   0x08004ee8   0x00000160   Code   RO         7753    i.HAL_I2C_Master_Transmit  stm32f4xx_hal_i2c.o
    0x08005048   0x08005048   0x00000002   Code   RO         7756    i.HAL_I2C_MemRxCpltCallback  stm32f4xx_hal_i2c.o
    0x0800504a   0x0800504a   0x00000002   Code   RO         7757    i.HAL_I2C_MemTxCpltCallback  stm32f4xx_hal_i2c.o
    0x0800504c   0x0800504c   0x000002c0   Code   RO         7758    i.HAL_I2C_Mem_Read  stm32f4xx_hal_i2c.o
    0x0800530c   0x0800530c   0x00000174   Code   RO         7761    i.HAL_I2C_Mem_Write  stm32f4xx_hal_i2c.o
    0x08005480   0x08005480   0x000002c4   Code   RO          595    i.HAL_I2C_MspInit   i2c.o
    0x08005744   0x08005744   0x00000002   Code   RO         7766    i.HAL_I2C_SlaveRxCpltCallback  stm32f4xx_hal_i2c.o
    0x08005746   0x08005746   0x00000002   Code   RO         7767    i.HAL_I2C_SlaveTxCpltCallback  stm32f4xx_hal_i2c.o
    0x08005748   0x08005748   0x00000010   Code   RO         6918    i.HAL_IncTick       stm32f4xx_hal.o
    0x08005758   0x08005758   0x00000034   Code   RO         6919    i.HAL_Init          stm32f4xx_hal.o
    0x0800578c   0x0800578c   0x00000044   Code   RO         6920    i.HAL_InitTick      stm32f4xx_hal.o
    0x080057d0   0x080057d0   0x00000054   Code   RO         1480    i.HAL_MspInit       stm32f4xx_hal_msp.o
    0x08005824   0x08005824   0x0000001c   Code   RO         6774    i.HAL_NVIC_EnableIRQ  stm32f4xx_hal_cortex.o
    0x08005840   0x08005840   0x00000068   Code   RO         6780    i.HAL_NVIC_SetPriority  stm32f4xx_hal_cortex.o
    0x080058a8   0x080058a8   0x00000024   Code   RO         6781    i.HAL_NVIC_SetPriorityGrouping  stm32f4xx_hal_cortex.o
    0x080058cc   0x080058cc   0x00000002   Code   RO         5633    i.HAL_PCDEx_LPM_Callback  stm32f4xx_hal_pcd_ex.o
    0x080058ce   0x080058ce   0x00000008   Code   RO         5634    i.HAL_PCDEx_SetRxFiFo  stm32f4xx_hal_pcd_ex.o
    0x080058d6   0x080058d6   0x0000004a   Code   RO         5635    i.HAL_PCDEx_SetTxFiFo  stm32f4xx_hal_pcd_ex.o
    0x08005920   0x08005920   0x0000000e   Code   RO          954    i.HAL_PCD_ConnectCallback  usbd_conf.o
    0x0800592e   0x0800592e   0x00000020   Code   RO          955    i.HAL_PCD_DataInStageCallback  usbd_conf.o
    0x0800594e   0x0800594e   0x00000020   Code   RO          956    i.HAL_PCD_DataOutStageCallback  usbd_conf.o
    0x0800596e   0x0800596e   0x0000000e   Code   RO          957    i.HAL_PCD_DisconnectCallback  usbd_conf.o
    0x0800597c   0x0800597c   0x00000020   Code   RO         5398    i.HAL_PCD_EP_Abort  stm32f4xx_hal_pcd.o
    0x0800599c   0x0800599c   0x0000004a   Code   RO         5399    i.HAL_PCD_EP_Close  stm32f4xx_hal_pcd.o
    0x080059e6   0x080059e6   0x0000005c   Code   RO         5400    i.HAL_PCD_EP_ClrStall  stm32f4xx_hal_pcd.o
    0x08005a42   0x08005a42   0x00000012   Code   RO         5402    i.HAL_PCD_EP_GetRxCount  stm32f4xx_hal_pcd.o
    0x08005a54   0x08005a54   0x0000005c   Code   RO         5403    i.HAL_PCD_EP_Open   stm32f4xx_hal_pcd.o
    0x08005ab0   0x08005ab0   0x00000046   Code   RO         5404    i.HAL_PCD_EP_Receive  stm32f4xx_hal_pcd.o
    0x08005af6   0x08005af6   0x00000074   Code   RO         5405    i.HAL_PCD_EP_SetStall  stm32f4xx_hal_pcd.o
    0x08005b6a   0x08005b6a   0x00000046   Code   RO         5406    i.HAL_PCD_EP_Transmit  stm32f4xx_hal_pcd.o
    0x08005bb0   0x08005bb0   0x00000564   Code   RO         5408    i.HAL_PCD_IRQHandler  stm32f4xx_hal_pcd.o
    0x08006114   0x08006114   0x00000012   Code   RO          958    i.HAL_PCD_ISOINIncompleteCallback  usbd_conf.o
    0x08006126   0x08006126   0x00000012   Code   RO          959    i.HAL_PCD_ISOOUTIncompleteCallback  usbd_conf.o
    0x08006138   0x08006138   0x00000140   Code   RO         5411    i.HAL_PCD_Init      stm32f4xx_hal_pcd.o
    0x08006278   0x08006278   0x000000a8   Code   RO          961    i.HAL_PCD_MspInit   usbd_conf.o
    0x08006320   0x08006320   0x00000030   Code   RO          962    i.HAL_PCD_ResetCallback  usbd_conf.o
    0x08006350   0x08006350   0x0000000e   Code   RO          963    i.HAL_PCD_ResumeCallback  usbd_conf.o
    0x0800635e   0x0800635e   0x0000000e   Code   RO          964    i.HAL_PCD_SOFCallback  usbd_conf.o
    0x0800636c   0x0800636c   0x00000028   Code   RO         5417    i.HAL_PCD_SetAddress  stm32f4xx_hal_pcd.o
    0x08006394   0x08006394   0x00000012   Code   RO          965    i.HAL_PCD_SetupStageCallback  usbd_conf.o
    0x080063a6   0x080063a6   0x00000042   Code   RO         5420    i.HAL_PCD_Start     stm32f4xx_hal_pcd.o
    0x080063e8   0x080063e8   0x00000034   Code   RO          966    i.HAL_PCD_SuspendCallback  usbd_conf.o
    0x0800641c   0x0800641c   0x0000017c   Code   RO         6091    i.HAL_RCCEx_PeriphCLKConfig  stm32f4xx_hal_rcc_ex.o
    0x08006598   0x08006598   0x0000017c   Code   RO         5986    i.HAL_RCC_ClockConfig  stm32f4xx_hal_rcc.o
    0x08006714   0x08006714   0x0000000c   Code   RO         5991    i.HAL_RCC_GetHCLKFreq  stm32f4xx_hal_rcc.o
    0x08006720   0x08006720   0x00000020   Code   RO         5993    i.HAL_RCC_GetPCLK1Freq  stm32f4xx_hal_rcc.o
    0x08006740   0x08006740   0x00000020   Code   RO         5994    i.HAL_RCC_GetPCLK2Freq  stm32f4xx_hal_rcc.o
    0x08006760   0x08006760   0x00000070   Code   RO         5995    i.HAL_RCC_GetSysClockFreq  stm32f4xx_hal_rcc.o
    0x080067d0   0x080067d0   0x00000482   Code   RO         5998    i.HAL_RCC_OscConfig  stm32f4xx_hal_rcc.o
    0x08006c52   0x08006c52   0x00000034   Code   RO         8228    i.HAL_RNG_Init      stm32f4xx_hal_rng.o
    0x08006c86   0x08006c86   0x00000002   PAD
    0x08006c88   0x08006c88   0x00000034   Code   RO          649    i.HAL_RNG_MspInit   rng.o
    0x08006cbc   0x08006cbc   0x00000094   Code   RO         8334    i.HAL_RTC_Init      stm32f4xx_hal_rtc.o
    0x08006d50   0x08006d50   0x00000040   Code   RO          691    i.HAL_RTC_MspInit   rtc.o
    0x08006d90   0x08006d90   0x0000003c   Code   RO         8342    i.HAL_RTC_WaitForSynchro  stm32f4xx_hal_rtc.o
    0x08006dcc   0x08006dcc   0x000000be   Code   RO         8734    i.HAL_SPI_Init      stm32f4xx_hal_spi.o
    0x08006e8a   0x08006e8a   0x00000002   PAD
    0x08006e8c   0x08006e8c   0x00000158   Code   RO          733    i.HAL_SPI_MspInit   spi.o
    0x08006fe4   0x08006fe4   0x000001f8   Code   RO         8743    i.HAL_SPI_TransmitReceive  stm32f4xx_hal_spi.o
    0x080071dc   0x080071dc   0x00000028   Code   RO         6785    i.HAL_SYSTICK_Config  stm32f4xx_hal_cortex.o
    0x08007204   0x08007204   0x00000066   Code   RO         9765    i.HAL_TIMEx_ConfigBreakDeadTime  stm32f4xx_hal_tim_ex.o
    0x0800726a   0x0800726a   0x0000009a   Code   RO         9781    i.HAL_TIMEx_MasterConfigSynchronization  stm32f4xx_hal_tim_ex.o
    0x08007304   0x08007304   0x0000005c   Code   RO         9047    i.HAL_TIM_Base_Init  stm32f4xx_hal_tim.o
    0x08007360   0x08007360   0x0000011c   Code   RO          775    i.HAL_TIM_Base_MspInit  tim.o
    0x0800747c   0x0800747c   0x00000080   Code   RO         9050    i.HAL_TIM_Base_Start  stm32f4xx_hal_tim.o
    0x080074fc   0x080074fc   0x000000ea   Code   RO         9056    i.HAL_TIM_ConfigClockSource  stm32f4xx_hal_tim.o
    0x080075e6   0x080075e6   0x00000002   PAD
    0x080075e8   0x080075e8   0x000002c0   Code   RO          776    i.HAL_TIM_MspPostInit  tim.o
    0x080078a8   0x080078a8   0x000000d8   Code   RO         9119    i.HAL_TIM_PWM_ConfigChannel  stm32f4xx_hal_tim.o
    0x08007980   0x08007980   0x0000005c   Code   RO         9122    i.HAL_TIM_PWM_Init  stm32f4xx_hal_tim.o
    0x080079dc   0x080079dc   0x00000002   Code   RO         9124    i.HAL_TIM_PWM_MspInit  stm32f4xx_hal_tim.o
    0x080079de   0x080079de   0x00000002   PAD
    0x080079e0   0x080079e0   0x000000dc   Code   RO         9127    i.HAL_TIM_PWM_Start  stm32f4xx_hal_tim.o
    0x08007abc   0x08007abc   0x00000062   Code   RO        10038    i.HAL_UARTEx_ReceiveToIdle_DMA  stm32f4xx_hal_uart.o
    0x08007b1e   0x08007b1e   0x00000002   PAD
    0x08007b20   0x08007b20   0x000000b0   Code   RO         3602    i.HAL_UARTEx_RxEventCallback  test_task.o
    0x08007bd0   0x08007bd0   0x00000040   Code   RO         3603    i.HAL_UART_ErrorCallback  test_task.o
    0x08007c10   0x08007c10   0x00000260   Code   RO        10057    i.HAL_UART_IRQHandler  stm32f4xx_hal_uart.o
    0x08007e70   0x08007e70   0x00000064   Code   RO        10058    i.HAL_UART_Init     stm32f4xx_hal_uart.o
    0x08007ed4   0x08007ed4   0x00000344   Code   RO          853    i.HAL_UART_MspInit  usart.o
    0x08008218   0x08008218   0x00000002   Code   RO        10064    i.HAL_UART_RxCpltCallback  stm32f4xx_hal_uart.o
    0x0800821a   0x0800821a   0x00000002   Code   RO        10065    i.HAL_UART_RxHalfCpltCallback  stm32f4xx_hal_uart.o
    0x0800821c   0x0800821c   0x00000002   Code   RO        10069    i.HAL_UART_TxCpltCallback  stm32f4xx_hal_uart.o
    0x0800821e   0x0800821e   0x00000004   Code   RO         1320    i.HardFault_Handler  stm32f4xx_it.o
    0x08008222   0x08008222   0x00000002   PAD
    0x08008224   0x08008224   0x00000010   Code   RO         1321    i.I2C1_ER_IRQHandler  stm32f4xx_it.o
    0x08008234   0x08008234   0x00000010   Code   RO         1322    i.I2C1_EV_IRQHandler  stm32f4xx_it.o
    0x08008244   0x08008244   0x00000020   Code   RO         1965    i.I2C2_DMA_transmit  bsp_i2c.o
    0x08008264   0x08008264   0x00000010   Code   RO         1323    i.I2C2_ER_IRQHandler  stm32f4xx_it.o
    0x08008274   0x08008274   0x00000010   Code   RO         1324    i.I2C2_EV_IRQHandler  stm32f4xx_it.o
    0x08008284   0x08008284   0x000000c0   Code   RO         1966    i.I2C2_tx_DMA_enable  bsp_i2c.o
    0x08008344   0x08008344   0x000000c0   Code   RO         1967    i.I2C2_tx_DMA_init  bsp_i2c.o
    0x08008404   0x08008404   0x00000010   Code   RO         1325    i.I2C3_ER_IRQHandler  stm32f4xx_it.o
    0x08008414   0x08008414   0x00000010   Code   RO         1326    i.I2C3_EV_IRQHandler  stm32f4xx_it.o
    0x08008424   0x08008424   0x0000001c   Code   RO         7778    i.I2C_ConvertOtherXferOptions  stm32f4xx_hal_i2c.o
    0x08008440   0x08008440   0x000000cc   Code   RO         7779    i.I2C_DMAAbort      stm32f4xx_hal_i2c.o
    0x0800850c   0x0800850c   0x0000016c   Code   RO         7782    i.I2C_ITError       stm32f4xx_hal_i2c.o
    0x08008678   0x08008678   0x00000032   Code   RO         7783    i.I2C_IsAcknowledgeFailed  stm32f4xx_hal_i2c.o
    0x080086aa   0x080086aa   0x00000100   Code   RO         7784    i.I2C_MasterReceive_BTF  stm32f4xx_hal_i2c.o
    0x080087aa   0x080087aa   0x000000dc   Code   RO         7785    i.I2C_MasterReceive_RXNE  stm32f4xx_hal_i2c.o
    0x08008886   0x08008886   0x00000002   PAD
    0x08008888   0x08008888   0x000000b4   Code   RO         7787    i.I2C_MasterRequestWrite  stm32f4xx_hal_i2c.o
    0x0800893c   0x0800893c   0x00000096   Code   RO         7788    i.I2C_MasterTransmit_BTF  stm32f4xx_hal_i2c.o
    0x080089d2   0x080089d2   0x000000c4   Code   RO         7789    i.I2C_MasterTransmit_TXE  stm32f4xx_hal_i2c.o
    0x08008a96   0x08008a96   0x0000002a   Code   RO         7790    i.I2C_Master_ADD10  stm32f4xx_hal_i2c.o
    0x08008ac0   0x08008ac0   0x000001d2   Code   RO         7791    i.I2C_Master_ADDR   stm32f4xx_hal_i2c.o
    0x08008c92   0x08008c92   0x000000a0   Code   RO         7792    i.I2C_Master_SB     stm32f4xx_hal_i2c.o
    0x08008d32   0x08008d32   0x000000b6   Code   RO         7793    i.I2C_MemoryTransmit_TXE_BTF  stm32f4xx_hal_i2c.o
    0x08008de8   0x08008de8   0x00000154   Code   RO         7794    i.I2C_RequestMemoryRead  stm32f4xx_hal_i2c.o
    0x08008f3c   0x08008f3c   0x000000d0   Code   RO         7795    i.I2C_RequestMemoryWrite  stm32f4xx_hal_i2c.o
    0x0800900c   0x0800900c   0x0000001c   Code   RO         7796    i.I2C_SlaveReceive_BTF  stm32f4xx_hal_i2c.o
    0x08009028   0x08009028   0x00000044   Code   RO         7797    i.I2C_SlaveReceive_RXNE  stm32f4xx_hal_i2c.o
    0x0800906c   0x0800906c   0x0000001c   Code   RO         7798    i.I2C_SlaveTransmit_BTF  stm32f4xx_hal_i2c.o
    0x08009088   0x08009088   0x00000044   Code   RO         7799    i.I2C_SlaveTransmit_TXE  stm32f4xx_hal_i2c.o
    0x080090cc   0x080090cc   0x0000004e   Code   RO         7800    i.I2C_Slave_ADDR    stm32f4xx_hal_i2c.o
    0x0800911a   0x0800911a   0x00000002   PAD
    0x0800911c   0x0800911c   0x00000084   Code   RO         7801    i.I2C_Slave_AF      stm32f4xx_hal_i2c.o
    0x080091a0   0x080091a0   0x00000160   Code   RO         7802    i.I2C_Slave_STOPF   stm32f4xx_hal_i2c.o
    0x08009300   0x08009300   0x000000fc   Code   RO         1968    i.I2C_TX_DMA_START  bsp_i2c.o
    0x080093fc   0x080093fc   0x0000005c   Code   RO         7803    i.I2C_WaitOnBTFFlagUntilTimeout  stm32f4xx_hal_i2c.o
    0x08009458   0x08009458   0x000000b4   Code   RO         7804    i.I2C_WaitOnFlagUntilTimeout  stm32f4xx_hal_i2c.o
    0x0800950c   0x0800950c   0x000000ce   Code   RO         7805    i.I2C_WaitOnMasterAddressFlagUntilTimeout  stm32f4xx_hal_i2c.o
    0x080095da   0x080095da   0x0000007c   Code   RO         7806    i.I2C_WaitOnRXNEFlagUntilTimeout  stm32f4xx_hal_i2c.o
    0x08009656   0x08009656   0x00000002   PAD
    0x08009658   0x08009658   0x00000040   Code   RO         7808    i.I2C_WaitOnSTOPRequestThroughIT  stm32f4xx_hal_i2c.o
    0x08009698   0x08009698   0x0000005c   Code   RO         7809    i.I2C_WaitOnTXEFlagUntilTimeout  stm32f4xx_hal_i2c.o
    0x080096f4   0x080096f4   0x0000007c   Code   RO         3168    i.INS_cali_gyro     ins_task.o
    0x08009770   0x08009770   0x00000048   Code   RO         3169    i.INS_set_cali_gyro  ins_task.o
    0x080097b8   0x080097b8   0x000003c0   Code   RO         3170    i.INS_task          ins_task.o
    0x08009b78   0x08009b78   0x0000003e   Code   RO         1162    i.IntToUnicode      usbd_desc.o
    0x08009bb6   0x08009bb6   0x00000002   PAD
    0x08009bb8   0x08009bb8   0x00000070   Code   RO          433    i.MX_ADC1_Init      adc.o
    0x08009c28   0x08009c28   0x00000070   Code   RO          434    i.MX_ADC3_Init      adc.o
    0x08009c98   0x08009c98   0x00000038   Code   RO          481    i.MX_CAN1_Init      can.o
    0x08009cd0   0x08009cd0   0x00000038   Code   RO          482    i.MX_CAN2_Init      can.o
    0x08009d08   0x08009d08   0x00000020   Code   RO          530    i.MX_CRC_Init       crc.o
    0x08009d28   0x08009d28   0x000000d8   Code   RO          570    i.MX_DMA_Init       dma.o
    0x08009e00   0x08009e00   0x0000015c   Code   RO          372    i.MX_FREERTOS_Init  freertos.o
    0x08009f5c   0x08009f5c   0x00000260   Code   RO          348    i.MX_GPIO_Init      gpio.o
    0x0800a1bc   0x0800a1bc   0x0000003c   Code   RO          596    i.MX_I2C1_Init      i2c.o
    0x0800a1f8   0x0800a1f8   0x0000003c   Code   RO          597    i.MX_I2C2_Init      i2c.o
    0x0800a234   0x0800a234   0x0000003c   Code   RO          598    i.MX_I2C3_Init      i2c.o
    0x0800a270   0x0800a270   0x00000020   Code   RO          650    i.MX_RNG_Init       rng.o
    0x0800a290   0x0800a290   0x00000034   Code   RO          692    i.MX_RTC_Init       rtc.o
    0x0800a2c4   0x0800a2c4   0x00000048   Code   RO          734    i.MX_SPI1_Init      spi.o
    0x0800a30c   0x0800a30c   0x0000006c   Code   RO          777    i.MX_TIM10_Init     tim.o
    0x0800a378   0x0800a378   0x0000010c   Code   RO          778    i.MX_TIM1_Init      tim.o
    0x0800a484   0x0800a484   0x000000a4   Code   RO          779    i.MX_TIM3_Init      tim.o
    0x0800a528   0x0800a528   0x000000a4   Code   RO          780    i.MX_TIM4_Init      tim.o
    0x0800a5cc   0x0800a5cc   0x000000c4   Code   RO          781    i.MX_TIM5_Init      tim.o
    0x0800a690   0x0800a690   0x000000ec   Code   RO          782    i.MX_TIM8_Init      tim.o
    0x0800a77c   0x0800a77c   0x00000038   Code   RO          854    i.MX_USART1_UART_Init  usart.o
    0x0800a7b4   0x0800a7b4   0x0000003c   Code   RO          855    i.MX_USART3_UART_Init  usart.o
    0x0800a7f0   0x0800a7f0   0x00000038   Code   RO          856    i.MX_USART6_UART_Init  usart.o
    0x0800a828   0x0800a828   0x0000004c   Code   RO          906    i.MX_USB_DEVICE_Init  usb_device.o
    0x0800a874   0x0800a874   0x00000004   Code   RO         1327    i.MemManage_Handler  stm32f4xx_it.o
    0x0800a878   0x0800a878   0x00000002   Code   RO         1328    i.NMI_Handler       stm32f4xx_it.o
    0x0800a87a   0x0800a87a   0x00000002   PAD
    0x0800a87c   0x0800a87c   0x0000001c   Code   RO         3840    i.OLED_LOGO         oled.o
    0x0800a898   0x0800a898   0x00000010   Code   RO         3841    i.OLED_check_ack    oled.o
    0x0800a8a8   0x0800a8a8   0x0000002c   Code   RO         3842    i.OLED_com_reset    oled.o
    0x0800a8d4   0x0800a8d4   0x00000088   Code   RO         3846    i.OLED_draw_point   oled.o
    0x0800a95c   0x0800a95c   0x000000f8   Code   RO         3847    i.OLED_init         oled.o
    0x0800aa54   0x0800aa54   0x00000054   Code   RO         3848    i.OLED_operate_gram  oled.o
    0x0800aaa8   0x0800aaa8   0x00000040   Code   RO         3849    i.OLED_printf       oled.o
    0x0800aae8   0x0800aae8   0x00000020   Code   RO         3850    i.OLED_refresh_gram  oled.o
    0x0800ab08   0x0800ab08   0x00000040   Code   RO         3851    i.OLED_set_pos      oled.o
    0x0800ab48   0x0800ab48   0x0000008c   Code   RO         3852    i.OLED_show_char    oled.o
    0x0800abd4   0x0800abd4   0x0000008a   Code   RO         3853    i.OLED_show_graphic  oled.o
    0x0800ac5e   0x0800ac5e   0x00000032   Code   RO         3854    i.OLED_show_string  oled.o
    0x0800ac90   0x0800ac90   0x00000010   Code   RO         1329    i.OTG_FS_IRQHandler  stm32f4xx_it.o
    0x0800aca0   0x0800aca0   0x00000048   Code   RO         5424    i.PCD_EP_OutSetupPacket_int  stm32f4xx_hal_pcd.o
    0x0800ace8   0x0800ace8   0x000000e8   Code   RO         5425    i.PCD_EP_OutXfrComplete_int  stm32f4xx_hal_pcd.o
    0x0800add0   0x0800add0   0x000000a2   Code   RO         5426    i.PCD_WriteEmptyTxFifo  stm32f4xx_hal_pcd.o
    0x0800ae72   0x0800ae72   0x00000002   PAD
    0x0800ae74   0x0800ae74   0x000001f0   Code   RO         5062    i.PID_calc          pid.o
    0x0800b064   0x0800b064   0x00000060   Code   RO         5064    i.PID_init          pid.o
    0x0800b0c4   0x0800b0c4   0x0000009c   Code   RO         2097    i.RC_Init           bsp_rc.o
    0x0800b160   0x0800b160   0x00000002   Code   RO         2290    i.RC_cmd_to_calibrate  calibrate_task.o
    0x0800b162   0x0800b162   0x00000002   PAD
    0x0800b164   0x0800b164   0x00000050   Code   RO         2098    i.RC_restart        bsp_rc.o
    0x0800b1b4   0x0800b1b4   0x00000018   Code   RO         2099    i.RC_unable         bsp_rc.o
    0x0800b1cc   0x0800b1cc   0x00000048   Code   RO         8345    i.RTC_EnterInitMode  stm32f4xx_hal_rtc.o
    0x0800b214   0x0800b214   0x0000002c   Code   RO         8346    i.RTC_ExitInitMode  stm32f4xx_hal_rtc.o
    0x0800b240   0x0800b240   0x0000273c   Code   RO         2172    i.SPI1_DMA_enable   bsp_spi.o
    0x0800d97c   0x0800d97c   0x00000180   Code   RO         2173    i.SPI1_DMA_init     bsp_spi.o
    0x0800dafc   0x0800dafc   0x00000064   Code   RO         8772    i.SPI_EndRxTxTransaction  stm32f4xx_hal_spi.o
    0x0800db60   0x0800db60   0x000000d8   Code   RO         8777    i.SPI_WaitFlagStateUntilTimeout  stm32f4xx_hal_spi.o
    0x0800dc38   0x0800dc38   0x00000014   Code   RO         1330    i.SysTick_Handler   stm32f4xx_it.o
    0x0800dc4c   0x0800dc4c   0x000000b4   Code   RO           14    i.SystemClock_Config  main.o
    0x0800dd00   0x0800dd00   0x00000064   Code   RO         1505    i.SystemInit        system_stm32f4xx.o
    0x0800dd64   0x0800dd64   0x000000cc   Code   RO         9140    i.TIM_Base_SetConfig  stm32f4xx_hal_tim.o
    0x0800de30   0x0800de30   0x0000001e   Code   RO         9141    i.TIM_CCxChannelCmd  stm32f4xx_hal_tim.o
    0x0800de4e   0x0800de4e   0x00000016   Code   RO         9151    i.TIM_ETR_SetConfig  stm32f4xx_hal_tim.o
    0x0800de64   0x0800de64   0x00000010   Code   RO         9152    i.TIM_ITRx_SetConfig  stm32f4xx_hal_tim.o
    0x0800de74   0x0800de74   0x00000070   Code   RO         9153    i.TIM_OC1_SetConfig  stm32f4xx_hal_tim.o
    0x0800dee4   0x0800dee4   0x00000078   Code   RO         9154    i.TIM_OC2_SetConfig  stm32f4xx_hal_tim.o
    0x0800df5c   0x0800df5c   0x00000078   Code   RO         9155    i.TIM_OC3_SetConfig  stm32f4xx_hal_tim.o
    0x0800dfd4   0x0800dfd4   0x00000058   Code   RO         9156    i.TIM_OC4_SetConfig  stm32f4xx_hal_tim.o
    0x0800e02c   0x0800e02c   0x00000026   Code   RO         9158    i.TIM_TI1_ConfigInputStage  stm32f4xx_hal_tim.o
    0x0800e052   0x0800e052   0x00000024   Code   RO         9160    i.TIM_TI2_ConfigInputStage  stm32f4xx_hal_tim.o
    0x0800e076   0x0800e076   0x00000010   Code   RO        10071    i.UART_DMAAbortOnError  stm32f4xx_hal_uart.o
    0x0800e086   0x0800e086   0x0000004a   Code   RO        10072    i.UART_DMAError     stm32f4xx_hal_uart.o
    0x0800e0d0   0x0800e0d0   0x00000084   Code   RO        10073    i.UART_DMAReceiveCplt  stm32f4xx_hal_uart.o
    0x0800e154   0x0800e154   0x0000001a   Code   RO        10075    i.UART_DMARxHalfCplt  stm32f4xx_hal_uart.o
    0x0800e16e   0x0800e16e   0x0000004e   Code   RO        10081    i.UART_EndRxTransfer  stm32f4xx_hal_uart.o
    0x0800e1bc   0x0800e1bc   0x0000001a   Code   RO        10082    i.UART_EndTransmit_IT  stm32f4xx_hal_uart.o
    0x0800e1d6   0x0800e1d6   0x0000001c   Code   RO        10083    i.UART_EndTxTransfer  stm32f4xx_hal_uart.o
    0x0800e1f2   0x0800e1f2   0x000000c8   Code   RO        10084    i.UART_Receive_IT   stm32f4xx_hal_uart.o
    0x0800e2ba   0x0800e2ba   0x00000002   PAD
    0x0800e2bc   0x0800e2bc   0x000000fc   Code   RO        10085    i.UART_SetConfig    stm32f4xx_hal_uart.o
    0x0800e3b8   0x0800e3b8   0x00000098   Code   RO        10086    i.UART_Start_Receive_DMA  stm32f4xx_hal_uart.o
    0x0800e450   0x0800e450   0x0000005e   Code   RO        10088    i.UART_Transmit_IT  stm32f4xx_hal_uart.o
    0x0800e4ae   0x0800e4ae   0x00000002   PAD
    0x0800e4b0   0x0800e4b0   0x00000010   Code   RO         1331    i.USART1_IRQHandler  stm32f4xx_it.o
    0x0800e4c0   0x0800e4c0   0x00000130   Code   RO         3463    i.USART3_IRQHandler  remote_control.o
    0x0800e5f0   0x0800e5f0   0x00000128   Code   RO         3414    i.USART6_IRQHandler  referee_usart_task.o
    0x0800e718   0x0800e718   0x00000078   Code   RO        12238    i.USBD_CDC_DataIn   usbd_cdc.o
    0x0800e790   0x0800e790   0x0000003e   Code   RO        12239    i.USBD_CDC_DataOut  usbd_cdc.o
    0x0800e7ce   0x0800e7ce   0x00000002   PAD
    0x0800e7d0   0x0800e7d0   0x00000094   Code   RO        12240    i.USBD_CDC_DeInit   usbd_cdc.o
    0x0800e864   0x0800e864   0x00000038   Code   RO        12241    i.USBD_CDC_EP0_RxReady  usbd_cdc.o
    0x0800e89c   0x0800e89c   0x0000000c   Code   RO        12242    i.USBD_CDC_GetDeviceQualifierDescriptor  usbd_cdc.o
    0x0800e8a8   0x0800e8a8   0x0000003c   Code   RO        12243    i.USBD_CDC_GetFSCfgDesc  usbd_cdc.o
    0x0800e8e4   0x0800e8e4   0x00000040   Code   RO        12244    i.USBD_CDC_GetHSCfgDesc  usbd_cdc.o
    0x0800e924   0x0800e924   0x0000003c   Code   RO        12245    i.USBD_CDC_GetOtherSpeedCfgDesc  usbd_cdc.o
    0x0800e960   0x0800e960   0x00000160   Code   RO        12246    i.USBD_CDC_Init     usbd_cdc.o
    0x0800eac0   0x0800eac0   0x00000048   Code   RO        12247    i.USBD_CDC_ReceivePacket  usbd_cdc.o
    0x0800eb08   0x0800eb08   0x00000018   Code   RO        12248    i.USBD_CDC_RegisterInterface  usbd_cdc.o
    0x0800eb20   0x0800eb20   0x0000001c   Code   RO        12249    i.USBD_CDC_SetRxBuffer  usbd_cdc.o
    0x0800eb3c   0x0800eb3c   0x00000020   Code   RO        12250    i.USBD_CDC_SetTxBuffer  usbd_cdc.o
    0x0800eb5c   0x0800eb5c   0x00000110   Code   RO        12251    i.USBD_CDC_Setup    usbd_cdc.o
    0x0800ec6c   0x0800ec6c   0x00000014   Code   RO        11918    i.USBD_ClrClassConfig  usbd_core.o
    0x0800ec80   0x0800ec80   0x00000026   Code   RO        12080    i.USBD_ClrFeature   usbd_ctlreq.o
    0x0800eca6   0x0800eca6   0x00000004   Code   RO        11919    i.USBD_CoreFindEP   usbd_core.o
    0x0800ecaa   0x0800ecaa   0x00000004   Code   RO        11920    i.USBD_CoreFindIF   usbd_core.o
    0x0800ecae   0x0800ecae   0x00000010   Code   RO        12178    i.USBD_CtlContinueRx  usbd_ioreq.o
    0x0800ecbe   0x0800ecbe   0x00000010   Code   RO        12179    i.USBD_CtlContinueSendData  usbd_ioreq.o
    0x0800ecce   0x0800ecce   0x00000018   Code   RO        12081    i.USBD_CtlError     usbd_ctlreq.o
    0x0800ece6   0x0800ece6   0x0000001e   Code   RO        12180    i.USBD_CtlPrepareRx  usbd_ioreq.o
    0x0800ed04   0x0800ed04   0x00000016   Code   RO        12181    i.USBD_CtlReceiveStatus  usbd_ioreq.o
    0x0800ed1a   0x0800ed1a   0x0000001a   Code   RO        12182    i.USBD_CtlSendData  usbd_ioreq.o
    0x0800ed34   0x0800ed34   0x00000016   Code   RO        12183    i.USBD_CtlSendStatus  usbd_ioreq.o
    0x0800ed4a   0x0800ed4a   0x00000002   PAD
    0x0800ed4c   0x0800ed4c   0x00000034   Code   RO         1163    i.USBD_FS_ConfigStrDescriptor  usbd_desc.o
    0x0800ed80   0x0800ed80   0x00000010   Code   RO         1164    i.USBD_FS_DeviceDescriptor  usbd_desc.o
    0x0800ed90   0x0800ed90   0x00000038   Code   RO         1165    i.USBD_FS_InterfaceStrDescriptor  usbd_desc.o
    0x0800edc8   0x0800edc8   0x00000010   Code   RO         1166    i.USBD_FS_LangIDStrDescriptor  usbd_desc.o
    0x0800edd8   0x0800edd8   0x0000002c   Code   RO         1167    i.USBD_FS_ManufacturerStrDescriptor  usbd_desc.o
    0x0800ee04   0x0800ee04   0x00000040   Code   RO         1168    i.USBD_FS_ProductStrDescriptor  usbd_desc.o
    0x0800ee44   0x0800ee44   0x00000018   Code   RO         1169    i.USBD_FS_SerialStrDescriptor  usbd_desc.o
    0x0800ee5c   0x0800ee5c   0x00000034   Code   RO        12082    i.USBD_GetConfig    usbd_ctlreq.o
    0x0800ee90   0x0800ee90   0x000001b4   Code   RO        12083    i.USBD_GetDescriptor  usbd_ctlreq.o
    0x0800f044   0x0800f044   0x0000003c   Code   RO        11922    i.USBD_GetEpDesc    usbd_core.o
    0x0800f080   0x0800f080   0x00000018   Code   RO        12084    i.USBD_GetLen       usbd_ctlreq.o
    0x0800f098   0x0800f098   0x0000000e   Code   RO        11923    i.USBD_GetNextDesc  usbd_core.o
    0x0800f0a6   0x0800f0a6   0x00000036   Code   RO        12085    i.USBD_GetStatus    usbd_ctlreq.o
    0x0800f0dc   0x0800f0dc   0x00000044   Code   RO        12086    i.USBD_GetString    usbd_ctlreq.o
    0x0800f120   0x0800f120   0x0000002c   Code   RO          967    i.USBD_Get_USB_Status  usbd_conf.o
    0x0800f14c   0x0800f14c   0x00000028   Code   RO        11924    i.USBD_Init         usbd_core.o
    0x0800f174   0x0800f174   0x00000026   Code   RO          968    i.USBD_LL_ClearStallEP  usbd_conf.o
    0x0800f19a   0x0800f19a   0x00000026   Code   RO          969    i.USBD_LL_CloseEP   usbd_conf.o
    0x0800f1c0   0x0800f1c0   0x000000dc   Code   RO        11925    i.USBD_LL_DataInStage  usbd_core.o
    0x0800f29c   0x0800f29c   0x000000d0   Code   RO        11926    i.USBD_LL_DataOutStage  usbd_core.o
    0x0800f36c   0x0800f36c   0x00000004   Code   RO        11927    i.USBD_LL_DevConnected  usbd_core.o
    0x0800f370   0x0800f370   0x00000020   Code   RO        11928    i.USBD_LL_DevDisconnected  usbd_core.o
    0x0800f390   0x0800f390   0x00000012   Code   RO          973    i.USBD_LL_GetRxDataSize  usbd_conf.o
    0x0800f3a2   0x0800f3a2   0x00000002   PAD
    0x0800f3a4   0x0800f3a4   0x00000068   Code   RO          974    i.USBD_LL_Init      usbd_conf.o
    0x0800f40c   0x0800f40c   0x00000038   Code   RO          975    i.USBD_LL_IsStallEP  usbd_conf.o
    0x0800f444   0x0800f444   0x0000002a   Code   RO        11929    i.USBD_LL_IsoINIncomplete  usbd_core.o
    0x0800f46e   0x0800f46e   0x0000002a   Code   RO        11930    i.USBD_LL_IsoOUTIncomplete  usbd_core.o
    0x0800f498   0x0800f498   0x00000030   Code   RO          976    i.USBD_LL_OpenEP    usbd_conf.o
    0x0800f4c8   0x0800f4c8   0x00000030   Code   RO          977    i.USBD_LL_PrepareReceive  usbd_conf.o
    0x0800f4f8   0x0800f4f8   0x00000060   Code   RO        11931    i.USBD_LL_Reset     usbd_core.o
    0x0800f558   0x0800f558   0x00000014   Code   RO        11932    i.USBD_LL_Resume    usbd_core.o
    0x0800f56c   0x0800f56c   0x0000001a   Code   RO        11933    i.USBD_LL_SOF       usbd_core.o
    0x0800f586   0x0800f586   0x00000006   Code   RO        11934    i.USBD_LL_SetSpeed  usbd_core.o
    0x0800f58c   0x0800f58c   0x00000026   Code   RO          978    i.USBD_LL_SetUSBAddress  usbd_conf.o
    0x0800f5b2   0x0800f5b2   0x00000064   Code   RO        11935    i.USBD_LL_SetupStage  usbd_core.o
    0x0800f616   0x0800f616   0x00000026   Code   RO          979    i.USBD_LL_StallEP   usbd_conf.o
    0x0800f63c   0x0800f63c   0x0000001e   Code   RO          980    i.USBD_LL_Start     usbd_conf.o
    0x0800f65a   0x0800f65a   0x00000012   Code   RO        11936    i.USBD_LL_Suspend   usbd_core.o
    0x0800f66c   0x0800f66c   0x00000030   Code   RO          982    i.USBD_LL_Transmit  usbd_conf.o
    0x0800f69c   0x0800f69c   0x00000032   Code   RO        12087    i.USBD_ParseSetupRequest  usbd_ctlreq.o
    0x0800f6ce   0x0800f6ce   0x0000003a   Code   RO        11937    i.USBD_RegisterClass  usbd_core.o
    0x0800f708   0x0800f708   0x00000004   Code   RO        11938    i.USBD_RunTestMode  usbd_core.o
    0x0800f70c   0x0800f70c   0x00000058   Code   RO        12088    i.USBD_SetAddress   usbd_ctlreq.o
    0x0800f764   0x0800f764   0x00000014   Code   RO        11939    i.USBD_SetClassConfig  usbd_core.o
    0x0800f778   0x0800f778   0x000000dc   Code   RO        12089    i.USBD_SetConfig    usbd_ctlreq.o
    0x0800f854   0x0800f854   0x00000024   Code   RO        12090    i.USBD_SetFeature   usbd_ctlreq.o
    0x0800f878   0x0800f878   0x00000004   Code   RO        11940    i.USBD_Start        usbd_core.o
    0x0800f87c   0x0800f87c   0x00000076   Code   RO        12091    i.USBD_StdDevReq    usbd_ctlreq.o
    0x0800f8f2   0x0800f8f2   0x0000022e   Code   RO        12092    i.USBD_StdEPReq     usbd_ctlreq.o
    0x0800fb20   0x0800fb20   0x0000008e   Code   RO        12093    i.USBD_StdItfReq    usbd_ctlreq.o
    0x0800fbae   0x0800fbae   0x00000002   Code   RO          983    i.USBD_static_free  usbd_conf.o
    0x0800fbb0   0x0800fbb0   0x0000000c   Code   RO          984    i.USBD_static_malloc  usbd_conf.o
    0x0800fbbc   0x0800fbbc   0x0000009c   Code   RO         5675    i.USB_ActivateEndpoint  stm32f4xx_ll_usb.o
    0x0800fc58   0x0800fc58   0x0000001c   Code   RO         5677    i.USB_ActivateSetup  stm32f4xx_ll_usb.o
    0x0800fc74   0x0800fc74   0x0000007e   Code   RO         5679    i.USB_CoreInit      stm32f4xx_ll_usb.o
    0x0800fcf2   0x0800fcf2   0x00000002   PAD
    0x0800fcf4   0x0800fcf4   0x00000050   Code   RO         5680    i.USB_CoreReset     stm32f4xx_ll_usb.o
    0x0800fd44   0x0800fd44   0x000000dc   Code   RO         5683    i.USB_DeactivateEndpoint  stm32f4xx_ll_usb.o
    0x0800fe20   0x0800fe20   0x0000001c   Code   RO         5684    i.USB_DevConnect    stm32f4xx_ll_usb.o
    0x0800fe3c   0x0800fe3c   0x0000001c   Code   RO         5685    i.USB_DevDisconnect  stm32f4xx_ll_usb.o
    0x0800fe58   0x0800fe58   0x00000178   Code   RO         5686    i.USB_DevInit       stm32f4xx_ll_usb.o
    0x0800ffd0   0x0800ffd0   0x0000000c   Code   RO         5687    i.USB_DisableGlobalInt  stm32f4xx_ll_usb.o
    0x0800ffdc   0x0800ffdc   0x0000012e   Code   RO         5690    i.USB_EP0StartXfer  stm32f4xx_ll_usb.o
    0x0801010a   0x0801010a   0x00000002   PAD
    0x0801010c   0x0801010c   0x00000060   Code   RO         5691    i.USB_EP0_OutStart  stm32f4xx_ll_usb.o
    0x0801016c   0x0801016c   0x00000058   Code   RO         5692    i.USB_EPClearStall  stm32f4xx_ll_usb.o
    0x080101c4   0x080101c4   0x0000005e   Code   RO         5693    i.USB_EPSetStall    stm32f4xx_ll_usb.o
    0x08010222   0x08010222   0x0000022c   Code   RO         5694    i.USB_EPStartXfer   stm32f4xx_ll_usb.o
    0x0801044e   0x0801044e   0x000000b4   Code   RO         5695    i.USB_EPStopXfer    stm32f4xx_ll_usb.o
    0x08010502   0x08010502   0x0000000c   Code   RO         5696    i.USB_EnableGlobalInt  stm32f4xx_ll_usb.o
    0x0801050e   0x0801050e   0x00000002   PAD
    0x08010510   0x08010510   0x0000004c   Code   RO         5697    i.USB_FlushRxFifo   stm32f4xx_ll_usb.o
    0x0801055c   0x0801055c   0x00000058   Code   RO         5698    i.USB_FlushTxFifo   stm32f4xx_ll_usb.o
    0x080105b4   0x080105b4   0x00000020   Code   RO         5700    i.USB_GetDevSpeed   stm32f4xx_ll_usb.o
    0x080105d4   0x080105d4   0x00000008   Code   RO         5702    i.USB_GetMode       stm32f4xx_ll_usb.o
    0x080105dc   0x080105dc   0x0000000e   Code   RO         5709    i.USB_ReadDevAllInEpInterrupt  stm32f4xx_ll_usb.o
    0x080105ea   0x080105ea   0x0000000e   Code   RO         5710    i.USB_ReadDevAllOutEpInterrupt  stm32f4xx_ll_usb.o
    0x080105f8   0x080105f8   0x00000024   Code   RO         5711    i.USB_ReadDevInEPInterrupt  stm32f4xx_ll_usb.o
    0x0801061c   0x0801061c   0x00000010   Code   RO         5712    i.USB_ReadDevOutEPInterrupt  stm32f4xx_ll_usb.o
    0x0801062c   0x0801062c   0x00000008   Code   RO         5713    i.USB_ReadInterrupts  stm32f4xx_ll_usb.o
    0x08010634   0x08010634   0x00000048   Code   RO         5714    i.USB_ReadPacket    stm32f4xx_ll_usb.o
    0x0801067c   0x0801067c   0x00000060   Code   RO         5716    i.USB_SetCurrentMode  stm32f4xx_ll_usb.o
    0x080106dc   0x080106dc   0x00000022   Code   RO         5717    i.USB_SetDevAddress  stm32f4xx_ll_usb.o
    0x080106fe   0x080106fe   0x0000000e   Code   RO         5718    i.USB_SetDevSpeed   stm32f4xx_ll_usb.o
    0x0801070c   0x0801070c   0x000000f4   Code   RO         5719    i.USB_SetTurnaroundTime  stm32f4xx_ll_usb.o
    0x08010800   0x08010800   0x00000034   Code   RO         5722    i.USB_WritePacket   stm32f4xx_ll_usb.o
    0x08010834   0x08010834   0x00000004   Code   RO         1332    i.UsageFault_Handler  stm32f4xx_it.o
    0x08010838   0x08010838   0x000001f4   Code   RO         2680    i.World_to_Body     chassis_task.o
    0x08010a2c   0x08010a2c   0x00000030   Code   RO        13237    i.__ARM_fpclassify  m_wm.l(fpclassify.o)
    0x08010a5c   0x08010a5c   0x00000026   Code   RO        13112    i.__ARM_fpclassifyf  m_wm.l(fpclassifyf.o)
    0x08010a82   0x08010a82   0x0000000e   Code   RO         2681    i.__ARM_isnanf      chassis_task.o
    0x08010a90   0x08010a90   0x00000006   Code   RO         4780    i.__get_PRIMASK     fifo.o
    0x08010a96   0x08010a96   0x00000002   PAD
    0x08010a98   0x08010a98   0x00000118   Code   RO        12777    i.__hardfp_acosf    m_wm.l(acosf.o)
    0x08010bb0   0x08010bb0   0x0000012c   Code   RO        12789    i.__hardfp_asinf    m_wm.l(asinf.o)
    0x08010cdc   0x08010cdc   0x000002ac   Code   RO        12801    i.__hardfp_atan2f   m_wm.l(atan2f.o)
    0x08010f88   0x08010f88   0x000000c8   Code   RO        12813    i.__hardfp_cos      m_wm.l(cos.o)
    0x08011050   0x08011050   0x00000664   Code   RO        12843    i.__hardfp_powf     m_wm.l(powf.o)
    0x080116b4   0x080116b4   0x00000004   PAD
    0x080116b8   0x080116b8   0x000000c8   Code   RO        12857    i.__hardfp_sin      m_wm.l(sin.o)
    0x08011780   0x08011780   0x0000003a   Code   RO        12893    i.__hardfp_sqrtf    m_wm.l(sqrtf_full.o)
    0x080117ba   0x080117ba   0x00000006   PAD
    0x080117c0   0x080117c0   0x00000438   Code   RO        13130    i.__ieee754_rem_pio2  m_wm.l(rred.o)
    0x08011bf8   0x08011bf8   0x00000170   Code   RO        13095    i.__kernel_cos      m_wm.l(cos_i.o)
    0x08011d68   0x08011d68   0x000000f8   Code   RO        13128    i.__kernel_poly     m_wm.l(poly.o)
    0x08011e60   0x08011e60   0x00000130   Code   RO        13138    i.__kernel_sin      m_wm.l(sin_i.o)
    0x08011f90   0x08011f90   0x00000014   Code   RO        13099    i.__mathlib_dbl_infnan  m_wm.l(dunder.o)
    0x08011fa4   0x08011fa4   0x00000004   PAD
    0x08011fa8   0x08011fa8   0x00000020   Code   RO        13101    i.__mathlib_dbl_invalid  m_wm.l(dunder.o)
    0x08011fc8   0x08011fc8   0x00000020   Code   RO        13104    i.__mathlib_dbl_underflow  m_wm.l(dunder.o)
    0x08011fe8   0x08011fe8   0x00000014   Code   RO        13114    i.__mathlib_flt_divzero  m_wm.l(funder.o)
    0x08011ffc   0x08011ffc   0x00000006   Code   RO        13115    i.__mathlib_flt_infnan  m_wm.l(funder.o)
    0x08012002   0x08012002   0x00000006   Code   RO        13116    i.__mathlib_flt_infnan2  m_wm.l(funder.o)
    0x08012008   0x08012008   0x00000010   Code   RO        13117    i.__mathlib_flt_invalid  m_wm.l(funder.o)
    0x08012018   0x08012018   0x00000010   Code   RO        13118    i.__mathlib_flt_overflow  m_wm.l(funder.o)
    0x08012028   0x08012028   0x00000010   Code   RO        13120    i.__mathlib_flt_underflow  m_wm.l(funder.o)
    0x08012038   0x08012038   0x00000006   Code   RO         4781    i.__set_PRIMASK     fifo.o
    0x0801203e   0x0801203e   0x0000000e   Code   RO        12697    i._is_digit         c_w.l(__printf_wp.o)
    0x0801204c   0x0801204c   0x00000068   Code   RO         2068    i.aRGB_led_show     bsp_led.o
    0x080120b4   0x080120b4   0x000001d0   Code   RO        12344    i.accel_comple_filter  AHRS.lib(ahrs.o)
    0x08012284   0x08012284   0x0000018c   Code   RO        12345    i.accel_update_kp_ki  AHRS.lib(ahrs.o)
    0x08012410   0x08012410   0x0000003c   Code   RO         1541    i.adcx_get_chx_value  bsp_adc.o
    0x0801244c   0x0801244c   0x0000016c   Code   RO        12346    i.angle_to_quat     AHRS.lib(ahrs.o)
    0x080125b8   0x080125b8   0x00000044   Code   RO         3731    i.battery_voltage_task  voltage_task.o
    0x080125fc   0x080125fc   0x00000134   Code   RO         3978    i.bmi088_accel_init  bmi088driver.o
    0x08012730   0x08012730   0x000002fc   Code   RO         3979    i.bmi088_accel_self_test  bmi088driver.o
    0x08012a2c   0x08012a2c   0x000000f4   Code   RO         3980    i.bmi088_gyro_init  bmi088driver.o
    0x08012b20   0x08012b20   0x000000d0   Code   RO         3981    i.bmi088_gyro_self_test  bmi088driver.o
    0x08012bf0   0x08012bf0   0x0000013c   Code   RO         1969    i.bsp_I2C_check_ack  bsp_i2c.o
    0x08012d2c   0x08012d2c   0x0000004c   Code   RO         1970    i.bsp_I2C_master_transmit  bsp_i2c.o
    0x08012d78   0x08012d78   0x0000004c   Code   RO         1971    i.bsp_I2C_reset     bsp_i2c.o
    0x08012dc4   0x08012dc4   0x00000010   Code   RO         1695    i.buzzer_off        bsp_buzzer.o
    0x08012dd4   0x08012dd4   0x00000014   Code   RO         1696    i.buzzer_on         bsp_buzzer.o
    0x08012de8   0x08012de8   0x000000e8   Code   RO         3732    i.calc_battery_percentage  voltage_task.o
    0x08012ed0   0x08012ed0   0x00000194   Code   RO         3030    i.calc_gimbal_cali  gimbal_task.o
    0x08013064   0x08013064   0x000000ec   Code   RO         2291    i.cali_data_read    calibrate_task.o
    0x08013150   0x08013150   0x0000008c   Code   RO         2292    i.cali_data_write   calibrate_task.o
    0x080131dc   0x080131dc   0x0000006c   Code   RO         2293    i.cali_gimbal_hook  calibrate_task.o
    0x08013248   0x08013248   0x00000064   Code   RO         2294    i.cali_gyro_hook    calibrate_task.o
    0x080132ac   0x080132ac   0x00000046   Code   RO         2295    i.cali_head_hook    calibrate_task.o
    0x080132f2   0x080132f2   0x00000002   PAD
    0x080132f4   0x080132f4   0x000000c0   Code   RO         2296    i.cali_param_init   calibrate_task.o
    0x080133b4   0x080133b4   0x00000148   Code   RO         2297    i.calibrate_task    calibrate_task.o
    0x080134fc   0x080134fc   0x0000005c   Code   RO         1729    i.can_filter_init   bsp_can.o
    0x08013558   0x08013558   0x00000f58   Code   RO         2682    i.chassis_task      chassis_task.o
    0x080144b0   0x080144b0   0x00000118   Code   RO         3031    i.cmd_cali_gimbal_hook  gimbal_task.o
    0x080145c8   0x080145c8   0x0000003e   Code   RO         3605    i.crc16             test_task.o
    0x08014606   0x08014606   0x00000002   PAD
    0x08014608   0x08014608   0x0000019c   Code   RO         5106    i.ctrl_init         control.o
    0x080147a4   0x080147a4   0x00000030   Code   RO         2683    i.d_ch              chassis_task.o
    0x080147d4   0x080147d4   0x00000030   Code   RO         1798    i.delay_init        bsp_delay.o
    0x08014804   0x08014804   0x00000050   Code   RO         1800    i.delay_us          bsp_delay.o
    0x08014854   0x08014854   0x00000124   Code   RO         2901    i.detect_hook       detect_task.o
    0x08014978   0x08014978   0x00000184   Code   RO         2902    i.detect_init       detect_task.o
    0x08014afc   0x08014afc   0x000003d0   Code   RO         2903    i.detect_task       detect_task.o
    0x08014ecc   0x08014ecc   0x00000090   Code   RO         3606    i.dp_kalman_left    test_task.o
    0x08014f5c   0x08014f5c   0x00000090   Code   RO         3607    i.dp_kalman_right   test_task.o
    0x08014fec   0x08014fec   0x00000018   Code   RO        12839    i.fabs              m_wm.l(fabs.o)
    0x08015004   0x08015004   0x000000a0   Code   RO         4808    i.fifo_s_puts       fifo.o
    0x080150a4   0x080150a4   0x0000002e   Code   RO         1839    i.flash_erase_address  bsp_flash.o
    0x080150d2   0x080150d2   0x00000014   Code   RO         1840    i.flash_read        bsp_flash.o
    0x080150e6   0x080150e6   0x00000002   PAD
    0x080150e8   0x080150e8   0x00000098   Code   RO         1842    i.flash_write_single_address  bsp_flash.o
    0x08015180   0x08015180   0x000000f4   Code   RO         1843    i.ger_sector        bsp_flash.o
    0x08015274   0x08015274   0x00000008   Code   RO         3171    i.get_INS_angle_point  ins_task.o
    0x0801527c   0x0801527c   0x000000e8   Code   RO        12347    i.get_angle         AHRS.lib(ahrs.o)
    0x08015364   0x08015364   0x00000024   Code   RO         3733    i.get_battery_percentage  voltage_task.o
    0x08015388   0x08015388   0x00000048   Code   RO         1542    i.get_battery_voltage  bsp_adc.o
    0x080153d0   0x080153d0   0x0000000c   Code   RO         2298    i.get_control_temperature  calibrate_task.o
    0x080153dc   0x080153dc   0x00000008   Code   RO         2904    i.get_error_list_point  detect_task.o
    0x080153e4   0x080153e4   0x00000008   Code   RO         3174    i.get_gyro_data_point  ins_task.o
    0x080153ec   0x080153ec   0x000000e8   Code   RO         1844    i.get_next_flash_address  bsp_flash.o
    0x080154d4   0x080154d4   0x00000008   Code   RO         3464    i.get_remote_control_point  remote_control.o
    0x080154dc   0x080154dc   0x0000005c   Code   RO         1544    i.get_temprate      bsp_adc.o
    0x08015538   0x08015538   0x0000000a   Code   RO         3048    i.gimbal_task       gimbal_task.o
    0x08015542   0x08015542   0x00000002   PAD
    0x08015544   0x08015544   0x00000054   Code   RO         3176    i.gyro_offset_calc  ins_task.o
    0x08015598   0x08015598   0x0000012c   Code   RO         3177    i.imu_cali_slove    ins_task.o
    0x080156c4   0x080156c4   0x000001a8   Code   RO         3178    i.imu_cmd_spi_dma   ins_task.o
    0x0801586c   0x0801586c   0x0000000c   Code   RO         1936    i.imu_pwm_set       bsp_imu_pwm.o
    0x08015878   0x08015878   0x000000b8   Code   RO         3179    i.imu_temp_control  ins_task.o
    0x08015930   0x08015930   0x000000b8   Code   RO         3351    i.init_referee_struct_data  referee.o
    0x080159e8   0x080159e8   0x00000040   Code   RO         1545    i.init_vrefint_reciprocal  bsp_adc.o
    0x08015a28   0x08015a28   0x00000002   Code   RO         4233    i.ist8310_GPIO_init  ist8310driver_middleware.o
    0x08015a2a   0x08015a2a   0x00000002   PAD
    0x08015a2c   0x08015a2c   0x00000028   Code   RO         4235    i.ist8310_IIC_read_single_reg  ist8310driver_middleware.o
    0x08015a54   0x08015a54   0x00000028   Code   RO         4237    i.ist8310_IIC_write_single_reg  ist8310driver_middleware.o
    0x08015a7c   0x08015a7c   0x00000014   Code   RO         4238    i.ist8310_RST_H     ist8310driver_middleware.o
    0x08015a90   0x08015a90   0x00000014   Code   RO         4239    i.ist8310_RST_L     ist8310driver_middleware.o
    0x08015aa4   0x08015aa4   0x00000002   Code   RO         4240    i.ist8310_com_init  ist8310driver_middleware.o
    0x08015aa6   0x08015aa6   0x0000000c   Code   RO         4241    i.ist8310_delay_ms  ist8310driver_middleware.o
    0x08015ab2   0x08015ab2   0x00000002   PAD
    0x08015ab4   0x08015ab4   0x00000094   Code   RO         4198    i.ist8310_init      ist8310driver.o
    0x08015b48   0x08015b48   0x00000090   Code   RO         2684    i.kalman_pitch      chassis_task.o
    0x08015bd8   0x08015bd8   0x00000090   Code   RO         2685    i.kalman_roll       chassis_task.o
    0x08015c68   0x08015c68   0x00000090   Code   RO         2686    i.kalman_yaw        chassis_task.o
    0x08015cf8   0x08015cf8   0x000001b0   Code   RO         3769    i.led_RGB_flow_task  led_flow_task.o
    0x08015ea8   0x08015ea8   0x00000078   Code   RO         2687    i.limit_out         chassis_task.o
    0x08015f20   0x08015f20   0x00000080   Code   RO           15    i.main              main.o
    0x08015fa0   0x08015fa0   0x0000000c   Code   RO        11404    i.makeFreeRtosPriority  cmsis_os.o
    0x08015fac   0x08015fac   0x00000034   Code   RO         3049    i.motor_ecd_to_angle_change  gimbal_task.o
    0x08015fe0   0x08015fe0   0x000001be   Code   RO         2688    i.multiply_quaternion  chassis_task.o
    0x0801619e   0x0801619e   0x00000002   PAD
    0x080161a0   0x080161a0   0x00000214   Code   RO         3307    i.oled_task         oled_task.o
    0x080163b4   0x080163b4   0x00000030   Code   RO         3855    i.oled_write_byte   oled.o
    0x080163e4   0x080163e4   0x00000010   Code   RO        11406    i.osDelay           cmsis_os.o
    0x080163f4   0x080163f4   0x0000000a   Code   RO        11409    i.osKernelStart     cmsis_os.o
    0x080163fe   0x080163fe   0x0000005c   Code   RO        11443    i.osThreadCreate    cmsis_os.o
    0x0801645a   0x0801645a   0x00000002   PAD
    0x0801645c   0x0801645c   0x00000024   Code   RO        10871    i.pcTaskGetName     tasks.o
    0x08016480   0x08016480   0x00000164   Code   RO         2689    i.pid_angle_pitch   chassis_task.o
    0x080165e4   0x080165e4   0x00000164   Code   RO         2690    i.pid_angle_roll    chassis_task.o
    0x08016748   0x08016748   0x00000164   Code   RO         2691    i.pid_angle_yaw     chassis_task.o
    0x080168ac   0x080168ac   0x000000f8   Code   RO         2692    i.pid_init          chassis_task.o
    0x080169a4   0x080169a4   0x00000190   Code   RO         2693    i.pid_pitch         chassis_task.o
    0x08016b34   0x08016b34   0x00000190   Code   RO         2694    i.pid_pitch_heli    chassis_task.o
    0x08016cc4   0x08016cc4   0x00000190   Code   RO         2695    i.pid_roll          chassis_task.o
    0x08016e54   0x08016e54   0x00000190   Code   RO         2696    i.pid_roll_heli     chassis_task.o
    0x08016fe4   0x08016fe4   0x0000018c   Code   RO         2697    i.pid_throttle_safe  chassis_task.o
    0x08017170   0x08017170   0x00000190   Code   RO         2698    i.pid_yaw           chassis_task.o
    0x08017300   0x08017300   0x00000190   Code   RO         2699    i.pid_yaw_heli      chassis_task.o
    0x08017490   0x08017490   0x000000a8   Code   RO         2700    i.pitch_to_quaternion  chassis_task.o
    0x08017538   0x08017538   0x0000004c   Code   RO         2905    i.play              detect_task.o
    0x08017584   0x08017584   0x00000080   Code   RO        10872    i.prvAddCurrentTaskToDelayedList  tasks.o
    0x08017604   0x08017604   0x00000088   Code   RO        10873    i.prvAddNewTaskToReadyList  tasks.o
    0x0801768c   0x0801768c   0x0000005c   Code   RO        11236    i.prvCheckForValidListAndQueue  timers.o
    0x080176e8   0x080176e8   0x00000040   Code   RO        10874    i.prvCheckTasksWaitingTermination  tasks.o
    0x08017728   0x08017728   0x00000024   Code   RO        10525    i.prvCopyDataFromQueue  queue.o
    0x0801774c   0x0801774c   0x0000006e   Code   RO        10526    i.prvCopyDataToQueue  queue.o
    0x080177ba   0x080177ba   0x00000040   Code   RO        10875    i.prvDeleteTCB      tasks.o
    0x080177fa   0x080177fa   0x00000002   PAD
    0x080177fc   0x080177fc   0x00000024   Code   RO        11237    i.prvGetNextExpireTime  timers.o
    0x08017820   0x08017820   0x00000050   Code   RO        11783    i.prvHeapInit       heap_4.o
    0x08017870   0x08017870   0x00000028   Code   RO        10876    i.prvIdleTask       tasks.o
    0x08017898   0x08017898   0x00000018   Code   RO        10529    i.prvInitialiseNewQueue  queue.o
    0x080178b0   0x080178b0   0x00000098   Code   RO        10877    i.prvInitialiseNewTask  tasks.o
    0x08017948   0x08017948   0x00000060   Code   RO        10878    i.prvInitialiseTaskLists  tasks.o
    0x080179a8   0x080179a8   0x0000005c   Code   RO        11784    i.prvInsertBlockIntoFreeList  heap_4.o
    0x08017a04   0x08017a04   0x00000048   Code   RO        11239    i.prvInsertTimerInActiveList  timers.o
    0x08017a4c   0x08017a4c   0x0000001a   Code   RO        10530    i.prvIsQueueEmpty   queue.o
    0x08017a66   0x08017a66   0x0000001e   Code   RO        10531    i.prvIsQueueFull    queue.o
    0x08017a84   0x08017a84   0x00000068   Code   RO        11240    i.prvProcessExpiredTimer  timers.o
    0x08017aec   0x08017aec   0x00000110   Code   RO        11241    i.prvProcessReceivedCommands  timers.o
    0x08017bfc   0x08017bfc   0x0000006c   Code   RO        11242    i.prvProcessTimerOrBlockTask  timers.o
    0x08017c68   0x08017c68   0x00000024   Code   RO        10879    i.prvResetNextTaskUnblockTime  tasks.o
    0x08017c8c   0x08017c8c   0x0000002c   Code   RO        11243    i.prvSampleTimeNow  timers.o
    0x08017cb8   0x08017cb8   0x0000006e   Code   RO        10880    i.prvSearchForNameWithinSingleList  tasks.o
    0x08017d26   0x08017d26   0x00000002   PAD
    0x08017d28   0x08017d28   0x00000078   Code   RO        11244    i.prvSwitchTimerLists  timers.o
    0x08017da0   0x08017da0   0x00000018   Code   RO        10881    i.prvTaskCheckFreeStackSpace  tasks.o
    0x08017db8   0x08017db8   0x00000030   Code   RO        11839    i.prvTaskExitError  port.o
    0x08017de8   0x08017de8   0x00000014   Code   RO        11245    i.prvTimerTask      timers.o
    0x08017dfc   0x08017dfc   0x00000068   Code   RO        10532    i.prvUnlockQueue    queue.o
    0x08017e64   0x08017e64   0x000000e8   Code   RO        11785    i.pvPortMalloc      heap_4.o
    0x08017f4c   0x08017f4c   0x0000002c   Code   RO        11840    i.pxPortInitialiseStack  port.o
    0x08017f78   0x08017f78   0x00000084   Code   RO        12352    i.quat_normalization  AHRS.lib(ahrs.o)
    0x08017ffc   0x08017ffc   0x000000a8   Code   RO         2701    i.quaternionToAngles  chassis_task.o
    0x080180a4   0x080180a4   0x00000046   Code   RO         2702    i.quaternion_conjugate  chassis_task.o
    0x080180ea   0x080180ea   0x00000096   Code   RO         2703    i.quaternion_diff   chassis_task.o
    0x08018180   0x08018180   0x00000024   Code   RO         3415    i.referee_usart_task  referee_usart_task.o
    0x080181a4   0x080181a4   0x00000014   Code   RO         3465    i.remote_control_init  remote_control.o
    0x080181b8   0x080181b8   0x000000a8   Code   RO         2704    i.roll_to_quaternion  chassis_task.o
    0x08018260   0x08018260   0x00000126   Code   RO         3466    i.sbus_data_resolve  remote_control.o
    0x08018386   0x08018386   0x00000002   PAD
    0x08018388   0x08018388   0x0000004c   Code   RO         2252    i.servo_pwm_set     bsp_servo_pwm.o
    0x080183d4   0x080183d4   0x00000060   Code   RO         3802    i.servo_task        servo_task.o
    0x08018434   0x08018434   0x00000020   Code   RO         3050    i.set_cali_gimbal_hook  gimbal_task.o
    0x08018454   0x08018454   0x00000014   Code   RO         3803    i.set_pwm           servo_task.o
    0x08018468   0x08018468   0x0000003e   Code   RO        12895    i.sqrtf             m_wm.l(sqrtf_full.o)
    0x080184a6   0x080184a6   0x00000002   PAD
    0x080184a8   0x080184a8   0x000000c4   Code   RO         3608    i.test_task         test_task.o
    0x0801856c   0x0801856c   0x00000018   Code   RO         2906    i.toe_is_error      detect_task.o
    0x08018584   0x08018584   0x00000068   Code   RO        10884    i.ulTaskNotifyTake  tasks.o
    0x080185ec   0x080185ec   0x0000007a   Code   RO        12353    i.update_w          AHRS.lib(ahrs.o)
    0x08018666   0x08018666   0x00000002   PAD
    0x08018668   0x08018668   0x00000074   Code   RO         2207    i.usart1_tx_dma_init  bsp_usart.o
    0x080186dc   0x080186dc   0x00000138   Code   RO         2208    i.usart6_init       bsp_usart.o
    0x08018814   0x08018814   0x0000001c   Code   RO         3677    i.usb_task          usb_task.o
    0x08018830   0x08018830   0x00000026   Code   RO        10488    i.uxListRemove      list.o
    0x08018856   0x08018856   0x00000002   PAD
    0x08018858   0x08018858   0x00000014   Code   RO        10887    i.uxTaskGetStackHighWaterMark  tasks.o
    0x0801886c   0x0801886c   0x00000018   Code   RO          374    i.vApplicationGetIdleTaskMemory  freertos.o
    0x08018884   0x08018884   0x00000018   Code   RO          375    i.vApplicationGetTimerTaskMemory  freertos.o
    0x0801889c   0x0801889c   0x00000016   Code   RO        10489    i.vListInitialise   list.o
    0x080188b2   0x080188b2   0x00000006   Code   RO        10490    i.vListInitialiseItem  list.o
    0x080188b8   0x080188b8   0x00000036   Code   RO        10491    i.vListInsert       list.o
    0x080188ee   0x080188ee   0x00000018   Code   RO        10492    i.vListInsertEnd    list.o
    0x08018906   0x08018906   0x00000002   PAD
    0x08018908   0x08018908   0x00000040   Code   RO        11842    i.vPortEnterCritical  port.o
    0x08018948   0x08018948   0x0000002c   Code   RO        11843    i.vPortExitCritical  port.o
    0x08018974   0x08018974   0x00000064   Code   RO        11786    i.vPortFree         heap_4.o
    0x080189d8   0x080189d8   0x00000024   Code   RO        11844    i.vPortSetupTimerInterrupt  port.o
    0x080189fc   0x080189fc   0x00000054   Code   RO        11845    i.vPortValidateInterruptPriority  port.o
    0x08018a50   0x08018a50   0x00000028   Code   RO        10536    i.vQueueAddToRegistry  queue.o
    0x08018a78   0x08018a78   0x0000004a   Code   RO        10539    i.vQueueWaitForMessageRestricted  queue.o
    0x08018ac2   0x08018ac2   0x00000002   PAD
    0x08018ac4   0x08018ac4   0x00000050   Code   RO        10891    i.vTaskDelay        tasks.o
    0x08018b14   0x08018b14   0x00000010   Code   RO        10895    i.vTaskInternalSetTimeOutState  tasks.o
    0x08018b24   0x08018b24   0x0000000c   Code   RO        10896    i.vTaskMissedYield  tasks.o
    0x08018b30   0x08018b30   0x000000bc   Code   RO        10897    i.vTaskNotifyGiveFromISR  tasks.o
    0x08018bec   0x08018bec   0x00000034   Code   RO        10898    i.vTaskPlaceOnEventList  tasks.o
    0x08018c20   0x08018c20   0x0000003c   Code   RO        10899    i.vTaskPlaceOnEventListRestricted  tasks.o
    0x08018c5c   0x08018c5c   0x00000090   Code   RO        10906    i.vTaskStartScheduler  tasks.o
    0x08018cec   0x08018cec   0x00000010   Code   RO        10908    i.vTaskSuspendAll   tasks.o
    0x08018cfc   0x08018cfc   0x00000060   Code   RO        10909    i.vTaskSwitchContext  tasks.o
    0x08018d5c   0x08018d5c   0x00000104   Code   RO        11846    i.xPortStartScheduler  port.o
    0x08018e60   0x08018e60   0x0000002c   Code   RO        11847    i.xPortSysTickHandler  port.o
    0x08018e8c   0x08018e8c   0x00000070   Code   RO        10543    i.xQueueGenericCreateStatic  queue.o
    0x08018efc   0x08018efc   0x00000090   Code   RO        10544    i.xQueueGenericReset  queue.o
    0x08018f8c   0x08018f8c   0x00000170   Code   RO        10545    i.xQueueGenericSend  queue.o
    0x080190fc   0x080190fc   0x000000be   Code   RO        10546    i.xQueueGenericSendFromISR  queue.o
    0x080191ba   0x080191ba   0x00000002   PAD
    0x080191bc   0x080191bc   0x00000148   Code   RO        10554    i.xQueueReceive     queue.o
    0x08019304   0x08019304   0x00000098   Code   RO        10912    i.xTaskCheckForTimeOut  tasks.o
    0x0801939c   0x0801939c   0x0000006c   Code   RO        10913    i.xTaskCreate       tasks.o
    0x08019408   0x08019408   0x00000060   Code   RO        10914    i.xTaskCreateStatic  tasks.o
    0x08019468   0x08019468   0x0000008c   Code   RO        10918    i.xTaskGetHandle    tasks.o
    0x080194f4   0x080194f4   0x0000001c   Code   RO        10919    i.xTaskGetSchedulerState  tasks.o
    0x08019510   0x08019510   0x0000000c   Code   RO        10920    i.xTaskGetTickCount  tasks.o
    0x0801951c   0x0801951c   0x000000d4   Code   RO        10922    i.xTaskIncrementTick  tasks.o
    0x080195f0   0x080195f0   0x0000009c   Code   RO        10925    i.xTaskPriorityDisinherit  tasks.o
    0x0801968c   0x0801968c   0x00000078   Code   RO        10927    i.xTaskRemoveFromEventList  tasks.o
    0x08019704   0x08019704   0x000000cc   Code   RO        10928    i.xTaskResumeAll    tasks.o
    0x080197d0   0x080197d0   0x00000068   Code   RO        11252    i.xTimerCreateTimerTask  timers.o
    0x08019838   0x08019838   0x00000074   Code   RO        11253    i.xTimerGenericCommand  timers.o
    0x080198ac   0x080198ac   0x000000a8   Code   RO         2711    i.yaw_to_quaternion  chassis_task.o
    0x08019954   0x08019954   0x0000002c   Code   RO        13301    locale$$code        c_w.l(lc_numeric_c.o)
    0x08019980   0x08019980   0x0000002c   Code   RO        13366    locale$$code        c_w.l(lc_ctype_c.o)
    0x080199ac   0x080199ac   0x00000018   Code   RO        13062    x$fpl$basic         g_wm.l(basic.o)
    0x080199c4   0x080199c4   0x000002c4   Code   RO        12727    x$fpl$d2f           g_wm.l(d2f_clz.o)
    0x08019c88   0x08019c88   0x0000024c   Code   RO        12729    x$fpl$dadd          g_wm.l(daddsub_clz.o)
    0x08019ed4   0x08019ed4   0x00000018   Code   RO        13064    x$fpl$dcmpinf       g_wm.l(dcmpi.o)
    0x08019eec   0x08019eec   0x0000037c   Code   RO        12736    x$fpl$ddiv          g_wm.l(ddiv_clz.o)
    0x0801a268   0x0801a268   0x000000c8   Code   RO        12741    x$fpl$dfix          g_wm.l(dfix.o)
    0x0801a330   0x0801a330   0x0000002e   Code   RO        12750    x$fpl$dflt          g_wm.l(dflt_clz.o)
    0x0801a35e   0x0801a35e   0x0000001a   Code   RO        12751    x$fpl$dfltn         g_wm.l(dflt_clz.o)
    0x0801a378   0x0801a378   0x00000026   Code   RO        12749    x$fpl$dfltu         g_wm.l(dflt_clz.o)
    0x0801a39e   0x0801a39e   0x00000002   PAD
    0x0801a3a0   0x0801a3a0   0x00000078   Code   RO        12755    x$fpl$dleqf         g_wm.l(dleqf.o)
    0x0801a418   0x0801a418   0x000001c0   Code   RO        12757    x$fpl$dmul          g_wm.l(dmul_clz.o)
    0x0801a5d8   0x0801a5d8   0x00000102   Code   RO        13066    x$fpl$dnaninf       g_wm.l(dnaninf.o)
    0x0801a6da   0x0801a6da   0x00000070   Code   RO        13068    x$fpl$drenorm       g_wm.l(drenorm_clz.o)
    0x0801a74a   0x0801a74a   0x0000000c   Code   RO        13070    x$fpl$dretinf       g_wm.l(dretinf.o)
    0x0801a756   0x0801a756   0x00000062   Code   RO        12759    x$fpl$drleqf        g_wm.l(drleqf.o)
    0x0801a7b8   0x0801a7b8   0x00000050   Code   RO        12730    x$fpl$drsb          g_wm.l(daddsub_clz.o)
    0x0801a808   0x0801a808   0x0000029c   Code   RO        12731    x$fpl$dsub          g_wm.l(daddsub_clz.o)
    0x0801aaa4   0x0801aaa4   0x0000017a   Code   RO        13072    x$fpl$dunder        g_wm.l(dunder_clz.o)
    0x0801ac1e   0x0801ac1e   0x00000002   PAD
    0x0801ac20   0x0801ac20   0x000001ec   Code   RO        13074    x$fpl$exception     g_wm.l(except.o)
    0x0801ae0c   0x0801ae0c   0x0000007a   Code   RO        12761    x$fpl$f2d           g_wm.l(f2d.o)
    0x0801ae86   0x0801ae86   0x000000f2   Code   RO        13076    x$fpl$fnaninf       g_wm.l(fnaninf.o)
    0x0801af78   0x0801af78   0x0000000a   Code   RO        13233    x$fpl$fpinit        g_wm.l(fpinit.o)
    0x0801af82   0x0801af82   0x0000000a   Code   RO        13078    x$fpl$fretinf       g_wm.l(fretinf.o)
    0x0801af8c   0x0801af8c   0x0000013c   Code   RO        13080    x$fpl$funder        g_wm.l(funder_clz.o)
    0x0801b0c8   0x0801b0c8   0x00000020   Code   RO        13082    x$fpl$ieeestatus    g_wm.l(istatus.o)
    0x0801b0e8   0x0801b0e8   0x00000004   Code   RO        13084    x$fpl$printf1       g_wm.l(printf1.o)
    0x0801b0ec   0x0801b0ec   0x00000004   Code   RO        13086    x$fpl$printf2       g_wm.l(printf2.o)
    0x0801b0f0   0x0801b0f0   0x000000b2   Code   RO        13235    x$fpl$retnan        g_wm.l(retnan.o)
    0x0801b1a2   0x0801b1a2   0x0000007e   Code   RO        13092    x$fpl$trapveneer    g_wm.l(trapv.o)
    0x0801b220   0x0801b220   0x00000000   Code   RO        13094    x$fpl$usenofp       g_wm.l(usenofp.o)
    0x0801b220   0x0801b220   0x00000150   Data   RO          377    .constdata          freertos.o
    0x0801b370   0x0801b370   0x00000018   Data   RO         1506    .constdata          system_stm32f4xx.o
    0x0801b388   0x0801b388   0x0000000f   Data   RO         2301    .constdata          calibrate_task.o
    0x0801b397   0x0801b397   0x00000001   PAD
    0x0801b398   0x0801b398   0x00000084   Data   RO         2908    .constdata          detect_task.o
    0x0801b41c   0x0801b41c   0x00000018   Data   RO         3181    .constdata          ins_task.o
    0x0801b434   0x0801b434   0x00001164   Data   RO         3308    .constdata          oled_task.o
    0x0801c598   0x0801c598   0x0000115c   Data   RO         3857    .constdata          oled.o
    0x0801d6f4   0x0801d6f4   0x00000012   Data   RO         3986    .constdata          bmi088driver.o
    0x0801d706   0x0801d706   0x0000000c   Data   RO         4201    .constdata          ist8310driver.o
    0x0801d712   0x0801d712   0x00000008   Data   RO         6504    .constdata          stm32f4xx_hal_dma.o
    0x0801d71a   0x0801d71a   0x00000002   PAD
    0x0801d71c   0x0801d71c   0x0000000c   Data   RO        12354    .constdata          AHRS.lib(ahrs.o)
    0x0801d728   0x0801d728   0x00000804   Data   RO        12588    .constdata          arm_cortexM4lf_math.lib(arm_common_tables.o)
    0x0801df2c   0x0801df2c   0x00000011   Data   RO        12705    .constdata          c_w.l(__printf_flags_ss_wp.o)
    0x0801df3d   0x0801df3d   0x00000003   PAD
    0x0801df40   0x0801df40   0x00000140   Data   RO        12846    .constdata          m_wm.l(powf.o)
    0x0801e080   0x0801e080   0x00000008   Data   RO        12956    .constdata          c_w.l(_printf_wctomb.o)
    0x0801e088   0x0801e088   0x00000028   Data   RO        12985    .constdata          c_w.l(_printf_hex_int_ll_ptr.o)
    0x0801e0b0   0x0801e0b0   0x00000030   Data   RO        13096    .constdata          m_wm.l(cos_i.o)
    0x0801e0e0   0x0801e0e0   0x000000c8   Data   RO        13132    .constdata          m_wm.l(rred.o)
    0x0801e1a8   0x0801e1a8   0x00000028   Data   RO        13139    .constdata          m_wm.l(sin_i.o)
    0x0801e1d0   0x0801e1d0   0x00000026   Data   RO        13198    .constdata          c_w.l(_printf_fp_hex.o)
    0x0801e1f6   0x0801e1f6   0x00000002   PAD
    0x0801e1f8   0x0801e1f8   0x00000094   Data   RO        13263    .constdata          c_w.l(bigflt0.o)
    0x0801e28c   0x0801e28c   0x00000069   Data   RO          378    .conststring        freertos.o
    0x0801e2f5   0x0801e2f5   0x00000003   PAD
    0x0801e2f8   0x0801e2f8   0x00000020   Data   RO        13416    Region$$Table       anon$$obj.o
    0x0801e318   0x0801e318   0x0000001c   Data   RO        13300    locale$$data        c_w.l(lc_numeric_c.o)
    0x0801e334   0x0801e334   0x00000110   Data   RO        13365    locale$$data        c_w.l(lc_ctype_c.o)


    Execution Region RW_IRAM1 (Exec base: 0x20000000, Load base: 0x0801e444, Size: 0x0000ed90, Max: 0x00020000, ABSOLUTE, COMPRESSED[0x000001d0])

    Exec Addr    Load Addr    Size         Type   Attr      Idx    E Section Name        Object

    0x20000000   COMPRESSED   0x00000030   Data   RW          379    .data               freertos.o
    0x20000030   COMPRESSED   0x00000004   Data   RW          484    .data               can.o
    0x20000034   COMPRESSED   0x00000008   Data   RW          531    .data               crc.o
    0x2000003c   COMPRESSED   0x0000004e   Data   RW         1171    .data               usbd_desc.o
    0x2000008a   COMPRESSED   0x00000002   PAD
    0x2000008c   COMPRESSED   0x00000014   Data   RW         1258    .data               usbd_cdc_if.o
    0x200000a0   COMPRESSED   0x00000004   Data   RW         1507    .data               system_stm32f4xx.o
    0x200000a4   COMPRESSED   0x00000004   Data   RW         1547    .data               bsp_adc.o
    0x200000a8   COMPRESSED   0x00000008   Data   RW         1801    .data               bsp_delay.o
    0x200000b0   COMPRESSED   0x00000010   Data   RW         1845    .data               bsp_flash.o
    0x200000c0   COMPRESSED   0x00000008   Data   RW         2069    .data               bsp_led.o
    0x200000c8   COMPRESSED   0x00000054   Data   RW         2302    .data               calibrate_task.o
    0x2000011c   COMPRESSED   0x000001f8   Data   RW         2713    .data               chassis_task.o
    0x20000314   COMPRESSED   0x00000015   Data   RW         2909    .data               detect_task.o
    0x20000329   COMPRESSED   0x00000003   PAD
    0x2000032c   COMPRESSED   0x000000a0   Data   RW         3182    .data               ins_task.o
    0x200003cc   COMPRESSED   0x00000017   Data   RW         3309    .data               oled_task.o
    0x200003e3   COMPRESSED   0x00000026   Data   RW         3354    .data               referee.o
    0x20000409   COMPRESSED   0x00000001   PAD
    0x2000040a   COMPRESSED   0x00000002   Data   RW         3417    .data               referee_usart_task.o
    0x2000040c   COMPRESSED   0x00000005   Data   RW         3472    .data               remote_control.o
    0x20000411   COMPRESSED   0x00000003   PAD
    0x20000414   COMPRESSED   0x00000086   Data   RW         3610    .data               test_task.o
    0x2000049a   COMPRESSED   0x00000002   PAD
    0x2000049c   COMPRESSED   0x00000008   Data   RW         3680    .data               usb_task.o
    0x200004a4   COMPRESSED   0x00000008   Data   RW         3734    .data               voltage_task.o
    0x200004ac   COMPRESSED   0x0000001c   Data   RW         3770    .data               led_flow_task.o
    0x200004c8   COMPRESSED   0x00000010   Data   RW         3805    .data               servo_task.o
    0x200004d8   COMPRESSED   0x00000008   Data   RW         3858    .data               oled.o
    0x200004e0   COMPRESSED   0x0000002c   Data   RW         3987    .data               bmi088driver.o
    0x2000050c   COMPRESSED   0x00000118   Data   RW         5120    .data               control.o
    0x20000624   COMPRESSED   0x0000000c   Data   RW         6926    .data               stm32f4xx_hal.o
    0x20000630   COMPRESSED   0x0000003c   Data   RW        10931    .data               tasks.o
    0x2000066c   COMPRESSED   0x00000014   Data   RW        11261    .data               timers.o
    0x20000680   COMPRESSED   0x00000020   Data   RW        11792    .data               heap_4.o
    0x200006a0   COMPRESSED   0x0000000c   Data   RW        11848    .data               port.o
    0x200006ac   COMPRESSED   0x00000001   Data   RW        12094    .data               usbd_ctlreq.o
    0x200006ad   COMPRESSED   0x00000003   PAD
    0x200006b0   COMPRESSED   0x00000053   Data   RW        12253    .data               usbd_cdc.o
    0x20000703   COMPRESSED   0x00000001   PAD
    0x20000704   COMPRESSED   0x00000038   Data   RW        12254    .data               usbd_cdc.o
    0x2000073c   COMPRESSED   0x00000010   Data   RW        12355    .data               AHRS.lib(ahrs.o)
    0x2000074c        -       0x000006a8   Zero   RW          376    .bss                freertos.o
    0x20000df4        -       0x00000090   Zero   RW          435    .bss                adc.o
    0x20000e84        -       0x00000050   Zero   RW          483    .bss                can.o
    0x20000ed4        -       0x000001bc   Zero   RW          599    .bss                i2c.o
    0x20001090        -       0x00000010   Zero   RW          651    .bss                rng.o
    0x200010a0        -       0x00000020   Zero   RW          693    .bss                rtc.o
    0x200010c0        -       0x00000118   Zero   RW          735    .bss                spi.o
    0x200011d8        -       0x000001b0   Zero   RW          783    .bss                tim.o
    0x20001388        -       0x000002ac   Zero   RW          857    .bss                usart.o
    0x20001634        -       0x000002dc   Zero   RW          907    .bss                usb_device.o
    0x20001910        -       0x0000072c   Zero   RW          985    .bss                usbd_conf.o
    0x2000203c        -       0x00000200   Zero   RW         1170    .bss                usbd_desc.o
    0x2000223c        -       0x00001000   Zero   RW         1257    .bss                usbd_cdc_if.o
    0x2000323c        -       0x00000010   Zero   RW         1546    .bss                bsp_adc.o
    0x2000324c        -       0x00000115   Zero   RW         2300    .bss                calibrate_task.o
    0x20003361   COMPRESSED   0x00000003   PAD
    0x20003364        -       0x000003ac   Zero   RW         2712    .bss                chassis_task.o
    0x20003710        -       0x0000021c   Zero   RW         2907    .bss                detect_task.o
    0x2000392c        -       0x000001e8   Zero   RW         3051    .bss                gimbal_task.o
    0x20003b14        -       0x00000134   Zero   RW         3180    .bss                ins_task.o
    0x20003c48        -       0x00000055   Zero   RW         3353    .bss                referee.o
    0x20003c9d   COMPRESSED   0x00000003   PAD
    0x20003ca0        -       0x000008e1   Zero   RW         3416    .bss                referee_usart_task.o
    0x20004581        -       0x00000093   Zero   RW         3471    .bss                remote_control.o
    0x20004614        -       0x00000028   Zero   RW         3609    .bss                test_task.o
    0x2000463c        -       0x00000417   Zero   RW         3856    .bss                oled.o
    0x20004a53   COMPRESSED   0x00000001   PAD
    0x20004a54        -       0x00000078   Zero   RW         5118    .bss                control.o
    0x20004acc        -       0x00000020   Zero   RW         6158    .bss                stm32f4xx_hal_flash.o
    0x20004aec        -       0x00000040   Zero   RW        10557    .bss                queue.o
    0x20004b2c        -       0x000000f0   Zero   RW        10930    .bss                tasks.o
    0x20004c1c        -       0x00000110   Zero   RW        11260    .bss                timers.o
    0x20004d2c        -       0x00006000   Zero   RW        11791    .bss                heap_4.o
    0x2000ad2c        -       0x00000060   Zero   RW        13159    .bss                c_w.l(libspace.o)
    0x2000ad8c   COMPRESSED   0x00000004   PAD
    0x2000ad90        -       0x00002000   Zero   RW            2    HEAP                startup_stm32f407xx.o
    0x2000cd90        -       0x00002000   Zero   RW            1    STACK               startup_stm32f407xx.o


==============================================================================

Image component sizes


      Code (inc. data)   RO Data    RW Data    ZI Data      Debug   Object Name

       396         42          0          0        144       2178   adc.o
       168          4          0          0          0       5160   ahrs_middleware.o
      2338         40         18         44          0      10187   bmi088driver.o
       140         28          0          0          0       4564   bmi088middleware.o
         0          0          0          0          0       2420   bmp280.o
       288         44          0          4         16     622804   bsp_adc.o
        36         12          0          0          0        929   bsp_buzzer.o
        92          8          0          0          0        558   bsp_can.o
       128         20          0          8          0       1240   bsp_delay.o
       694        108          0         16          0       3881   bsp_flash.o
      1260        100          0          0          0       5577   bsp_i2c.o
        12          4          0          0          0        470   bsp_imu_pwm.o
       104         22          0          8          0        560   bsp_led.o
       260         28          0          0          0       1851   bsp_rc.o
        76         16          0          0          0        568   bsp_servo_pwm.o
     10428        170          0          0          0       5598   bsp_spi.o
       428         38          0          0          0       1628   bsp_usart.o
      1188         72         15         84        277      12454   calibrate_task.o
       432         40          0          4         80       2218   can.o
         0          0          0          0          0     598180   can_receive.o
         0          0          0          0          0       7212   chassis_behaviour.o
     10492       1268          0        504        940      29838   chassis_task.o
       130          0          0          0          0      22643   cmsis_os.o
       412        108          0        280        120      21488   control.o
        84         18          0          8          0       1347   crc.o
      1764         68        132         21        540       5257   detect_task.o
       216          6          0          0          0        790   dma.o
         0          0          0          0          0      17116   event_groups.o
       172          0          0          0          0       8134   fifo.o
       396         74        441         48       1704       3801   freertos.o
       778         24          0          0        488       5499   gimbal_task.o
       608         26          0          0          0       1259   gpio.o
       504         32          0         32      24576       4851   heap_4.o
       888         84          0          0        444       3057   i2c.o
      4548        362         24        160        308      19008   ins_task.o
       148          6         12          0          0       1827   ist8310driver.o
       136         22          0          0          0       3783   ist8310driver_middleware.o
       432         10          0         28          0       1569   led_flow_task.o
       144          0          0          0          0       3414   list.o
       310         10          0          0          0     801436   main.o
      1092         56       4444          8       1047      10399   oled.o
       532         42       4452         23          0       2846   oled_task.o
       592          8          0          0          0       2758   pid.o
       814         92          0         12          0      11665   port.o
      1586         24          0          0         64      17188   queue.o
       184         72          0         38         85       6134   referee.o
       332         28          0          2       2273       4927   referee_usart_task.o
       626         36          0          5        147       3590   remote_control.o
        84         18          0          0         16       1347   rng.o
       116         22          0          0         32       1387   rtc.o
       116         14          0         16          0       2294   servo_task.o
       416         38          0          0        280       1783   spi.o
        64         26        392          0      16384        816   startup_stm32f407xx.o
       188         30          0         12          0       9181   stm32f4xx_hal.o
      1262         42          0          0          0       5122   stm32f4xx_hal_adc.o
       792          6          0          0          0       3813   stm32f4xx_hal_can.o
       208         16          0          0          0      33519   stm32f4xx_hal_cortex.o
        36          0          0          0          0        999   stm32f4xx_hal_crc.o
      1278         18          8          0          0       7809   stm32f4xx_hal_dma.o
       568         74          0          0         32       5802   stm32f4xx_hal_flash.o
       380         24          0          0          0       3218   stm32f4xx_hal_flash_ex.o
       594         24          0          0          0       2875   stm32f4xx_hal_gpio.o
      7090         96          0          0          0      38786   stm32f4xx_hal_i2c.o
        84          6          0          0          0        778   stm32f4xx_hal_msp.o
      2836         12          0          0          0      14036   stm32f4xx_hal_pcd.o
        84          0          0          0          0       2445   stm32f4xx_hal_pcd_ex.o
      1722        104          0          0          0       6328   stm32f4xx_hal_rcc.o
       380         34          0          0          0       1468   stm32f4xx_hal_rcc_ex.o
        52          0          0          0          0       1031   stm32f4xx_hal_rng.o
       324          0          0          0          0       3227   stm32f4xx_hal_rtc.o
      1010         14          0          0          0       4697   stm32f4xx_hal_spi.o
      1770         56          0          0          0      13091   stm32f4xx_hal_tim.o
       256          0          0          0          0       2204   stm32f4xx_hal_tim_ex.o
      1890         22          0          0          0      13180   stm32f4xx_hal_uart.o
       304         84          0          0          0      11355   stm32f4xx_it.o
      3186        100          0          0          0      23907   stm32f4xx_ll_usb.o
       100         18         24          4          0       1071   system_stm32f4xx.o
      2902        244          0         60        240      33233   tasks.o
       786        138          0        134         40       8727   test_task.o
      2124        162          0          0        432       6491   tim.o
      1088         94          0         20        272      30331   timers.o
      1008         92          0          0        684       3359   usart.o
        76         16          0          0        732       2471   usb_device.o
        28          4          0          8          0       2254   usb_task.o
      1362         36          0        139          0      13391   usbd_cdc.o
       148         16          0         20       4096       3206   usbd_cdc_if.o
      1004         24          0          0       1836      16032   usbd_conf.o
      1042          0          0          0          0      15737   usbd_core.o
      1908         28          0          1          0      17540   usbd_ctlreq.o
       386        122          0         78        512       6305   usbd_desc.o
       132          0          0          0          0       4324   usbd_ioreq.o
       336         72          0          8          0       1941   voltage_task.o

    ----------------------------------------------------------------------
     88000       5218      10000       1852      58848    2688772   Object Totals
         0          0         32          0          0          0   (incl. Generated)
        92          0          6         15          7          0   (incl. Padding)

    ----------------------------------------------------------------------

      Code (inc. data)   RO Data    RW Data    ZI Data      Debug   Library Member Name

      2718         84         12         16          0       9922   ahrs.o
         0          0       2052          0          0       4636   arm_common_tables.o
       120         12          0          0          0      16970   arm_cos_f32.o
       116         12          0          0          0        658   arm_sin_f32.o
        90          0          0          0          0          0   __dczerorl2.o
         8          0          0          0          0         68   __main.o
       392          4         17          0          0         92   __printf_flags_ss_wp.o
        14          0          0          0          0         68   __printf_wp.o
         0          0          0          0          0          0   __rtentry.o
        12          0          0          0          0          0   __rtentry2.o
         6          0          0          0          0          0   __rtentry4.o
        52          8          0          0          0          0   __scatter.o
        28          0          0          0          0          0   __scatter_zi.o
        48          4          0          0          0         84   _fptrap.o
         6          0          0          0          0          0   _printf_a.o
         6          0          0          0          0          0   _printf_c.o
        44          0          0          0          0        108   _printf_char.o
        48          6          0          0          0         96   _printf_char_common.o
        40          0          0          0          0         68   _printf_charcount.o
         6          0          0          0          0          0   _printf_d.o
       120         16          0          0          0         92   _printf_dec.o
         6          0          0          0          0          0   _printf_e.o
         6          0          0          0          0          0   _printf_f.o
      1054          0          0          0          0        216   _printf_fp_dec.o
       764          8         38          0          0        100   _printf_fp_hex.o
       128         16          0          0          0         84   _printf_fp_infnan.o
         6          0          0          0          0          0   _printf_g.o
       148          4         40          0          0        160   _printf_hex_int_ll_ptr.o
         6          0          0          0          0          0   _printf_i.o
       178          0          0          0          0         88   _printf_intcommon.o
        10          0          0          0          0          0   _printf_l.o
         6          0          0          0          0          0   _printf_lc.o
        10          0          0          0          0          0   _printf_ll.o
         6          0          0          0          0          0   _printf_lld.o
         6          0          0          0          0          0   _printf_lli.o
         6          0          0          0          0          0   _printf_llo.o
         6          0          0          0          0          0   _printf_llu.o
         6          0          0          0          0          0   _printf_llx.o
       124         16          0          0          0         92   _printf_longlong_dec.o
         6          0          0          0          0          0   _printf_ls.o
         6          0          0          0          0          0   _printf_n.o
         6          0          0          0          0          0   _printf_o.o
       112         10          0          0          0        124   _printf_oct_int_ll.o
         6          0          0          0          0          0   _printf_p.o
        78          0          0          0          0        108   _printf_pad.o
         0          0          0          0          0          0   _printf_percent.o
         4          0          0          0          0          0   _printf_percent_end.o
         6          0          0          0          0          0   _printf_s.o
        82          0          0          0          0         80   _printf_str.o
        36          0          0          0          0         84   _printf_truncate.o
         6          0          0          0          0          0   _printf_u.o
        44          0          0          0          0        108   _printf_wchar.o
       188          6          8          0          0         92   _printf_wctomb.o
         6          0          0          0          0          0   _printf_x.o
        22          0          0          0          0        100   _rserrno.o
        10          0          0          0          0         68   _sputc.o
        64          0          0          0          0         92   _wcrtomb.o
        16          0          0          0          0         68   aeabi_memset.o
       228          4        148          0          0         96   bigflt0.o
      1936        128          0          0          0        672   btod.o
        10          0          0          0          0         68   defsig_exit.o
       172        110          0          0          0         76   defsig_fpe_inner.o
        14          0          0          0          0         80   defsig_fpe_outer.o
        50          0          0          0          0         88   defsig_general.o
        18          0          0          0          0         80   exit.o
         6          0          0          0          0        152   heapauxi.o
         0          0          0          0          0          0   indicate_semi.o
        44         10        272          0          0         76   lc_ctype_c.o
        44         10         28          0          0         76   lc_numeric_c.o
         2          0          0          0          0          0   libinit.o
        34          0          0          0          0          0   libinit2.o
         2          0          0          0          0          0   libshutdown.o
         2          0          0          0          0          0   libshutdown2.o
         8          4          0          0         96         68   libspace.o
       138          0          0          0          0         80   lludiv10.o
       238          0          0          0          0        100   lludivv7m.o
        16          4          0          0          0         76   rt_ctype_table.o
         8          4          0          0          0         68   rt_errno_addr_intlibspace.o
         8          4          0          0          0         68   rt_locale_intlibspace.o
        68          0          0          0          0         68   rt_memclr.o
        78          0          0          0          0         80   rt_memclr_w.o
       138          0          0          0          0         68   rt_memcpy_v6.o
       100          0          0          0          0         80   rt_memcpy_w.o
         2          0          0          0          0          0   rtexit.o
        10          0          0          0          0          0   rtexit2.o
       128          0          0          0          0         68   strcmpv7m.o
        62          0          0          0          0         76   strlen.o
        12          4          0          0          0         68   sys_exit.o
        74          0          0          0          0         80   sys_stackheap_outer.o
        14          0          0          0          0         76   sys_wrch.o
         2          0          0          0          0         68   use_no_semi.o
        36          4          0          0          0         76   vsprintf.o
        24          0          0          0          0        164   basic.o
       708         16          0          0          0        140   d2f_clz.o
      1336         32          0          0          0        532   daddsub_clz.o
        24          0          0          0          0        116   dcmpi.o
       892        152          0          0          0        292   ddiv_clz.o
       200         16          0          0          0        184   dfix.o
       110          0          0          0          0        348   dflt_clz.o
       120          8          0          0          0        140   dleqf.o
       448         16          0          0          0        164   dmul_clz.o
       258          4          0          0          0        156   dnaninf.o
       112          0          0          0          0        160   drenorm_clz.o
        12          0          0          0          0        116   dretinf.o
        98          0          0          0          0        128   drleqf.o
       378          0          0          0          0        168   dunder_clz.o
       492         36          0          0          0        148   except.o
       122          8          0          0          0        132   f2d.o
       242          4          0          0          0        144   fnaninf.o
        10          0          0          0          0        116   fpinit.o
        10          0          0          0          0        116   fretinf.o
       316          0          0          0          0        132   funder_clz.o
        32          4          0          0          0        116   istatus.o
         4          0          0          0          0        116   printf1.o
         4          0          0          0          0        116   printf2.o
       178          0          0          0          0        116   retnan.o
       126          0          0          0          0        148   trapv.o
         0          0          0          0          0          0   usenofp.o
       280         46          0          0          0        176   acosf.o
       300         42          0          0          0        176   asinf.o
       684         90          0          0          0        208   atan2f.o
       200         20          0          0          0        164   cos.o
       368         46         48          0          0        200   cos_i.o
        84         16          0          0          0        372   dunder.o
        24          0          0          0          0        124   fabs.o
        48          0          0          0          0        124   fpclassify.o
        38          0          0          0          0        116   fpclassifyf.o
        80         24          0          0          0        696   funder.o
       248          0          0          0          0        152   poly.o
      1636        110        320          0          0        372   powf.o
      1080        142        200          0          0        188   rred.o
       200         20          0          0          0        164   sin.o
       304         24         40          0          0        208   sin_i.o
       120          0          0          0          0        272   sqrtf_full.o

    ----------------------------------------------------------------------
     22744       1372       3228         16        100      45178   Library Totals
        44          4          5          0          4          0   (incl. Padding)

    ----------------------------------------------------------------------

      Code (inc. data)   RO Data    RW Data    ZI Data      Debug   Library Name

      2718         84         12         16          0       9922   AHRS.lib
       236         24       2052          0          0      22264   arm_cortexM4lf_math.lib
      7796        384        551          0         96       5072   c_w.l
      6256        296          0          0          0       4208   g_wm.l
      5694        580        608          0          0       3712   m_wm.l

    ----------------------------------------------------------------------
     22744       1372       3228         16        100      45178   Library Totals

    ----------------------------------------------------------------------

==============================================================================


      Code (inc. data)   RO Data    RW Data    ZI Data      Debug   

    110744       6590      13228       1868      58948    2666990   Grand Totals
    110744       6590      13228        464      58948    2666990   ELF Image Totals (compressed)
    110744       6590      13228        464          0          0   ROM Totals

==============================================================================

    Total RO  Size (Code + RO Data)               123972 ( 121.07kB)
    Total RW  Size (RW Data + ZI Data)             60816 (  59.39kB)
    Total ROM Size (Code + RO Data + RW Data)     124436 ( 121.52kB)

==============================================================================

